Archive member included to satisfy reference by file (symbol)

/opt/stm32cubeide/plugins/com.st.stm32cube.ide.mcu.externaltools.gnu-tools-for-stm32.11.3.rel1.linux64_1.1.100.202309141235/tools/bin/../lib/gcc/arm-none-eabi/11.3.1/../../../../arm-none-eabi/lib/thumb/v7e-m+fp/hard/libc_nano.a(libc_a-exit.o)
                              /opt/stm32cubeide/plugins/com.st.stm32cube.ide.mcu.externaltools.gnu-tools-for-stm32.11.3.rel1.linux64_1.1.100.202309141235/tools/bin/../lib/gcc/arm-none-eabi/11.3.1/../../../../arm-none-eabi/lib/thumb/v7e-m+fp/hard/crt0.o (exit)
/opt/stm32cubeide/plugins/com.st.stm32cube.ide.mcu.externaltools.gnu-tools-for-stm32.11.3.rel1.linux64_1.1.100.202309141235/tools/bin/../lib/gcc/arm-none-eabi/11.3.1/../../../../arm-none-eabi/lib/thumb/v7e-m+fp/hard/libc_nano.a(libc_a-nano-vfprintf_float.o)
                              (_printf_float)
/opt/stm32cubeide/plugins/com.st.stm32cube.ide.mcu.externaltools.gnu-tools-for-stm32.11.3.rel1.linux64_1.1.100.202309141235/tools/bin/../lib/gcc/arm-none-eabi/11.3.1/../../../../arm-none-eabi/lib/thumb/v7e-m+fp/hard/libc_nano.a(libc_a-nano-vfprintf_i.o)
                              /opt/stm32cubeide/plugins/com.st.stm32cube.ide.mcu.externaltools.gnu-tools-for-stm32.11.3.rel1.linux64_1.1.100.202309141235/tools/bin/../lib/gcc/arm-none-eabi/11.3.1/../../../../arm-none-eabi/lib/thumb/v7e-m+fp/hard/libc_nano.a(libc_a-nano-vfprintf_float.o) (_printf_common)
/opt/stm32cubeide/plugins/com.st.stm32cube.ide.mcu.externaltools.gnu-tools-for-stm32.11.3.rel1.linux64_1.1.100.202309141235/tools/bin/../lib/gcc/arm-none-eabi/11.3.1/../../../../arm-none-eabi/lib/thumb/v7e-m+fp/hard/libc_nano.a(libc_a-findfp.o)
                              /opt/stm32cubeide/plugins/com.st.stm32cube.ide.mcu.externaltools.gnu-tools-for-stm32.11.3.rel1.linux64_1.1.100.202309141235/tools/bin/../lib/gcc/arm-none-eabi/11.3.1/../../../../arm-none-eabi/lib/thumb/v7e-m+fp/hard/libc_nano.a(libc_a-exit.o) (__stdio_exit_handler)
/opt/stm32cubeide/plugins/com.st.stm32cube.ide.mcu.externaltools.gnu-tools-for-stm32.11.3.rel1.linux64_1.1.100.202309141235/tools/bin/../lib/gcc/arm-none-eabi/11.3.1/../../../../arm-none-eabi/lib/thumb/v7e-m+fp/hard/libc_nano.a(libc_a-fwalk.o)
                              /opt/stm32cubeide/plugins/com.st.stm32cube.ide.mcu.externaltools.gnu-tools-for-stm32.11.3.rel1.linux64_1.1.100.202309141235/tools/bin/../lib/gcc/arm-none-eabi/11.3.1/../../../../arm-none-eabi/lib/thumb/v7e-m+fp/hard/libc_nano.a(libc_a-findfp.o) (_fwalk_sglue)
/opt/stm32cubeide/plugins/com.st.stm32cube.ide.mcu.externaltools.gnu-tools-for-stm32.11.3.rel1.linux64_1.1.100.202309141235/tools/bin/../lib/gcc/arm-none-eabi/11.3.1/../../../../arm-none-eabi/lib/thumb/v7e-m+fp/hard/libc_nano.a(libc_a-sprintf.o)
                              ./Libs/Rsa/Src/bignum.o (sprintf)
/opt/stm32cubeide/plugins/com.st.stm32cube.ide.mcu.externaltools.gnu-tools-for-stm32.11.3.rel1.linux64_1.1.100.202309141235/tools/bin/../lib/gcc/arm-none-eabi/11.3.1/../../../../arm-none-eabi/lib/thumb/v7e-m+fp/hard/libc_nano.a(libc_a-sscanf.o)
                              ./Libs/Rsa/Src/bignum.o (sscanf)
/opt/stm32cubeide/plugins/com.st.stm32cube.ide.mcu.externaltools.gnu-tools-for-stm32.11.3.rel1.linux64_1.1.100.202309141235/tools/bin/../lib/gcc/arm-none-eabi/11.3.1/../../../../arm-none-eabi/lib/thumb/v7e-m+fp/hard/libc_nano.a(libc_a-stdio.o)
                              /opt/stm32cubeide/plugins/com.st.stm32cube.ide.mcu.externaltools.gnu-tools-for-stm32.11.3.rel1.linux64_1.1.100.202309141235/tools/bin/../lib/gcc/arm-none-eabi/11.3.1/../../../../arm-none-eabi/lib/thumb/v7e-m+fp/hard/libc_nano.a(libc_a-findfp.o) (__sread)
/opt/stm32cubeide/plugins/com.st.stm32cube.ide.mcu.externaltools.gnu-tools-for-stm32.11.3.rel1.linux64_1.1.100.202309141235/tools/bin/../lib/gcc/arm-none-eabi/11.3.1/../../../../arm-none-eabi/lib/thumb/v7e-m+fp/hard/libc_nano.a(libc_a-vsnprintf.o)
                              ./Core/Src/logging.o (vsnprintf)
/opt/stm32cubeide/plugins/com.st.stm32cube.ide.mcu.externaltools.gnu-tools-for-stm32.11.3.rel1.linux64_1.1.100.202309141235/tools/bin/../lib/gcc/arm-none-eabi/11.3.1/../../../../arm-none-eabi/lib/thumb/v7e-m+fp/hard/libc_nano.a(libc_a-memmove.o)
                              ./Libs/Rsa/Src/montgomery.o (memmove)
/opt/stm32cubeide/plugins/com.st.stm32cube.ide.mcu.externaltools.gnu-tools-for-stm32.11.3.rel1.linux64_1.1.100.202309141235/tools/bin/../lib/gcc/arm-none-eabi/11.3.1/../../../../arm-none-eabi/lib/thumb/v7e-m+fp/hard/libc_nano.a(libc_a-memset.o)
                              /opt/stm32cubeide/plugins/com.st.stm32cube.ide.mcu.externaltools.gnu-tools-for-stm32.11.3.rel1.linux64_1.1.100.202309141235/tools/bin/../lib/gcc/arm-none-eabi/11.3.1/../../../../arm-none-eabi/lib/thumb/v7e-m+fp/hard/crt0.o (memset)
[...]
Memory Configuration

Name             Origin             Length             Attributes
RAM              0x0000000020000000 0x0000000000020000 xrw
FLASH            0x0000000008000000 0x0000000000080000 xr
*default*        0x0000000000000000 0xffffffffffffffff

Linker script and memory map

LOAD /opt/stm32cubeide/plugins/com.st.stm32cube.ide.mcu.externaltools.gnu-tools-for-stm32.11.3.rel1.linux64_1.1.100.202309141235/tools/bin/../lib/gcc/arm-none-eabi/11.3.1/thumb/v7e-m+fp/hard/crti.o
LOAD /opt/stm32cubeide/plugins/com.st.stm32cube.ide.mcu.externaltools.gnu-tools-for-stm32.11.3.rel1.linux64_1.1.100.202309141235/tools/bin/../lib/gcc/arm-none-eabi/11.3.1/thumb/v7e-m+fp/hard/crtbegin.o
LOAD /opt/stm32cubeide/plugins/com.st.stm32cube.ide.mcu.externaltools.gnu-tools-for-stm32.11.3.rel1.linux64_1.1.100.202309141235/tools/bin/../lib/gcc/arm-none-eabi/11.3.1/../../../../arm-none-eabi/lib/thumb/v7e-m+fp/hard/crt0.o
LOAD ./Core/Src/dma.o
LOAD ./Core/Src/gpio.o
LOAD ./Core/Src/logging.o
LOAD ./Core/Src/main.o
LOAD ./Core/Src/stm32f4xx_hal_msp.o
LOAD ./Core/Src/stm32f4xx_it.o
LOAD ./Core/Src/syscalls.o
LOAD ./Core/Src/sysmem.o
LOAD ./Core/Src/system_stm32f4xx.o
LOAD ./Core/Src/usart.o
LOAD ./Core/Startup/startup_stm32f411retx.o
LOAD ./Drivers/STM32F4xx_HAL_Driver/Src/stm32f4xx_hal.o
LOAD ./Drivers/STM32F4xx_HAL_Driver/Src/stm32f4xx_hal_cortex.o
LOAD ./Drivers/STM32F4xx_HAL_Driver/Src/stm32f4xx_hal_dma.o
LOAD ./Drivers/STM32F4xx_HAL_Driver/Src/stm32f4xx_hal_dma_ex.o
LOAD ./Drivers/STM32F4xx_HAL_Driver/Src/stm32f4xx_hal_exti.o
LOAD ./Drivers/STM32F4xx_HAL_Driver/Src/stm32f4xx_hal_flash.o
LOAD ./Drivers/STM32F4xx_HAL_Driver/Src/stm32f4xx_hal_flash_ex.o
LOAD ./Drivers/STM32F4xx_HAL_Driver/Src/stm32f4xx_hal_flash_ramfunc.o
LOAD ./Drivers/STM32F4xx_HAL_Driver/Src/stm32f4xx_hal_gpio.o
LOAD ./Drivers/STM32F4xx_HAL_Driver/Src/stm32f4xx_hal_pcd.o
LOAD ./Drivers/STM32F4xx_HAL_Driver/Src/stm32f4xx_hal_pcd_ex.o
LOAD ./Drivers/STM32F4xx_HAL_Driver/Src/stm32f4xx_hal_pwr.o
LOAD ./Drivers/STM32F4xx_HAL_Driver/Src/stm32f4xx_hal_pwr_ex.o
LOAD ./Drivers/STM32F4xx_HAL_Driver/Src/stm32f4xx_hal_rcc.o
LOAD ./Drivers/STM32F4xx_HAL_Driver/Src/stm32f4xx_hal_rcc_ex.o
LOAD ./Drivers/STM32F4xx_HAL_Driver/Src/stm32f4xx_hal_tim.o
LOAD ./Drivers/STM32F4xx_HAL_Driver/Src/stm32f4xx_hal_tim_ex.o
LOAD ./Drivers/STM32F4xx_HAL_Driver/Src/stm32f4xx_hal_uart.o
LOAD ./Drivers/STM32F4xx_HAL_Driver/Src/stm32f4xx_ll_usb.o
LOAD ./Libs/Rsa/Src/asn1.o
LOAD ./Libs/Rsa/Src/base64.o
LOAD ./Libs/Rsa/Src/bignum.o
LOAD ./Libs/Rsa/Src/montgomery.o
LOAD ./Libs/Rsa/Src/rsa.o
LOAD ./Middlewares/ST/STM32_USB_Device_Library/Class/CDC/Src/usbd_cdc.o
LOAD ./Middlewares/ST/STM32_USB_Device_Library/Core/Src/usbd_core.o
LOAD ./Middlewares/ST/STM32_USB_Device_Library/Core/Src/usbd_ctlreq.o
LOAD ./Middlewares/ST/STM32_USB_Device_Library/Core/Src/usbd_ioreq.o
LOAD ./USB_DEVICE/App/usb_device.o
LOAD ./USB_DEVICE/App/usbd_cdc_if.o
LOAD ./USB_DEVICE/App/usbd_desc.o
LOAD ./USB_DEVICE/Target/usbd_conf.o
START GROUP
LOAD /opt/stm32cubeide/plugins/com.st.stm32cube.ide.mcu.externaltools.gnu-tools-for-stm32.11.3.rel1.linux64_1.1.100.202309141235/tools/bin/../lib/gcc/arm-none-eabi/11.3.1/../../../../arm-none-eabi/lib/thumb/v7e-m+fp/hard/libc_nano.a
LOAD /opt/stm32cubeide/plugins/com.st.stm32cube.ide.mcu.externaltools.gnu-tools-for-stm32.11.3.rel1.linux64_1.1.100.202309141235/tools/bin/../lib/gcc/arm-none-eabi/11.3.1/../../../../arm-none-eabi/lib/thumb/v7e-m+fp/hard/libm.a
END GROUP
START GROUP
LOAD /opt/stm32cubeide/plugins/com.st.stm32cube.ide.mcu.externaltools.gnu-tools-for-stm32.11.3.rel1.linux64_1.1.100.202309141235/tools/bin/../lib/gcc/arm-none-eabi/11.3.1/thumb/v7e-m+fp/hard/libgcc.a
LOAD /opt/stm32cubeide/plugins/com.st.stm32cube.ide.mcu.externaltools.gnu-tools-for-stm32.11.3.rel1.linux64_1.1.100.202309141235/tools/bin/../lib/gcc/arm-none-eabi/11.3.1/../../../../arm-none-eabi/lib/thumb/v7e-m+fp/hard/libc_nano.a
END GROUP
START GROUP
LOAD /opt/stm32cubeide/plugins/com.st.stm32cube.ide.mcu.externaltools.gnu-tools-for-stm32.11.3.rel1.linux64_1.1.100.202309141235/tools/bin/../lib/gcc/arm-none-eabi/11.3.1/thumb/v7e-m+fp/hard/libgcc.a
LOAD /opt/stm32cubeide/plugins/com.st.stm32cube.ide.mcu.externaltools.gnu-tools-for-stm32.11.3.rel1.linux64_1.1.100.202309141235/tools/bin/../lib/gcc/arm-none-eabi/11.3.1/../../../../arm-none-eabi/lib/thumb/v7e-m+fp/hard/libc_nano.a
LOAD /opt/stm32cubeide/plugins/com.st.stm32cube.ide.mcu.externaltools.gnu-tools-for-stm32.11.3.rel1.linux64_1.1.100.202309141235/tools/bin/../lib/gcc/arm-none-eabi/11.3.1/../../../../arm-none-eabi/lib/thumb/v7e-m+fp/hard/libnosys.a
END GROUP
START GROUP
LOAD /opt/stm32cubeide/plugins/com.st.stm32cube.ide.mcu.externaltools.gnu-tools-for-stm32.11.3.rel1.linux64_1.1.100.202309141235/tools/bin/../lib/gcc/arm-none-eabi/11.3.1/thumb/v7e-m+fp/hard/libgcc.a
LOAD /opt/stm32cubeide/plugins/com.st.stm32cube.ide.mcu.externaltools.gnu-tools-for-stm32.11.3.rel1.linux64_1.1.100.202309141235/tools/bin/../lib/gcc/arm-none-eabi/11.3.1/../../../../arm-none-eabi/lib/thumb/v7e-m+fp/hard/libc_nano.a
LOAD /opt/stm32cubeide/plugins/com.st.stm32cube.ide.mcu.externaltools.gnu-tools-for-stm32.11.3.rel1.linux64_1.1.100.202309141235/tools/bin/../lib/gcc/arm-none-eabi/11.3.1/../../../../arm-none-eabi/lib/thumb/v7e-m+fp/hard/libnosys.a
END GROUP
LOAD /opt/stm32cubeide/plugins/com.st.stm32cube.ide.mcu.externaltools.gnu-tools-for-stm32.11.3.rel1.linux64_1.1.100.202309141235/tools/bin/../lib/gcc/arm-none-eabi/11.3.1/thumb/v7e-m+fp/hard/crtend.o
LOAD /opt/stm32cubeide/plugins/com.st.stm32cube.ide.mcu.externaltools.gnu-tools-for-stm32.11.3.rel1.linux64_1.1.100.202309141235/tools/bin/../lib/gcc/arm-none-eabi/11.3.1/thumb/v7e-m+fp/hard/crtn.o
                0x0000000020020000                _estack = (ORIGIN (RAM) + LENGTH (RAM))
                0x0000000000000200                _Min_Heap_Size = 0x200
                0x0000000000000400                _Min_Stack_Size = 0x400

.isr_vector     0x0000000008000000      0x198
                0x0000000008000000                . = ALIGN (0x4)
 *(.isr_vector)
 .isr_vector    0x0000000008000000      0x198 ./Core/Startup/startup_stm32f411retx.o
                0x0000000008000000                g_pfnVectors
                0x0000000008000198                . = ALIGN (0x4)

.text           0x00000000080001a0     0xa40c
                0x00000000080001a0                . = ALIGN (0x4)
 *(.text)
 .text          0x00000000080001a0       0x40 /opt/stm32cubeide/plugins/com.st.stm32cube.ide.mcu.externaltools.gnu-tools-for-stm32.11.3.rel1.linux64_1.1.100.202309141235/tools/bin/../lib/gcc/arm-none-eabi/11.3.1/thumb/v7e-m+fp/hard/crtbegin.o
 .text          0x00000000080001e0       0xa0 /opt/stm32cubeide/plugins/com.st.stm32cube.ide.mcu.externaltools.gnu-tools-for-stm32.11.3.rel1.linux64_1.1.100.202309141235/tools/bin/../lib/gcc/arm-none-eabi/11.3.1/../../../../arm-none-eabi/lib/thumb/v7e-m+fp/hard/libc_nano.a(libc_a-memchr.o)
                0x00000000080001e0                memchr
 .text          0x0000000008000280       0x10 /opt/stm32cubeide/plugins/com.st.stm32cube.ide.mcu.externaltools.gnu-tools-for-stm32.11.3.rel1.linux64_1.1.100.202309141235/tools/bin/../lib/gcc/arm-none-eabi/11.3.1/../../../../arm-none-eabi/lib/thumb/v7e-m+fp/hard/libc_nano.a(libc_a-strlen.o)
                0x0000000008000280                strlen
 .text          0x0000000008000290      0x378 /opt/stm32cubeide/plugins/com.st.stm32cube.ide.mcu.externaltools.gnu-tools-for-stm32.11.3.rel1.linux64_1.1.100.202309141235/tools/bin/../lib/gcc/arm-none-eabi/11.3.1/thumb/v7e-m+fp/hard/libgcc.a(_arm_addsubdf3.o)
                0x0000000008000290                __aeabi_drsub
                0x0000000008000298                __aeabi_dsub
                0x0000000008000298                __subdf3
                0x000000000800029c                __adddf3
                0x000000000800029c                __aeabi_dadd
                0x0000000008000514                __aeabi_ui2d
                0x0000000008000514                __floatunsidf
                0x0000000008000534                __floatsidf
                0x0000000008000534                __aeabi_i2d
                0x0000000008000558                __extendsfdf2
                0x0000000008000558                __aeabi_f2d
                0x000000000800059c                __aeabi_ul2d
                0x000000000800059c                __floatundidf
                0x00000000080005ac                __floatdidf
                0x00000000080005ac                __aeabi_l2d
 .text          0x0000000008000608      0x424 /opt/stm32cubeide/plugins/com.st.stm32cube.ide.mcu.externaltools.gnu-tools-for-stm32.11.3.rel1.linux64_1.1.100.202309141235/tools/bin/../lib/gcc/arm-none-eabi/11.3.1/thumb/v7e-m+fp/hard/libgcc.a(_arm_muldivdf3.o)
                0x0000000008000608                __aeabi_dmul
                0x0000000008000608                __muldf3
                0x000000000800085c                __aeabi_ddiv
                0x000000000800085c                __divdf3
 .text          0x0000000008000a2c      0x110 /opt/stm32cubeide/plugins/com.st.stm32cube.ide.mcu.externaltools.gnu-tools-for-stm32.11.3.rel1.linux64_1.1.100.202309141235/tools/bin/../lib/gcc/arm-none-eabi/11.3.1/thumb/v7e-m+fp/hard/libgcc.a(_arm_cmpdf2.o)
                0x0000000008000a2c                __gtdf2
                0x0000000008000a2c                __gedf2
                0x0000000008000a34                __ltdf2
                0x0000000008000a34                __ledf2
                0x0000000008000a3c                __cmpdf2
                0x0000000008000a3c                __eqdf2
                0x0000000008000a3c                __nedf2
                0x0000000008000ab8                __aeabi_cdrcmple
                0x0000000008000ac8                __aeabi_cdcmple
                0x0000000008000ac8                __aeabi_cdcmpeq
                0x0000000008000ad8                __aeabi_dcmpeq
                0x0000000008000aec                __aeabi_dcmplt
                0x0000000008000b00                __aeabi_dcmple
                0x0000000008000b14                __aeabi_dcmpge
                0x0000000008000b28                __aeabi_dcmpgt
 .text          0x0000000008000b3c       0x2c /opt/stm32cubeide/plugins/com.st.stm32cube.ide.mcu.externaltools.gnu-tools-for-stm32.11.3.rel1.linux64_1.1.100.202309141235/tools/bin/../lib/gcc/arm-none-eabi/11.3.1/thumb/v7e-m+fp/hard/libgcc.a(_arm_unorddf2.o)
                0x0000000008000b3c                __aeabi_dcmpun
                0x0000000008000b3c                __unorddf2
 .text          0x0000000008000b68       0x50 /opt/stm32cubeide/plugins/com.st.stm32cube.ide.mcu.externaltools.gnu-tools-for-stm32.11.3.rel1.linux64_1.1.100.202309141235/tools/bin/../lib/gcc/arm-none-eabi/11.3.1/thumb/v7e-m+fp/hard/libgcc.a(_arm_fixdfsi.o)
                0x0000000008000b68                __fixdfsi
                0x0000000008000b68                __aeabi_d2iz
 .text          0x0000000008000bb8       0x30 /opt/stm32cubeide/plugins/com.st.stm32cube.ide.mcu.externaltools.gnu-tools-for-stm32.11.3.rel1.linux64_1.1.100.202309141235/tools/bin/../lib/gcc/arm-none-eabi/11.3.1/thumb/v7e-m+fp/hard/libgcc.a(_aeabi_uldivmod.o)
                0x0000000008000bb8                __aeabi_uldivmod
 .text          0x0000000008000be8      0x2c8 /opt/stm32cubeide/plugins/com.st.stm32cube.ide.mcu.externaltools.gnu-tools-for-stm32.11.3.rel1.linux64_1.1.100.202309141235/tools/bin/../lib/gcc/arm-none-eabi/11.3.1/thumb/v7e-m+fp/hard/libgcc.a(_udivmoddi4.o)
                0x0000000008000be8                __udivmoddi4
 .text          0x0000000008000eb0        0x4 /opt/stm32cubeide/plugins/com.st.stm32cube.ide.mcu.externaltools.gnu-tools-for-stm32.11.3.rel1.linux64_1.1.100.202309141235/tools/bin/../lib/gcc/arm-none-eabi/11.3.1/thumb/v7e-m+fp/hard/libgcc.a(_dvmd_tls.o)
                0x0000000008000eb0                __aeabi_ldiv0
                0x0000000008000eb0                __aeabi_idiv0
 *(.text*)
 .text.MX_DMA_Init
                0x0000000008000eb4       0x44 ./Core/Src/dma.o
                0x0000000008000eb4                MX_DMA_Init
 .text.MX_GPIO_Init
                0x0000000008000ef8       0xc8 ./Core/Src/gpio.o
                0x0000000008000ef8                MX_GPIO_Init
 .text.usart_printf
                0x0000000008000fc0       0x34 ./Core/Src/logging.o
                0x0000000008000fc0                usart_printf
 .text.SystemClock_Config
                0x0000000008000ff4       0xa0 ./Core/Src/main.o
                0x0000000008000ff4                SystemClock_Config
 .text.startup.main
                0x0000000008001094      0x248 ./Core/Src/main.o
                0x0000000008001094                main
 .text.Error_Handler
                0x00000000080012dc        0x4 ./Core/Src/main.o
                0x00000000080012dc                Error_Handler
 .text.HAL_MspInit
                0x00000000080012e0       0x38 ./Core/Src/stm32f4xx_hal_msp.o
                0x00000000080012e0                HAL_MspInit
 .text.NMI_Handler
                0x0000000008001318        0x4 ./Core/Src/stm32f4xx_it.o
                0x0000000008001318                NMI_Handler
 .text.HardFault_Handler
                0x000000000800131c        0x4 ./Core/Src/stm32f4xx_it.o
                0x000000000800131c                HardFault_Handler
 .text.MemManage_Handler
                0x0000000008001320        0x4 ./Core/Src/stm32f4xx_it.o
                0x0000000008001320                MemManage_Handler
 .text.BusFault_Handler
                0x0000000008001324        0x4 ./Core/Src/stm32f4xx_it.o
                0x0000000008001324                BusFault_Handler
 .text.UsageFault_Handler
                0x0000000008001328        0x4 ./Core/Src/stm32f4xx_it.o
                0x0000000008001328                UsageFault_Handler
 .text.SVC_Handler
                0x000000000800132c        0x4 ./Core/Src/stm32f4xx_it.o
                0x000000000800132c                SVC_Handler
 .text.DebugMon_Handler
                0x0000000008001330        0x4 ./Core/Src/stm32f4xx_it.o
                0x0000000008001330                DebugMon_Handler
 .text.PendSV_Handler
                0x0000000008001334        0x4 ./Core/Src/stm32f4xx_it.o
                0x0000000008001334                PendSV_Handler
 .text.SysTick_Handler
                0x0000000008001338        0x4 ./Core/Src/stm32f4xx_it.o
                0x0000000008001338                SysTick_Handler
 .text.DMA1_Stream5_IRQHandler
                0x000000000800133c        0xc ./Core/Src/stm32f4xx_it.o
                0x000000000800133c                DMA1_Stream5_IRQHandler
 .text.DMA1_Stream6_IRQHandler
                0x0000000008001348        0xc ./Core/Src/stm32f4xx_it.o
                0x0000000008001348                DMA1_Stream6_IRQHandler
 .text.USART2_IRQHandler
                0x0000000008001354        0xc ./Core/Src/stm32f4xx_it.o
                0x0000000008001354                USART2_IRQHandler
 .text.OTG_FS_IRQHandler
                0x0000000008001360        0xc ./Core/Src/stm32f4xx_it.o
                0x0000000008001360                OTG_FS_IRQHandler
 .text._getpid  0x000000000800136c        0x4 ./Core/Src/syscalls.o
                0x000000000800136c                _getpid
 .text._kill    0x0000000008001370       0x10 ./Core/Src/syscalls.o
                0x0000000008001370                _kill
 .text._exit    0x0000000008001380        0xc ./Core/Src/syscalls.o
                0x0000000008001380                _exit
 .text._read    0x000000000800138c       0x1c ./Core/Src/syscalls.o
                0x000000000800138c                _read
 .text._write   0x00000000080013a8       0x1c ./Core/Src/syscalls.o
                0x00000000080013a8                _write
 .text._close   0x00000000080013c4        0x8 ./Core/Src/syscalls.o
                0x00000000080013c4                _close
 .text._fstat   0x00000000080013cc        0xc ./Core/Src/syscalls.o
                0x00000000080013cc                _fstat
 .text._isatty  0x00000000080013d8        0x4 ./Core/Src/syscalls.o
                0x00000000080013d8                _isatty
 .text._lseek   0x00000000080013dc        0x4 ./Core/Src/syscalls.o
                0x00000000080013dc                _lseek
 .text._sbrk    0x00000000080013e0       0x44 ./Core/Src/sysmem.o
                0x00000000080013e0                _sbrk
 .text.SystemInit
                0x0000000008001424       0x14 ./Core/Src/system_stm32f4xx.o
                0x0000000008001424                SystemInit
 .text.MX_USART2_UART_Init
                0x0000000008001438       0x38 ./Core/Src/usart.o
                0x0000000008001438                MX_USART2_UART_Init
 .text.HAL_UART_MspInit
                0x0000000008001470      0x100 ./Core/Src/usart.o
                0x0000000008001470                HAL_UART_MspInit
 .text.Reset_Handler
                0x0000000008001570       0x50 ./Core/Startup/startup_stm32f411retx.o
                0x0000000008001570                Reset_Handler
 .text.Default_Handler
                0x00000000080015c0        0x2 ./Core/Startup/startup_stm32f411retx.o
                0x00000000080015c0                RTC_Alarm_IRQHandler
                0x00000000080015c0                EXTI2_IRQHandler
                0x00000000080015c0                SPI4_IRQHandler
                0x00000000080015c0                TIM1_CC_IRQHandler
                0x00000000080015c0                DMA2_Stream5_IRQHandler
                0x00000000080015c0                PVD_IRQHandler
                0x00000000080015c0                SDIO_IRQHandler
                0x00000000080015c0                TAMP_STAMP_IRQHandler
                0x00000000080015c0                EXTI3_IRQHandler
                0x00000000080015c0                TIM1_UP_TIM10_IRQHandler
                0x00000000080015c0                I2C3_ER_IRQHandler
                0x00000000080015c0                EXTI0_IRQHandler
                0x00000000080015c0                I2C2_EV_IRQHandler
                0x00000000080015c0                DMA1_Stream2_IRQHandler
                0x00000000080015c0                FPU_IRQHandler
                0x00000000080015c0                DMA2_Stream2_IRQHandler
                0x00000000080015c0                SPI1_IRQHandler
                0x00000000080015c0                TIM1_BRK_TIM9_IRQHandler
                0x00000000080015c0                DMA2_Stream3_IRQHandler
                0x00000000080015c0                USART6_IRQHandler
                0x00000000080015c0                DMA2_Stream0_IRQHandler
                0x00000000080015c0                TIM4_IRQHandler
                0x00000000080015c0                I2C1_EV_IRQHandler
                0x00000000080015c0                DMA1_Stream1_IRQHandler
                0x00000000080015c0                TIM3_IRQHandler
                0x00000000080015c0                RCC_IRQHandler
                0x00000000080015c0                Default_Handler
                0x00000000080015c0                EXTI15_10_IRQHandler
                0x00000000080015c0                ADC_IRQHandler
                0x00000000080015c0                DMA1_Stream7_IRQHandler
                0x00000000080015c0                SPI5_IRQHandler
                0x00000000080015c0                TIM5_IRQHandler
                0x00000000080015c0                DMA2_Stream7_IRQHandler
                0x00000000080015c0                I2C3_EV_IRQHandler
                0x00000000080015c0                EXTI9_5_IRQHandler
                0x00000000080015c0                RTC_WKUP_IRQHandler
                0x00000000080015c0                SPI2_IRQHandler
                0x00000000080015c0                DMA1_Stream0_IRQHandler
                0x00000000080015c0                EXTI4_IRQHandler
                0x00000000080015c0                WWDG_IRQHandler
                0x00000000080015c0                TIM2_IRQHandler
                0x00000000080015c0                OTG_FS_WKUP_IRQHandler
                0x00000000080015c0                TIM1_TRG_COM_TIM11_IRQHandler
                0x00000000080015c0                EXTI1_IRQHandler
                0x00000000080015c0                I2C2_ER_IRQHandler
                0x00000000080015c0                DMA2_Stream1_IRQHandler
                0x00000000080015c0                FLASH_IRQHandler
                0x00000000080015c0                DMA2_Stream4_IRQHandler
                0x00000000080015c0                USART1_IRQHandler
                0x00000000080015c0                SPI3_IRQHandler
                0x00000000080015c0                DMA1_Stream4_IRQHandler
                0x00000000080015c0                I2C1_ER_IRQHandler
                0x00000000080015c0                DMA2_Stream6_IRQHandler
                0x00000000080015c0                DMA1_Stream3_IRQHandler
 *fill*         0x00000000080015c2        0x2 
 .text.HAL_InitTick
                0x00000000080015c4       0x48 ./Drivers/STM32F4xx_HAL_Driver/Src/stm32f4xx_hal.o
                0x00000000080015c4                HAL_InitTick
 .text.HAL_Init
                0x000000000800160c       0x34 ./Drivers/STM32F4xx_HAL_Driver/Src/stm32f4xx_hal.o
                0x000000000800160c                HAL_Init
 .text.HAL_IncTick
                0x0000000008001640       0x18 ./Drivers/STM32F4xx_HAL_Driver/Src/stm32f4xx_hal.o
                0x0000000008001640                HAL_IncTick
 .text.HAL_GetTick
                0x0000000008001658        0xc ./Drivers/STM32F4xx_HAL_Driver/Src/stm32f4xx_hal.o
                0x0000000008001658                HAL_GetTick
 .text.HAL_Delay
                0x0000000008001664       0x24 ./Drivers/STM32F4xx_HAL_Driver/Src/stm32f4xx_hal.o
                0x0000000008001664                HAL_Delay
 .text.HAL_NVIC_SetPriorityGrouping
                0x0000000008001688       0x24 ./Drivers/STM32F4xx_HAL_Driver/Src/stm32f4xx_hal_cortex.o
                0x0000000008001688                HAL_NVIC_SetPriorityGrouping
 .text.HAL_NVIC_SetPriority
                0x00000000080016ac       0x7c ./Drivers/STM32F4xx_HAL_Driver/Src/stm32f4xx_hal_cortex.o
                0x00000000080016ac                HAL_NVIC_SetPriority
 .text.HAL_NVIC_EnableIRQ
                0x0000000008001728       0x1c ./Drivers/STM32F4xx_HAL_Driver/Src/stm32f4xx_hal_cortex.o
                0x0000000008001728                HAL_NVIC_EnableIRQ
 .text.HAL_SYSTICK_Config
                0x0000000008001744       0x34 ./Drivers/STM32F4xx_HAL_Driver/Src/stm32f4xx_hal_cortex.o
                0x0000000008001744                HAL_SYSTICK_Config
 .text.HAL_DMA_Init
                0x0000000008001778      0x130 ./Drivers/STM32F4xx_HAL_Driver/Src/stm32f4xx_hal_dma.o
                0x0000000008001778                HAL_DMA_Init
 .text.HAL_DMA_Start_IT
                0x00000000080018a8       0x80 ./Drivers/STM32F4xx_HAL_Driver/Src/stm32f4xx_hal_dma.o
                0x00000000080018a8                HAL_DMA_Start_IT
 .text.HAL_DMA_Abort
                0x0000000008001928       0x94 ./Drivers/STM32F4xx_HAL_Driver/Src/stm32f4xx_hal_dma.o
                0x0000000008001928                HAL_DMA_Abort
 .text.HAL_DMA_Abort_IT
                0x00000000080019bc       0x24 ./Drivers/STM32F4xx_HAL_Driver/Src/stm32f4xx_hal_dma.o
                0x00000000080019bc                HAL_DMA_Abort_IT
 .text.HAL_DMA_IRQHandler
                0x00000000080019e0      0x1ac ./Drivers/STM32F4xx_HAL_Driver/Src/stm32f4xx_hal_dma.o
                0x00000000080019e0                HAL_DMA_IRQHandler
 .text.HAL_GPIO_Init
                0x0000000008001b8c      0x1e8 ./Drivers/STM32F4xx_HAL_Driver/Src/stm32f4xx_hal_gpio.o
                0x0000000008001b8c                HAL_GPIO_Init
 .text.HAL_GPIO_WritePin
                0x0000000008001d74        0x8 ./Drivers/STM32F4xx_HAL_Driver/Src/stm32f4xx_hal_gpio.o
                0x0000000008001d74                HAL_GPIO_WritePin
 .text.HAL_PCD_Init
                0x0000000008001d7c      0x11c ./Drivers/STM32F4xx_HAL_Driver/Src/stm32f4xx_hal_pcd.o
                0x0000000008001d7c                HAL_PCD_Init
 .text.HAL_PCD_Start
                0x0000000008001e98       0x40 ./Drivers/STM32F4xx_HAL_Driver/Src/stm32f4xx_hal_pcd.o
                0x0000000008001e98                HAL_PCD_Start
 .text.HAL_PCD_IRQHandler
                0x0000000008001ed8      0xb14 ./Drivers/STM32F4xx_HAL_Driver/Src/stm32f4xx_hal_pcd.o
                0x0000000008001ed8                HAL_PCD_IRQHandler
 .text.HAL_PCD_SetAddress
                0x00000000080029ec       0x28 ./Drivers/STM32F4xx_HAL_Driver/Src/stm32f4xx_hal_pcd.o
                0x00000000080029ec                HAL_PCD_SetAddress
 .text.HAL_PCD_EP_Open
                0x0000000008002a14       0x7c ./Drivers/STM32F4xx_HAL_Driver/Src/stm32f4xx_hal_pcd.o
                0x0000000008002a14                HAL_PCD_EP_Open
 .text.HAL_PCD_EP_Close
                0x0000000008002a90       0x5c ./Drivers/STM32F4xx_HAL_Driver/Src/stm32f4xx_hal_pcd.o
                0x0000000008002a90                HAL_PCD_EP_Close
 .text.HAL_PCD_EP_Receive
                0x0000000008002aec       0x50 ./Drivers/STM32F4xx_HAL_Driver/Src/stm32f4xx_hal_pcd.o
                0x0000000008002aec                HAL_PCD_EP_Receive
 .text.HAL_PCD_EP_GetRxCount
                0x0000000008002b3c       0x14 ./Drivers/STM32F4xx_HAL_Driver/Src/stm32f4xx_hal_pcd.o
                0x0000000008002b3c                HAL_PCD_EP_GetRxCount
 .text.HAL_PCD_EP_Transmit
                0x0000000008002b50       0x50 ./Drivers/STM32F4xx_HAL_Driver/Src/stm32f4xx_hal_pcd.o
                0x0000000008002b50                HAL_PCD_EP_Transmit
 .text.HAL_PCD_EP_SetStall
                0x0000000008002ba0       0x88 ./Drivers/STM32F4xx_HAL_Driver/Src/stm32f4xx_hal_pcd.o
                0x0000000008002ba0                HAL_PCD_EP_SetStall
 .text.HAL_PCD_EP_ClrStall
                0x0000000008002c28       0x70 ./Drivers/STM32F4xx_HAL_Driver/Src/stm32f4xx_hal_pcd.o
                0x0000000008002c28                HAL_PCD_EP_ClrStall
 .text.HAL_PCDEx_SetTxFiFo
                0x0000000008002c98       0x4c ./Drivers/STM32F4xx_HAL_Driver/Src/stm32f4xx_hal_pcd_ex.o
                0x0000000008002c98                HAL_PCDEx_SetTxFiFo
 .text.HAL_PCDEx_SetRxFiFo
                0x0000000008002ce4        0x8 ./Drivers/STM32F4xx_HAL_Driver/Src/stm32f4xx_hal_pcd_ex.o
                0x0000000008002ce4                HAL_PCDEx_SetRxFiFo
 .text.HAL_PCDEx_LPM_Callback
                0x0000000008002cec        0x4 ./Drivers/STM32F4xx_HAL_Driver/Src/stm32f4xx_hal_pcd_ex.o
                0x0000000008002cec                HAL_PCDEx_LPM_Callback
 .text.HAL_RCC_OscConfig
                0x0000000008002cf0      0x3c8 ./Drivers/STM32F4xx_HAL_Driver/Src/stm32f4xx_hal_rcc.o
                0x0000000008002cf0                HAL_RCC_OscConfig
 .text.HAL_RCC_GetSysClockFreq
                0x00000000080030b8       0x68 ./Drivers/STM32F4xx_HAL_Driver/Src/stm32f4xx_hal_rcc.o
                0x00000000080030b8                HAL_RCC_GetSysClockFreq
 .text.HAL_RCC_ClockConfig
                0x0000000008003120      0x13c ./Drivers/STM32F4xx_HAL_Driver/Src/stm32f4xx_hal_rcc.o
                0x0000000008003120                HAL_RCC_ClockConfig
 .text.HAL_RCC_GetHCLKFreq
                0x000000000800325c        0xc ./Drivers/STM32F4xx_HAL_Driver/Src/stm32f4xx_hal_rcc.o
                0x000000000800325c                HAL_RCC_GetHCLKFreq
 .text.HAL_RCC_GetPCLK1Freq
                0x0000000008003268       0x20 ./Drivers/STM32F4xx_HAL_Driver/Src/stm32f4xx_hal_rcc.o
                0x0000000008003268                HAL_RCC_GetPCLK1Freq
 .text.HAL_RCC_GetPCLK2Freq
                0x0000000008003288       0x20 ./Drivers/STM32F4xx_HAL_Driver/Src/stm32f4xx_hal_rcc.o
                0x0000000008003288                HAL_RCC_GetPCLK2Freq
 .text.HAL_UART_Init
                0x00000000080032a8      0x134 ./Drivers/STM32F4xx_HAL_Driver/Src/stm32f4xx_hal_uart.o
                0x00000000080032a8                HAL_UART_Init
 .text.HAL_UART_Transmit_DMA
                0x00000000080033dc       0x88 ./Drivers/STM32F4xx_HAL_Driver/Src/stm32f4xx_hal_uart.o
                0x00000000080033dc                HAL_UART_Transmit_DMA
 .text.HAL_UART_TxCpltCallback
                0x0000000008003464        0x4 ./Drivers/STM32F4xx_HAL_Driver/Src/stm32f4xx_hal_uart.o
                0x0000000008003464                HAL_UART_TxCpltCallback
 .text.UART_DMATransmitCplt
                0x0000000008003468       0x4c ./Drivers/STM32F4xx_HAL_Driver/Src/stm32f4xx_hal_uart.o
 .text.HAL_UART_TxHalfCpltCallback
                0x00000000080034b4        0x4 ./Drivers/STM32F4xx_HAL_Driver/Src/stm32f4xx_hal_uart.o
                0x00000000080034b4                HAL_UART_TxHalfCpltCallback
 .text.UART_DMATxHalfCplt
                0x00000000080034b8        0xc ./Drivers/STM32F4xx_HAL_Driver/Src/stm32f4xx_hal_uart.o
 .text.HAL_UART_RxCpltCallback
                0x00000000080034c4        0x4 ./Drivers/STM32F4xx_HAL_Driver/Src/stm32f4xx_hal_uart.o
                0x00000000080034c4                HAL_UART_RxCpltCallback
 .text.HAL_UART_ErrorCallback
                0x00000000080034c8        0x4 ./Drivers/STM32F4xx_HAL_Driver/Src/stm32f4xx_hal_uart.o
                0x00000000080034c8                HAL_UART_ErrorCallback
 .text.UART_DMAError
                0x00000000080034cc       0xbc ./Drivers/STM32F4xx_HAL_Driver/Src/stm32f4xx_hal_uart.o
 .text.UART_DMAAbortOnError
                0x0000000008003588       0x10 ./Drivers/STM32F4xx_HAL_Driver/Src/stm32f4xx_hal_uart.o
 .text.HAL_UARTEx_RxEventCallback
                0x0000000008003598        0x4 ./Drivers/STM32F4xx_HAL_Driver/Src/stm32f4xx_hal_uart.o
                0x0000000008003598                HAL_UARTEx_RxEventCallback
 .text.UART_Receive_IT.part.0.isra.0
                0x000000000800359c       0xcc ./Drivers/STM32F4xx_HAL_Driver/Src/stm32f4xx_hal_uart.o
 .text.HAL_UART_IRQHandler
                0x0000000008003668      0x318 ./Drivers/STM32F4xx_HAL_Driver/Src/stm32f4xx_hal_uart.o
                0x0000000008003668                HAL_UART_IRQHandler
 .text.USB_CoreInit
                0x0000000008003980      0x104 ./Drivers/STM32F4xx_HAL_Driver/Src/stm32f4xx_ll_usb.o
                0x0000000008003980                USB_CoreInit
 .text.USB_SetTurnaroundTime
                0x0000000008003a84       0xf4 ./Drivers/STM32F4xx_HAL_Driver/Src/stm32f4xx_ll_usb.o
                0x0000000008003a84                USB_SetTurnaroundTime
 .text.USB_EnableGlobalInt
                0x0000000008003b78       0x10 ./Drivers/STM32F4xx_HAL_Driver/Src/stm32f4xx_ll_usb.o
                0x0000000008003b78                USB_EnableGlobalInt
 .text.USB_DisableGlobalInt
                0x0000000008003b88       0x10 ./Drivers/STM32F4xx_HAL_Driver/Src/stm32f4xx_ll_usb.o
                0x0000000008003b88                USB_DisableGlobalInt
 .text.USB_SetCurrentMode
                0x0000000008003b98       0x70 ./Drivers/STM32F4xx_HAL_Driver/Src/stm32f4xx_ll_usb.o
                0x0000000008003b98                USB_SetCurrentMode
 .text.USB_DevInit
                0x0000000008003c08      0x234 ./Drivers/STM32F4xx_HAL_Driver/Src/stm32f4xx_ll_usb.o
                0x0000000008003c08                USB_DevInit
 .text.USB_FlushTxFifo
                0x0000000008003e3c       0x54 ./Drivers/STM32F4xx_HAL_Driver/Src/stm32f4xx_ll_usb.o
                0x0000000008003e3c                USB_FlushTxFifo
 .text.USB_GetDevSpeed
                0x0000000008003e90       0x18 ./Drivers/STM32F4xx_HAL_Driver/Src/stm32f4xx_ll_usb.o
                0x0000000008003e90                USB_GetDevSpeed
 .text.USB_ActivateEndpoint
                0x0000000008003ea8       0x98 ./Drivers/STM32F4xx_HAL_Driver/Src/stm32f4xx_ll_usb.o
                0x0000000008003ea8                USB_ActivateEndpoint
 .text.USB_DeactivateEndpoint
                0x0000000008003f40       0xc4 ./Drivers/STM32F4xx_HAL_Driver/Src/stm32f4xx_ll_usb.o
                0x0000000008003f40                USB_DeactivateEndpoint
 .text.USB_EPStartXfer
                0x0000000008004004      0x218 ./Drivers/STM32F4xx_HAL_Driver/Src/stm32f4xx_ll_usb.o
                0x0000000008004004                USB_EPStartXfer
 .text.USB_EP0StartXfer
                0x000000000800421c      0x158 ./Drivers/STM32F4xx_HAL_Driver/Src/stm32f4xx_ll_usb.o
                0x000000000800421c                USB_EP0StartXfer
 .text.USB_EPStopXfer
                0x0000000008004374       0x88 ./Drivers/STM32F4xx_HAL_Driver/Src/stm32f4xx_ll_usb.o
                0x0000000008004374                USB_EPStopXfer
 .text.USB_WritePacket
                0x00000000080043fc       0x2c ./Drivers/STM32F4xx_HAL_Driver/Src/stm32f4xx_ll_usb.o
                0x00000000080043fc                USB_WritePacket
 .text.USB_ReadPacket
                0x0000000008004428       0x4c ./Drivers/STM32F4xx_HAL_Driver/Src/stm32f4xx_ll_usb.o
                0x0000000008004428                USB_ReadPacket
 .text.USB_EPSetStall
                0x0000000008004474       0x5c ./Drivers/STM32F4xx_HAL_Driver/Src/stm32f4xx_ll_usb.o
                0x0000000008004474                USB_EPSetStall
 .text.USB_EPClearStall
                0x00000000080044d0       0x58 ./Drivers/STM32F4xx_HAL_Driver/Src/stm32f4xx_ll_usb.o
                0x00000000080044d0                USB_EPClearStall
 .text.USB_SetDevAddress
                0x0000000008004528       0x20 ./Drivers/STM32F4xx_HAL_Driver/Src/stm32f4xx_ll_usb.o
                0x0000000008004528                USB_SetDevAddress
 .text.USB_DevConnect
                0x0000000008004548       0x20 ./Drivers/STM32F4xx_HAL_Driver/Src/stm32f4xx_ll_usb.o
                0x0000000008004548                USB_DevConnect
 .text.USB_DevDisconnect
                0x0000000008004568       0x20 ./Drivers/STM32F4xx_HAL_Driver/Src/stm32f4xx_ll_usb.o
                0x0000000008004568                USB_DevDisconnect
 .text.USB_ReadInterrupts
                0x0000000008004588        0x8 ./Drivers/STM32F4xx_HAL_Driver/Src/stm32f4xx_ll_usb.o
                0x0000000008004588                USB_ReadInterrupts
 .text.USB_ReadDevAllOutEpInterrupt
                0x0000000008004590       0x10 ./Drivers/STM32F4xx_HAL_Driver/Src/stm32f4xx_ll_usb.o
                0x0000000008004590                USB_ReadDevAllOutEpInterrupt
 .text.USB_ReadDevAllInEpInterrupt
                0x00000000080045a0       0x10 ./Drivers/STM32F4xx_HAL_Driver/Src/stm32f4xx_ll_usb.o
                0x00000000080045a0                USB_ReadDevAllInEpInterrupt
 .text.USB_ReadDevOutEPInterrupt
                0x00000000080045b0       0x14 ./Drivers/STM32F4xx_HAL_Driver/Src/stm32f4xx_ll_usb.o
                0x00000000080045b0                USB_ReadDevOutEPInterrupt
 .text.USB_ReadDevInEPInterrupt
                0x00000000080045c4       0x20 ./Drivers/STM32F4xx_HAL_Driver/Src/stm32f4xx_ll_usb.o
                0x00000000080045c4                USB_ReadDevInEPInterrupt
 .text.USB_GetMode
                0x00000000080045e4        0x8 ./Drivers/STM32F4xx_HAL_Driver/Src/stm32f4xx_ll_usb.o
                0x00000000080045e4                USB_GetMode
 .text.USB_ActivateSetup
                0x00000000080045ec       0x24 ./Drivers/STM32F4xx_HAL_Driver/Src/stm32f4xx_ll_usb.o
                0x00000000080045ec                USB_ActivateSetup
 .text.USB_EP0_OutStart
                0x0000000008004610       0x58 ./Drivers/STM32F4xx_HAL_Driver/Src/stm32f4xx_ll_usb.o
                0x0000000008004610                USB_EP0_OutStart
 .text.asn1_get_int
                0x0000000008004668       0x6c ./Libs/Rsa/Src/asn1.o
                0x0000000008004668                asn1_get_int
 .text.asn1_get_padding_pub_key
                0x00000000080046d4       0xc8 ./Libs/Rsa/Src/asn1.o
                0x00000000080046d4                asn1_get_padding_pub_key
 .text.asn1_get_padding_pvt_key
                0x000000000800479c       0xc0 ./Libs/Rsa/Src/asn1.o
                0x000000000800479c                asn1_get_padding_pvt_key
 .text.base64_read
                0x000000000800485c       0xa8 ./Libs/Rsa/Src/base64.o
                0x000000000800485c                base64_read
 .text.bn_div.part.0
                0x0000000008004904      0x3dc ./Libs/Rsa/Src/bignum.o
 .text.bn_inner_karatsuba
                0x0000000008004ce0      0x320 ./Libs/Rsa/Src/bignum.o
 .text.bn_init  0x0000000008005000        0x8 ./Libs/Rsa/Src/bignum.o
                0x0000000008005000                bn_init
 .text.bn_assign
                0x0000000008005008       0x14 ./Libs/Rsa/Src/bignum.o
                0x0000000008005008                bn_assign
 .text.bn_from_bytes
                0x000000000800501c       0x60 ./Libs/Rsa/Src/bignum.o
                0x000000000800501c                bn_from_bytes
 .text.bn_from_string
                0x000000000800507c       0x48 ./Libs/Rsa/Src/bignum.o
                0x000000000800507c                bn_from_string
 .text.bn_from_int
                0x00000000080050c4       0x20 ./Libs/Rsa/Src/bignum.o
                0x00000000080050c4                bn_from_int
 .text.bn_to_string
                0x00000000080050e4       0x48 ./Libs/Rsa/Src/bignum.o
                0x00000000080050e4                bn_to_string
 .text.bn_add   0x000000000800512c       0x40 ./Libs/Rsa/Src/bignum.o
                0x000000000800512c                bn_add
 .text.bn_sub   0x000000000800516c       0x64 ./Libs/Rsa/Src/bignum.o
                0x000000000800516c                bn_sub
 .text.bn_karatsuba
                0x00000000080051d0       0x20 ./Libs/Rsa/Src/bignum.o
                0x00000000080051d0                bn_karatsuba
 .text.bn_divmod
                0x00000000080051f0       0xc0 ./Libs/Rsa/Src/bignum.o
                0x00000000080051f0                bn_divmod
 .text.bn_mod   0x00000000080052b0       0x30 ./Libs/Rsa/Src/bignum.o
                0x00000000080052b0                bn_mod
 .text.bn_cmp   0x00000000080052e0       0x3c ./Libs/Rsa/Src/bignum.o
                0x00000000080052e0                bn_cmp
 .text.bn_is_zero
                0x000000000800531c       0x20 ./Libs/Rsa/Src/bignum.o
                0x000000000800531c                bn_is_zero
 .text.bn_bitcount
                0x000000000800533c       0x38 ./Libs/Rsa/Src/bignum.o
                0x000000000800533c                bn_bitcount
 .text.montg_inverse
                0x0000000008005374      0x118 ./Libs/Rsa/Src/montgomery.o
 *fill*         0x000000000800548c        0x4 
 .text.montg_init
                0x0000000008005490       0x70 ./Libs/Rsa/Src/montgomery.o
                0x0000000008005490                montg_init
 .text.montg_transform
                0x0000000008005500       0x34 ./Libs/Rsa/Src/montgomery.o
                0x0000000008005500                montg_transform
 .text.montg_mul
                0x0000000008005534      0x10c ./Libs/Rsa/Src/montgomery.o
                0x0000000008005534                montg_mul
 .text.montg_revert
                0x0000000008005640       0x28 ./Libs/Rsa/Src/montgomery.o
                0x0000000008005640                montg_revert
 .text.montg_pow
                0x0000000008005668       0x74 ./Libs/Rsa/Src/montgomery.o
                0x0000000008005668                montg_pow
 .text.import_pub_key
                0x00000000080056dc       0xf8 ./Libs/Rsa/Src/rsa.o
                0x00000000080056dc                import_pub_key
 .text.import_pvt_key
                0x00000000080057d4      0x13c ./Libs/Rsa/Src/rsa.o
                0x00000000080057d4                import_pvt_key
 .text.encrypt_buf
                0x0000000008005910       0x5c ./Libs/Rsa/Src/rsa.o
                0x0000000008005910                encrypt_buf
 .text.decrypt_buf
                0x000000000800596c       0x5c ./Libs/Rsa/Src/rsa.o
                0x000000000800596c                decrypt_buf
 .text.sign_buf
                0x00000000080059c8       0x5c ./Libs/Rsa/Src/rsa.o
                0x00000000080059c8                sign_buf
 .text.verify_buf
                0x0000000008005a24       0x5c ./Libs/Rsa/Src/rsa.o
                0x0000000008005a24                verify_buf
 .text.USBD_CDC_EP0_RxReady
                0x0000000008005a80       0x38 ./Middlewares/ST/STM32_USB_Device_Library/Class/CDC/Src/usbd_cdc.o
 .text.USBD_CDC_GetDeviceQualifierDescriptor
                0x0000000008005ab8        0xc ./Middlewares/ST/STM32_USB_Device_Library/Class/CDC/Src/usbd_cdc.o
                0x0000000008005ab8                USBD_CDC_GetDeviceQualifierDescriptor
 .text.USBD_CDC_GetFSCfgDesc
                0x0000000008005ac4       0x48 ./Middlewares/ST/STM32_USB_Device_Library/Class/CDC/Src/usbd_cdc.o
 .text.USBD_CDC_GetHSCfgDesc
                0x0000000008005b0c       0x48 ./Middlewares/ST/STM32_USB_Device_Library/Class/CDC/Src/usbd_cdc.o
 .text.USBD_CDC_DataOut
                0x0000000008005b54       0x38 ./Middlewares/ST/STM32_USB_Device_Library/Class/CDC/Src/usbd_cdc.o
 .text.USBD_CDC_DataIn
                0x0000000008005b8c       0x74 ./Middlewares/ST/STM32_USB_Device_Library/Class/CDC/Src/usbd_cdc.o
 .text.USBD_CDC_Setup
                0x0000000008005c00      0x11c ./Middlewares/ST/STM32_USB_Device_Library/Class/CDC/Src/usbd_cdc.o
 .text.USBD_CDC_DeInit
                0x0000000008005d1c       0x5c ./Middlewares/ST/STM32_USB_Device_Library/Class/CDC/Src/usbd_cdc.o
 .text.USBD_CDC_Init
                0x0000000008005d78       0xf4 ./Middlewares/ST/STM32_USB_Device_Library/Class/CDC/Src/usbd_cdc.o
 .text.USBD_CDC_GetOtherSpeedCfgDesc
                0x0000000008005e6c       0x48 ./Middlewares/ST/STM32_USB_Device_Library/Class/CDC/Src/usbd_cdc.o
 .text.USBD_CDC_RegisterInterface
                0x0000000008005eb4       0x18 ./Middlewares/ST/STM32_USB_Device_Library/Class/CDC/Src/usbd_cdc.o
                0x0000000008005eb4                USBD_CDC_RegisterInterface
 .text.USBD_CDC_SetTxBuffer
                0x0000000008005ecc       0x1c ./Middlewares/ST/STM32_USB_Device_Library/Class/CDC/Src/usbd_cdc.o
                0x0000000008005ecc                USBD_CDC_SetTxBuffer
 .text.USBD_CDC_SetRxBuffer
                0x0000000008005ee8       0x18 ./Middlewares/ST/STM32_USB_Device_Library/Class/CDC/Src/usbd_cdc.o
                0x0000000008005ee8                USBD_CDC_SetRxBuffer
 .text.USBD_CDC_ReceivePacket
                0x0000000008005f00       0x38 ./Middlewares/ST/STM32_USB_Device_Library/Class/CDC/Src/usbd_cdc.o
                0x0000000008005f00                USBD_CDC_ReceivePacket
 .text.USBD_Init
                0x0000000008005f38       0x28 ./Middlewares/ST/STM32_USB_Device_Library/Core/Src/usbd_core.o
                0x0000000008005f38                USBD_Init
 .text.USBD_RegisterClass
                0x0000000008005f60       0x38 ./Middlewares/ST/STM32_USB_Device_Library/Core/Src/usbd_core.o
                0x0000000008005f60                USBD_RegisterClass
 .text.USBD_Start
                0x0000000008005f98        0x4 ./Middlewares/ST/STM32_USB_Device_Library/Core/Src/usbd_core.o
                0x0000000008005f98                USBD_Start
 .text.USBD_SetClassConfig
                0x0000000008005f9c       0x10 ./Middlewares/ST/STM32_USB_Device_Library/Core/Src/usbd_core.o
                0x0000000008005f9c                USBD_SetClassConfig
 .text.USBD_ClrClassConfig
                0x0000000008005fac       0x14 ./Middlewares/ST/STM32_USB_Device_Library/Core/Src/usbd_core.o
                0x0000000008005fac                USBD_ClrClassConfig
 .text.USBD_LL_SetupStage
                0x0000000008005fc0       0x60 ./Middlewares/ST/STM32_USB_Device_Library/Core/Src/usbd_core.o
                0x0000000008005fc0                USBD_LL_SetupStage
 .text.USBD_LL_DataOutStage
                0x0000000008006020       0x74 ./Middlewares/ST/STM32_USB_Device_Library/Core/Src/usbd_core.o
                0x0000000008006020                USBD_LL_DataOutStage
 .text.USBD_LL_DataInStage
                0x0000000008006094       0xb4 ./Middlewares/ST/STM32_USB_Device_Library/Core/Src/usbd_core.o
                0x0000000008006094                USBD_LL_DataInStage
 .text.USBD_LL_Reset
                0x0000000008006148       0x5c ./Middlewares/ST/STM32_USB_Device_Library/Core/Src/usbd_core.o
                0x0000000008006148                USBD_LL_Reset
 .text.USBD_LL_SetSpeed
                0x00000000080061a4        0x8 ./Middlewares/ST/STM32_USB_Device_Library/Core/Src/usbd_core.o
                0x00000000080061a4                USBD_LL_SetSpeed
 .text.USBD_LL_Suspend
                0x00000000080061ac       0x18 ./Middlewares/ST/STM32_USB_Device_Library/Core/Src/usbd_core.o
                0x00000000080061ac                USBD_LL_Suspend
 .text.USBD_LL_Resume
                0x00000000080061c4       0x18 ./Middlewares/ST/STM32_USB_Device_Library/Core/Src/usbd_core.o
                0x00000000080061c4                USBD_LL_Resume
 .text.USBD_LL_SOF
                0x00000000080061dc       0x20 ./Middlewares/ST/STM32_USB_Device_Library/Core/Src/usbd_core.o
                0x00000000080061dc                USBD_LL_SOF
 .text.USBD_LL_IsoINIncomplete
                0x00000000080061fc       0x2c ./Middlewares/ST/STM32_USB_Device_Library/Core/Src/usbd_core.o
                0x00000000080061fc                USBD_LL_IsoINIncomplete
 .text.USBD_LL_IsoOUTIncomplete
                0x0000000008006228       0x2c ./Middlewares/ST/STM32_USB_Device_Library/Core/Src/usbd_core.o
                0x0000000008006228                USBD_LL_IsoOUTIncomplete
 .text.USBD_LL_DevConnected
                0x0000000008006254        0x4 ./Middlewares/ST/STM32_USB_Device_Library/Core/Src/usbd_core.o
                0x0000000008006254                USBD_LL_DevConnected
 .text.USBD_LL_DevDisconnected
                0x0000000008006258       0x24 ./Middlewares/ST/STM32_USB_Device_Library/Core/Src/usbd_core.o
                0x0000000008006258                USBD_LL_DevDisconnected
 .text.USBD_CoreFindIF
                0x000000000800627c        0x4 ./Middlewares/ST/STM32_USB_Device_Library/Core/Src/usbd_core.o
                0x000000000800627c                USBD_CoreFindIF
 .text.USBD_CoreFindEP
                0x0000000008006280        0x4 ./Middlewares/ST/STM32_USB_Device_Library/Core/Src/usbd_core.o
                0x0000000008006280                USBD_CoreFindEP
 .text.USBD_GetEpDesc
                0x0000000008006284       0x2c ./Middlewares/ST/STM32_USB_Device_Library/Core/Src/usbd_core.o
                0x0000000008006284                USBD_GetEpDesc
 .text.USBD_StdDevReq
                0x00000000080062b0      0x374 ./Middlewares/ST/STM32_USB_Device_Library/Core/Src/usbd_ctlreq.o
                0x00000000080062b0                USBD_StdDevReq
 .text.USBD_StdItfReq
                0x0000000008006624       0x74 ./Middlewares/ST/STM32_USB_Device_Library/Core/Src/usbd_ctlreq.o
                0x0000000008006624                USBD_StdItfReq
 .text.USBD_StdEPReq
                0x0000000008006698      0x154 ./Middlewares/ST/STM32_USB_Device_Library/Core/Src/usbd_ctlreq.o
                0x0000000008006698                USBD_StdEPReq
 .text.USBD_ParseSetupRequest
                0x00000000080067ec       0x18 ./Middlewares/ST/STM32_USB_Device_Library/Core/Src/usbd_ctlreq.o
                0x00000000080067ec                USBD_ParseSetupRequest
 .text.USBD_CtlError
                0x0000000008006804       0x18 ./Middlewares/ST/STM32_USB_Device_Library/Core/Src/usbd_ctlreq.o
                0x0000000008006804                USBD_CtlError
 .text.USBD_GetString
                0x000000000800681c       0x54 ./Middlewares/ST/STM32_USB_Device_Library/Core/Src/usbd_ctlreq.o
                0x000000000800681c                USBD_GetString
 .text.USBD_CtlSendData
                0x0000000008006870       0x1c ./Middlewares/ST/STM32_USB_Device_Library/Core/Src/usbd_ioreq.o
                0x0000000008006870                USBD_CtlSendData
 .text.USBD_CtlContinueSendData
                0x000000000800688c       0x10 ./Middlewares/ST/STM32_USB_Device_Library/Core/Src/usbd_ioreq.o
                0x000000000800688c                USBD_CtlContinueSendData
 .text.USBD_CtlPrepareRx
                0x000000000800689c       0x1c ./Middlewares/ST/STM32_USB_Device_Library/Core/Src/usbd_ioreq.o
                0x000000000800689c                USBD_CtlPrepareRx
 .text.USBD_CtlContinueRx
                0x00000000080068b8       0x10 ./Middlewares/ST/STM32_USB_Device_Library/Core/Src/usbd_ioreq.o
                0x00000000080068b8                USBD_CtlContinueRx
 .text.USBD_CtlSendStatus
                0x00000000080068c8       0x18 ./Middlewares/ST/STM32_USB_Device_Library/Core/Src/usbd_ioreq.o
                0x00000000080068c8                USBD_CtlSendStatus
 .text.USBD_CtlReceiveStatus
                0x00000000080068e0       0x18 ./Middlewares/ST/STM32_USB_Device_Library/Core/Src/usbd_ioreq.o
                0x00000000080068e0                USBD_CtlReceiveStatus
 .text.MX_USB_DEVICE_Init
                0x00000000080068f8       0x74 ./USB_DEVICE/App/usb_device.o
                0x00000000080068f8                MX_USB_DEVICE_Init
 .text.CDC_DeInit_FS
                0x000000000800696c        0x4 ./USB_DEVICE/App/usbd_cdc_if.o
 .text.CDC_Control_FS
                0x0000000008006970        0x4 ./USB_DEVICE/App/usbd_cdc_if.o
 .text.CDC_TransmitCplt_FS
                0x0000000008006974        0x4 ./USB_DEVICE/App/usbd_cdc_if.o
 .text.CDC_Receive_FS
                0x0000000008006978       0x1c ./USB_DEVICE/App/usbd_cdc_if.o
 .text.CDC_Init_FS
                0x0000000008006994       0x28 ./USB_DEVICE/App/usbd_cdc_if.o
 .text.USBD_FS_DeviceDescriptor
                0x00000000080069bc        0xc ./USB_DEVICE/App/usbd_desc.o
                0x00000000080069bc                USBD_FS_DeviceDescriptor
 .text.USBD_FS_LangIDStrDescriptor
                0x00000000080069c8        0xc ./USB_DEVICE/App/usbd_desc.o
                0x00000000080069c8                USBD_FS_LangIDStrDescriptor
 .text.USBD_FS_ManufacturerStrDescriptor
                0x00000000080069d4       0x1c ./USB_DEVICE/App/usbd_desc.o
                0x00000000080069d4                USBD_FS_ManufacturerStrDescriptor
 .text.USBD_FS_ProductStrDescriptor
                0x00000000080069f0       0x1c ./USB_DEVICE/App/usbd_desc.o
                0x00000000080069f0                USBD_FS_ProductStrDescriptor
 .text.USBD_FS_ConfigStrDescriptor
                0x0000000008006a0c       0x1c ./USB_DEVICE/App/usbd_desc.o
                0x0000000008006a0c                USBD_FS_ConfigStrDescriptor
 .text.USBD_FS_InterfaceStrDescriptor
                0x0000000008006a28       0x1c ./USB_DEVICE/App/usbd_desc.o
                0x0000000008006a28                USBD_FS_InterfaceStrDescriptor
 .text.USBD_FS_SerialStrDescriptor
                0x0000000008006a44      0x120 ./USB_DEVICE/App/usbd_desc.o
                0x0000000008006a44                USBD_FS_SerialStrDescriptor
 .text.HAL_PCD_MspInit
                0x0000000008006b64       0x84 ./USB_DEVICE/Target/usbd_conf.o
                0x0000000008006b64                HAL_PCD_MspInit
 .text.HAL_PCD_SetupStageCallback
                0x0000000008006be8        0xc ./USB_DEVICE/Target/usbd_conf.o
                0x0000000008006be8                HAL_PCD_SetupStageCallback
 .text.HAL_PCD_DataOutStageCallback
                0x0000000008006bf4       0x14 ./USB_DEVICE/Target/usbd_conf.o
                0x0000000008006bf4                HAL_PCD_DataOutStageCallback
 .text.HAL_PCD_DataInStageCallback
                0x0000000008006c08       0x14 ./USB_DEVICE/Target/usbd_conf.o
                0x0000000008006c08                HAL_PCD_DataInStageCallback
 .text.HAL_PCD_SOFCallback
                0x0000000008006c1c        0x8 ./USB_DEVICE/Target/usbd_conf.o
                0x0000000008006c1c                HAL_PCD_SOFCallback
 .text.HAL_PCD_ResetCallback
                0x0000000008006c24       0x24 ./USB_DEVICE/Target/usbd_conf.o
                0x0000000008006c24                HAL_PCD_ResetCallback
 .text.HAL_PCD_SuspendCallback
                0x0000000008006c48       0x30 ./USB_DEVICE/Target/usbd_conf.o
                0x0000000008006c48                HAL_PCD_SuspendCallback
 .text.HAL_PCD_ResumeCallback
                0x0000000008006c78        0x8 ./USB_DEVICE/Target/usbd_conf.o
                0x0000000008006c78                HAL_PCD_ResumeCallback
 .text.HAL_PCD_ISOOUTIncompleteCallback
                0x0000000008006c80        0x8 ./USB_DEVICE/Target/usbd_conf.o
                0x0000000008006c80                HAL_PCD_ISOOUTIncompleteCallback
 .text.HAL_PCD_ISOINIncompleteCallback
                0x0000000008006c88        0x8 ./USB_DEVICE/Target/usbd_conf.o
                0x0000000008006c88                HAL_PCD_ISOINIncompleteCallback
 .text.HAL_PCD_ConnectCallback
                0x0000000008006c90        0x8 ./USB_DEVICE/Target/usbd_conf.o
                0x0000000008006c90                HAL_PCD_ConnectCallback
 .text.HAL_PCD_DisconnectCallback
                0x0000000008006c98        0x8 ./USB_DEVICE/Target/usbd_conf.o
                0x0000000008006c98                HAL_PCD_DisconnectCallback
 .text.USBD_LL_Init
                0x0000000008006ca0       0x7c ./USB_DEVICE/Target/usbd_conf.o
                0x0000000008006ca0                USBD_LL_Init
 .text.USBD_LL_Start
                0x0000000008006d1c       0x1c ./USB_DEVICE/Target/usbd_conf.o
                0x0000000008006d1c                USBD_LL_Start
 .text.USBD_LL_OpenEP
                0x0000000008006d38       0x20 ./USB_DEVICE/Target/usbd_conf.o
                0x0000000008006d38                USBD_LL_OpenEP
 .text.USBD_LL_CloseEP
                0x0000000008006d58       0x1c ./USB_DEVICE/Target/usbd_conf.o
                0x0000000008006d58                USBD_LL_CloseEP
 .text.USBD_LL_StallEP
                0x0000000008006d74       0x1c ./USB_DEVICE/Target/usbd_conf.o
                0x0000000008006d74                USBD_LL_StallEP
 .text.USBD_LL_ClearStallEP
                0x0000000008006d90       0x1c ./USB_DEVICE/Target/usbd_conf.o
                0x0000000008006d90                USBD_LL_ClearStallEP
 .text.USBD_LL_IsStallEP
                0x0000000008006dac       0x28 ./USB_DEVICE/Target/usbd_conf.o
                0x0000000008006dac                USBD_LL_IsStallEP
 .text.USBD_LL_SetUSBAddress
                0x0000000008006dd4       0x1c ./USB_DEVICE/Target/usbd_conf.o
                0x0000000008006dd4                USBD_LL_SetUSBAddress
 .text.USBD_LL_Transmit
                0x0000000008006df0       0x1c ./USB_DEVICE/Target/usbd_conf.o
                0x0000000008006df0                USBD_LL_Transmit
 .text.USBD_LL_PrepareReceive
                0x0000000008006e0c       0x1c ./USB_DEVICE/Target/usbd_conf.o
                0x0000000008006e0c                USBD_LL_PrepareReceive
 .text.USBD_LL_GetRxDataSize
                0x0000000008006e28        0x8 ./USB_DEVICE/Target/usbd_conf.o
                0x0000000008006e28                USBD_LL_GetRxDataSize
 .text.USBD_static_malloc
                0x0000000008006e30        0x8 ./USB_DEVICE/Target/usbd_conf.o
                0x0000000008006e30                USBD_static_malloc
 .text.USBD_static_free
                0x0000000008006e38        0x4 ./USB_DEVICE/Target/usbd_conf.o
                0x0000000008006e38                USBD_static_free
 .text.__cvt    0x0000000008006e3c       0xc4 /opt/stm32cubeide/plugins/com.st.stm32cube.ide.mcu.externaltools.gnu-tools-for-stm32.11.3.rel1.linux64_1.1.100.202309141235/tools/bin/../lib/gcc/arm-none-eabi/11.3.1/../../../../arm-none-eabi/lib/thumb/v7e-m+fp/hard/libc_nano.a(libc_a-nano-vfprintf_float.o)
                0x0000000008006e3c                __cvt
 .text.__exponent
                0x0000000008006f00       0x7c /opt/stm32cubeide/plugins/com.st.stm32cube.ide.mcu.externaltools.gnu-tools-for-stm32.11.3.rel1.linux64_1.1.100.202309141235/tools/bin/../lib/gcc/arm-none-eabi/11.3.1/../../../../arm-none-eabi/lib/thumb/v7e-m+fp/hard/libc_nano.a(libc_a-nano-vfprintf_float.o)
                0x0000000008006f00                __exponent
 .text._printf_float
                0x0000000008006f7c      0x46c /opt/stm32cubeide/plugins/com.st.stm32cube.ide.mcu.externaltools.gnu-tools-for-stm32.11.3.rel1.linux64_1.1.100.202309141235/tools/bin/../lib/gcc/arm-none-eabi/11.3.1/../../../../arm-none-eabi/lib/thumb/v7e-m+fp/hard/libc_nano.a(libc_a-nano-vfprintf_float.o)
                0x0000000008006f7c                _printf_float
 .text._printf_common
                0x00000000080073e8       0xda /opt/stm32cubeide/plugins/com.st.stm32cube.ide.mcu.externaltools.gnu-tools-for-stm32.11.3.rel1.linux64_1.1.100.202309141235/tools/bin/../lib/gcc/arm-none-eabi/11.3.1/../../../../arm-none-eabi/lib/thumb/v7e-m+fp/hard/libc_nano.a(libc_a-nano-vfprintf_i.o)
                0x00000000080073e8                _printf_common
 *fill*         0x00000000080074c2        0x2 
 .text._printf_i
                0x00000000080074c4      0x244 /opt/stm32cubeide/plugins/com.st.stm32cube.ide.mcu.externaltools.gnu-tools-for-stm32.11.3.rel1.linux64_1.1.100.202309141235/tools/bin/../lib/gcc/arm-none-eabi/11.3.1/../../../../arm-none-eabi/lib/thumb/v7e-m+fp/hard/libc_nano.a(libc_a-nano-vfprintf_i.o)
                0x00000000080074c4                _printf_i
 .text.std      0x0000000008007708       0x6c /opt/stm32cubeide/plugins/com.st.stm32cube.ide.mcu.externaltools.gnu-tools-for-stm32.11.3.rel1.linux64_1.1.100.202309141235/tools/bin/../lib/gcc/arm-none-eabi/11.3.1/../../../../arm-none-eabi/lib/thumb/v7e-m+fp/hard/libc_nano.a(libc_a-findfp.o)
 .text.stdio_exit_handler
                0x0000000008007774       0x18 /opt/stm32cubeide/plugins/com.st.stm32cube.ide.mcu.externaltools.gnu-tools-for-stm32.11.3.rel1.linux64_1.1.100.202309141235/tools/bin/../lib/gcc/arm-none-eabi/11.3.1/../../../../arm-none-eabi/lib/thumb/v7e-m+fp/hard/libc_nano.a(libc_a-findfp.o)
 .text.cleanup_stdio
                0x000000000800778c       0x40 /opt/stm32cubeide/plugins/com.st.stm32cube.ide.mcu.externaltools.gnu-tools-for-stm32.11.3.rel1.linux64_1.1.100.202309141235/tools/bin/../lib/gcc/arm-none-eabi/11.3.1/../../../../arm-none-eabi/lib/thumb/v7e-m+fp/hard/libc_nano.a(libc_a-findfp.o)
 .text.global_stdio_init.part.0
                0x00000000080077cc       0x3c /opt/stm32cubeide/plugins/com.st.stm32cube.ide.mcu.externaltools.gnu-tools-for-stm32.11.3.rel1.linux64_1.1.100.202309141235/tools/bin/../lib/gcc/arm-none-eabi/11.3.1/../../../../arm-none-eabi/lib/thumb/v7e-m+fp/hard/libc_nano.a(libc_a-findfp.o)
 .text.__sfp_lock_acquire
                0x0000000008007808        0xc /opt/stm32cubeide/plugins/com.st.stm32cube.ide.mcu.externaltools.gnu-tools-for-stm32.11.3.rel1.linux64_1.1.100.202309141235/tools/bin/../lib/gcc/arm-none-eabi/11.3.1/../../../../arm-none-eabi/lib/thumb/v7e-m+fp/hard/libc_nano.a(libc_a-findfp.o)
                0x0000000008007808                __sfp_lock_acquire
 .text.__sfp_lock_release
                0x0000000008007814        0xc /opt/stm32cubeide/plugins/com.st.stm32cube.ide.mcu.externaltools.gnu-tools-for-stm32.11.3.rel1.linux64_1.1.100.202309141235/tools/bin/../lib/gcc/arm-none-eabi/11.3.1/../../../../arm-none-eabi/lib/thumb/v7e-m+fp/hard/libc_nano.a(libc_a-findfp.o)
                0x0000000008007814                __sfp_lock_release
 .text.__sinit  0x0000000008007820       0x30 /opt/stm32cubeide/plugins/com.st.stm32cube.ide.mcu.externaltools.gnu-tools-for-stm32.11.3.rel1.linux64_1.1.100.202309141235/tools/bin/../lib/gcc/arm-none-eabi/11.3.1/../../../../arm-none-eabi/lib/thumb/v7e-m+fp/hard/libc_nano.a(libc_a-findfp.o)
                0x0000000008007820                __sinit
 .text._fwalk_sglue
                0x0000000008007850       0x3c /opt/stm32cubeide/plugins/com.st.stm32cube.ide.mcu.externaltools.gnu-tools-for-stm32.11.3.rel1.linux64_1.1.100.202309141235/tools/bin/../lib/gcc/arm-none-eabi/11.3.1/../../../../arm-none-eabi/lib/thumb/v7e-m+fp/hard/libc_nano.a(libc_a-fwalk.o)
                0x0000000008007850                _fwalk_sglue
 .text.sprintf  0x000000000800788c       0x40 /opt/stm32cubeide/plugins/com.st.stm32cube.ide.mcu.externaltools.gnu-tools-for-stm32.11.3.rel1.linux64_1.1.100.202309141235/tools/bin/../lib/gcc/arm-none-eabi/11.3.1/../../../../arm-none-eabi/lib/thumb/v7e-m+fp/hard/libc_nano.a(libc_a-sprintf.o)
                0x000000000800788c                sprintf
                0x000000000800788c                siprintf
 .text.sscanf   0x00000000080078cc       0x58 /opt/stm32cubeide/plugins/com.st.stm32cube.ide.mcu.externaltools.gnu-tools-for-stm32.11.3.rel1.linux64_1.1.100.202309141235/tools/bin/../lib/gcc/arm-none-eabi/11.3.1/../../../../arm-none-eabi/lib/thumb/v7e-m+fp/hard/libc_nano.a(libc_a-sscanf.o)
                0x00000000080078cc                sscanf
                0x00000000080078cc                siscanf
 .text.__sread  0x0000000008007924       0x22 /opt/stm32cubeide/plugins/com.st.stm32cube.ide.mcu.externaltools.gnu-tools-for-stm32.11.3.rel1.linux64_1.1.100.202309141235/tools/bin/../lib/gcc/arm-none-eabi/11.3.1/../../../../arm-none-eabi/lib/thumb/v7e-m+fp/hard/libc_nano.a(libc_a-stdio.o)
                0x0000000008007924                __sread
 .text.__seofread
                0x0000000008007946        0x4 /opt/stm32cubeide/plugins/com.st.stm32cube.ide.mcu.externaltools.gnu-tools-for-stm32.11.3.rel1.linux64_1.1.100.202309141235/tools/bin/../lib/gcc/arm-none-eabi/11.3.1/../../../../arm-none-eabi/lib/thumb/v7e-m+fp/hard/libc_nano.a(libc_a-stdio.o)
                0x0000000008007946                __seofread
 .text.__swrite
                0x000000000800794a       0x38 /opt/stm32cubeide/plugins/com.st.stm32cube.ide.mcu.externaltools.gnu-tools-for-stm32.11.3.rel1.linux64_1.1.100.202309141235/tools/bin/../lib/gcc/arm-none-eabi/11.3.1/../../../../arm-none-eabi/lib/thumb/v7e-m+fp/hard/libc_nano.a(libc_a-stdio.o)
                0x000000000800794a                __swrite
 .text.__sseek  0x0000000008007982       0x24 /opt/stm32cubeide/plugins/com.st.stm32cube.ide.mcu.externaltools.gnu-tools-for-stm32.11.3.rel1.linux64_1.1.100.202309141235/tools/bin/../lib/gcc/arm-none-eabi/11.3.1/../../../../arm-none-eabi/lib/thumb/v7e-m+fp/hard/libc_nano.a(libc_a-stdio.o)
                0x0000000008007982                __sseek
 .text.__sclose
                0x00000000080079a6        0x8 /opt/stm32cubeide/plugins/com.st.stm32cube.ide.mcu.externaltools.gnu-tools-for-stm32.11.3.rel1.linux64_1.1.100.202309141235/tools/bin/../lib/gcc/arm-none-eabi/11.3.1/../../../../arm-none-eabi/lib/thumb/v7e-m+fp/hard/libc_nano.a(libc_a-stdio.o)
                0x00000000080079a6                __sclose
 .text._vsnprintf_r
                0x00000000080079ae       0x56 /opt/stm32cubeide/plugins/com.st.stm32cube.ide.mcu.externaltools.gnu-tools-for-stm32.11.3.rel1.linux64_1.1.100.202309141235/tools/bin/../lib/gcc/arm-none-eabi/11.3.1/../../../../arm-none-eabi/lib/thumb/v7e-m+fp/hard/libc_nano.a(libc_a-vsnprintf.o)
                0x00000000080079ae                _vsnprintf_r
                0x00000000080079ae                _vsniprintf_r
 .text.vsnprintf
                0x0000000008007a04       0x1c /opt/stm32cubeide/plugins/com.st.stm32cube.ide.mcu.externaltools.gnu-tools-for-stm32.11.3.rel1.linux64_1.1.100.202309141235/tools/bin/../lib/gcc/arm-none-eabi/11.3.1/../../../../arm-none-eabi/lib/thumb/v7e-m+fp/hard/libc_nano.a(libc_a-vsnprintf.o)
                0x0000000008007a04                vsnprintf
                0x0000000008007a04                vsniprintf
 .text.memmove  0x0000000008007a20       0x34 /opt/stm32cubeide/plugins/com.st.stm32cube.ide.mcu.externaltools.gnu-tools-for-stm32.11.3.rel1.linux64_1.1.100.202309141235/tools/bin/../lib/gcc/arm-none-eabi/11.3.1/../../../../arm-none-eabi/lib/thumb/v7e-m+fp/hard/libc_nano.a(libc_a-memmove.o)
                0x0000000008007a20                memmove
 .text.memset   0x0000000008007a54       0x10 /opt/stm32cubeide/plugins/com.st.stm32cube.ide.mcu.externaltools.gnu-tools-for-stm32.11.3.rel1.linux64_1.1.100.202309141235/tools/bin/../lib/gcc/arm-none-eabi/11.3.1/../../../../arm-none-eabi/lib/thumb/v7e-m+fp/hard/libc_nano.a(libc_a-memset.o)
                0x0000000008007a54                memset
 .text.strncmp  0x0000000008007a64       0x24 /opt/stm32cubeide/plugins/com.st.stm32cube.ide.mcu.externaltools.gnu-tools-for-stm32.11.3.rel1.linux64_1.1.100.202309141235/tools/bin/../lib/gcc/arm-none-eabi/11.3.1/../../../../arm-none-eabi/lib/thumb/v7e-m+fp/hard/libc_nano.a(libc_a-strncmp.o)
                0x0000000008007a64                strncmp
 .text.strstr   0x0000000008007a88       0x2c /opt/stm32cubeide/plugins/com.st.stm32cube.ide.mcu.externaltools.gnu-tools-for-stm32.11.3.rel1.linux64_1.1.100.202309141235/tools/bin/../lib/gcc/arm-none-eabi/11.3.1/../../../../arm-none-eabi/lib/thumb/v7e-m+fp/hard/libc_nano.a(libc_a-strstr.o)
                0x0000000008007a88                strstr
 .text.stpcpy   0x0000000008007ab4       0x12 /opt/stm32cubeide/plugins/com.st.stm32cube.ide.mcu.externaltools.gnu-tools-for-stm32.11.3.rel1.linux64_1.1.100.202309141235/tools/bin/../lib/gcc/arm-none-eabi/11.3.1/../../../../arm-none-eabi/lib/thumb/v7e-m+fp/hard/libc_nano.a(libc_a-stpcpy.o)
                0x0000000008007ab4                stpcpy
 *fill*         0x0000000008007ac6        0x2 
 .text._localeconv_r
                0x0000000008007ac8        0x8 /opt/stm32cubeide/plugins/com.st.stm32cube.ide.mcu.externaltools.gnu-tools-for-stm32.11.3.rel1.linux64_1.1.100.202309141235/tools/bin/../lib/gcc/arm-none-eabi/11.3.1/../../../../arm-none-eabi/lib/thumb/v7e-m+fp/hard/libc_nano.a(libc_a-localeconv.o)
                0x0000000008007ac8                _localeconv_r
 .text._close_r
                0x0000000008007ad0       0x20 /opt/stm32cubeide/plugins/com.st.stm32cube.ide.mcu.externaltools.gnu-tools-for-stm32.11.3.rel1.linux64_1.1.100.202309141235/tools/bin/../lib/gcc/arm-none-eabi/11.3.1/../../../../arm-none-eabi/lib/thumb/v7e-m+fp/hard/libc_nano.a(libc_a-closer.o)
                0x0000000008007ad0                _close_r
 .text._lseek_r
                0x0000000008007af0       0x24 /opt/stm32cubeide/plugins/com.st.stm32cube.ide.mcu.externaltools.gnu-tools-for-stm32.11.3.rel1.linux64_1.1.100.202309141235/tools/bin/../lib/gcc/arm-none-eabi/11.3.1/../../../../arm-none-eabi/lib/thumb/v7e-m+fp/hard/libc_nano.a(libc_a-lseekr.o)
                0x0000000008007af0                _lseek_r
 .text._read_r  0x0000000008007b14       0x24 /opt/stm32cubeide/plugins/com.st.stm32cube.ide.mcu.externaltools.gnu-tools-for-stm32.11.3.rel1.linux64_1.1.100.202309141235/tools/bin/../lib/gcc/arm-none-eabi/11.3.1/../../../../arm-none-eabi/lib/thumb/v7e-m+fp/hard/libc_nano.a(libc_a-readr.o)
                0x0000000008007b14                _read_r
 .text._write_r
                0x0000000008007b38       0x24 /opt/stm32cubeide/plugins/com.st.stm32cube.ide.mcu.externaltools.gnu-tools-for-stm32.11.3.rel1.linux64_1.1.100.202309141235/tools/bin/../lib/gcc/arm-none-eabi/11.3.1/../../../../arm-none-eabi/lib/thumb/v7e-m+fp/hard/libc_nano.a(libc_a-writer.o)
                0x0000000008007b38                _write_r
 .text.__errno  0x0000000008007b5c        0xc /opt/stm32cubeide/plugins/com.st.stm32cube.ide.mcu.externaltools.gnu-tools-for-stm32.11.3.rel1.linux64_1.1.100.202309141235/tools/bin/../lib/gcc/arm-none-eabi/11.3.1/../../../../arm-none-eabi/lib/thumb/v7e-m+fp/hard/libc_nano.a(libc_a-errno.o)
                0x0000000008007b5c                __errno
 .text.__libc_init_array
                0x0000000008007b68       0x48 /opt/stm32cubeide/plugins/com.st.stm32cube.ide.mcu.externaltools.gnu-tools-for-stm32.11.3.rel1.linux64_1.1.100.202309141235/tools/bin/../lib/gcc/arm-none-eabi/11.3.1/../../../../arm-none-eabi/lib/thumb/v7e-m+fp/hard/libc_nano.a(libc_a-init.o)
                0x0000000008007b68                __libc_init_array
 .text.__retarget_lock_init_recursive
                0x0000000008007bb0        0x2 /opt/stm32cubeide/plugins/com.st.stm32cube.ide.mcu.externaltools.gnu-tools-for-stm32.11.3.rel1.linux64_1.1.100.202309141235/tools/bin/../lib/gcc/arm-none-eabi/11.3.1/../../../../arm-none-eabi/lib/thumb/v7e-m+fp/hard/libc_nano.a(libc_a-lock.o)
                0x0000000008007bb0                __retarget_lock_init_recursive
 .text.__retarget_lock_acquire_recursive
                0x0000000008007bb2        0x2 /opt/stm32cubeide/plugins/com.st.stm32cube.ide.mcu.externaltools.gnu-tools-for-stm32.11.3.rel1.linux64_1.1.100.202309141235/tools/bin/../lib/gcc/arm-none-eabi/11.3.1/../../../../arm-none-eabi/lib/thumb/v7e-m+fp/hard/libc_nano.a(libc_a-lock.o)
                0x0000000008007bb2                __retarget_lock_acquire_recursive
 .text.__retarget_lock_release_recursive
                0x0000000008007bb4        0x2 /opt/stm32cubeide/plugins/com.st.stm32cube.ide.mcu.externaltools.gnu-tools-for-stm32.11.3.rel1.linux64_1.1.100.202309141235/tools/bin/../lib/gcc/arm-none-eabi/11.3.1/../../../../arm-none-eabi/lib/thumb/v7e-m+fp/hard/libc_nano.a(libc_a-lock.o)
                0x0000000008007bb4                __retarget_lock_release_recursive
 .text.memcpy   0x0000000008007bb6       0x1c /opt/stm32cubeide/plugins/com.st.stm32cube.ide.mcu.externaltools.gnu-tools-for-stm32.11.3.rel1.linux64_1.1.100.202309141235/tools/bin/../lib/gcc/arm-none-eabi/11.3.1/../../../../arm-none-eabi/lib/thumb/v7e-m+fp/hard/libc_nano.a(libc_a-memcpy-stub.o)
                0x0000000008007bb6                memcpy
 .text.quorem   0x0000000008007bd2      0x110 /opt/stm32cubeide/plugins/com.st.stm32cube.ide.mcu.externaltools.gnu-tools-for-stm32.11.3.rel1.linux64_1.1.100.202309141235/tools/bin/../lib/gcc/arm-none-eabi/11.3.1/../../../../arm-none-eabi/lib/thumb/v7e-m+fp/hard/libc_nano.a(libc_a-dtoa.o)
 *fill*         0x0000000008007ce2        0x6 
 .text._dtoa_r  0x0000000008007ce8      0xbe4 /opt/stm32cubeide/plugins/com.st.stm32cube.ide.mcu.externaltools.gnu-tools-for-stm32.11.3.rel1.linux64_1.1.100.202309141235/tools/bin/../lib/gcc/arm-none-eabi/11.3.1/../../../../arm-none-eabi/lib/thumb/v7e-m+fp/hard/libc_nano.a(libc_a-dtoa.o)
                0x0000000008007ce8                _dtoa_r
 .text._free_r  0x00000000080088cc       0x98 /opt/stm32cubeide/plugins/com.st.stm32cube.ide.mcu.externaltools.gnu-tools-for-stm32.11.3.rel1.linux64_1.1.100.202309141235/tools/bin/../lib/gcc/arm-none-eabi/11.3.1/../../../../arm-none-eabi/lib/thumb/v7e-m+fp/hard/libc_nano.a(libc_a-freer.o)
                0x00000000080088cc                _free_r
 .text.malloc   0x0000000008008964       0x10 /opt/stm32cubeide/plugins/com.st.stm32cube.ide.mcu.externaltools.gnu-tools-for-stm32.11.3.rel1.linux64_1.1.100.202309141235/tools/bin/../lib/gcc/arm-none-eabi/11.3.1/../../../../arm-none-eabi/lib/thumb/v7e-m+fp/hard/libc_nano.a(libc_a-malloc.o)
                0x0000000008008964                malloc
 .text.sbrk_aligned
                0x0000000008008974       0x40 /opt/stm32cubeide/plugins/com.st.stm32cube.ide.mcu.externaltools.gnu-tools-for-stm32.11.3.rel1.linux64_1.1.100.202309141235/tools/bin/../lib/gcc/arm-none-eabi/11.3.1/../../../../arm-none-eabi/lib/thumb/v7e-m+fp/hard/libc_nano.a(libc_a-mallocr.o)
 .text._malloc_r
                0x00000000080089b4      0x100 /opt/stm32cubeide/plugins/com.st.stm32cube.ide.mcu.externaltools.gnu-tools-for-stm32.11.3.rel1.linux64_1.1.100.202309141235/tools/bin/../lib/gcc/arm-none-eabi/11.3.1/../../../../arm-none-eabi/lib/thumb/v7e-m+fp/hard/libc_nano.a(libc_a-mallocr.o)
                0x00000000080089b4                _malloc_r
 .text.__malloc_lock
                0x0000000008008ab4        0xc /opt/stm32cubeide/plugins/com.st.stm32cube.ide.mcu.externaltools.gnu-tools-for-stm32.11.3.rel1.linux64_1.1.100.202309141235/tools/bin/../lib/gcc/arm-none-eabi/11.3.1/../../../../arm-none-eabi/lib/thumb/v7e-m+fp/hard/libc_nano.a(libc_a-mlock.o)
                0x0000000008008ab4                __malloc_lock
 .text.__malloc_unlock
                0x0000000008008ac0        0xc /opt/stm32cubeide/plugins/com.st.stm32cube.ide.mcu.externaltools.gnu-tools-for-stm32.11.3.rel1.linux64_1.1.100.202309141235/tools/bin/../lib/gcc/arm-none-eabi/11.3.1/../../../../arm-none-eabi/lib/thumb/v7e-m+fp/hard/libc_nano.a(libc_a-mlock.o)
                0x0000000008008ac0                __malloc_unlock
 .text._Balloc  0x0000000008008acc       0x80 /opt/stm32cubeide/plugins/com.st.stm32cube.ide.mcu.externaltools.gnu-tools-for-stm32.11.3.rel1.linux64_1.1.100.202309141235/tools/bin/../lib/gcc/arm-none-eabi/11.3.1/../../../../arm-none-eabi/lib/thumb/v7e-m+fp/hard/libc_nano.a(libc_a-mprec.o)
                0x0000000008008acc                _Balloc
 .text._Bfree   0x0000000008008b4c       0x44 /opt/stm32cubeide/plugins/com.st.stm32cube.ide.mcu.externaltools.gnu-tools-for-stm32.11.3.rel1.linux64_1.1.100.202309141235/tools/bin/../lib/gcc/arm-none-eabi/11.3.1/../../../../arm-none-eabi/lib/thumb/v7e-m+fp/hard/libc_nano.a(libc_a-mprec.o)
                0x0000000008008b4c                _Bfree
 .text.__multadd
                0x0000000008008b90       0x8c /opt/stm32cubeide/plugins/com.st.stm32cube.ide.mcu.externaltools.gnu-tools-for-stm32.11.3.rel1.linux64_1.1.100.202309141235/tools/bin/../lib/gcc/arm-none-eabi/11.3.1/../../../../arm-none-eabi/lib/thumb/v7e-m+fp/hard/libc_nano.a(libc_a-mprec.o)
                0x0000000008008b90                __multadd
 .text.__hi0bits
                0x0000000008008c1c       0x40 /opt/stm32cubeide/plugins/com.st.stm32cube.ide.mcu.externaltools.gnu-tools-for-stm32.11.3.rel1.linux64_1.1.100.202309141235/tools/bin/../lib/gcc/arm-none-eabi/11.3.1/../../../../arm-none-eabi/lib/thumb/v7e-m+fp/hard/libc_nano.a(libc_a-mprec.o)
                0x0000000008008c1c                __hi0bits
 .text.__lo0bits
                0x0000000008008c5c       0x5a /opt/stm32cubeide/plugins/com.st.stm32cube.ide.mcu.externaltools.gnu-tools-for-stm32.11.3.rel1.linux64_1.1.100.202309141235/tools/bin/../lib/gcc/arm-none-eabi/11.3.1/../../../../arm-none-eabi/lib/thumb/v7e-m+fp/hard/libc_nano.a(libc_a-mprec.o)
                0x0000000008008c5c                __lo0bits
 *fill*         0x0000000008008cb6        0x2 
 .text.__i2b    0x0000000008008cb8       0x2c /opt/stm32cubeide/plugins/com.st.stm32cube.ide.mcu.externaltools.gnu-tools-for-stm32.11.3.rel1.linux64_1.1.100.202309141235/tools/bin/../lib/gcc/arm-none-eabi/11.3.1/../../../../arm-none-eabi/lib/thumb/v7e-m+fp/hard/libc_nano.a(libc_a-mprec.o)
                0x0000000008008cb8                __i2b
 .text.__multiply
                0x0000000008008ce4      0x154 /opt/stm32cubeide/plugins/com.st.stm32cube.ide.mcu.externaltools.gnu-tools-for-stm32.11.3.rel1.linux64_1.1.100.202309141235/tools/bin/../lib/gcc/arm-none-eabi/11.3.1/../../../../arm-none-eabi/lib/thumb/v7e-m+fp/hard/libc_nano.a(libc_a-mprec.o)
                0x0000000008008ce4                __multiply
 .text.__pow5mult
                0x0000000008008e38       0xb4 /opt/stm32cubeide/plugins/com.st.stm32cube.ide.mcu.externaltools.gnu-tools-for-stm32.11.3.rel1.linux64_1.1.100.202309141235/tools/bin/../lib/gcc/arm-none-eabi/11.3.1/../../../../arm-none-eabi/lib/thumb/v7e-m+fp/hard/libc_nano.a(libc_a-mprec.o)
                0x0000000008008e38                __pow5mult
 .text.__lshift
                0x0000000008008eec       0xd8 /opt/stm32cubeide/plugins/com.st.stm32cube.ide.mcu.externaltools.gnu-tools-for-stm32.11.3.rel1.linux64_1.1.100.202309141235/tools/bin/../lib/gcc/arm-none-eabi/11.3.1/../../../../arm-none-eabi/lib/thumb/v7e-m+fp/hard/libc_nano.a(libc_a-mprec.o)
                0x0000000008008eec                __lshift
 .text.__mcmp   0x0000000008008fc4       0x38 /opt/stm32cubeide/plugins/com.st.stm32cube.ide.mcu.externaltools.gnu-tools-for-stm32.11.3.rel1.linux64_1.1.100.202309141235/tools/bin/../lib/gcc/arm-none-eabi/11.3.1/../../../../arm-none-eabi/lib/thumb/v7e-m+fp/hard/libc_nano.a(libc_a-mprec.o)
                0x0000000008008fc4                __mcmp
 .text.__mdiff  0x0000000008008ffc      0x114 /opt/stm32cubeide/plugins/com.st.stm32cube.ide.mcu.externaltools.gnu-tools-for-stm32.11.3.rel1.linux64_1.1.100.202309141235/tools/bin/../lib/gcc/arm-none-eabi/11.3.1/../../../../arm-none-eabi/lib/thumb/v7e-m+fp/hard/libc_nano.a(libc_a-mprec.o)
                0x0000000008008ffc                __mdiff
 .text.__d2b    0x0000000008009110       0xb4 /opt/stm32cubeide/plugins/com.st.stm32cube.ide.mcu.externaltools.gnu-tools-for-stm32.11.3.rel1.linux64_1.1.100.202309141235/tools/bin/../lib/gcc/arm-none-eabi/11.3.1/../../../../arm-none-eabi/lib/thumb/v7e-m+fp/hard/libc_nano.a(libc_a-mprec.o)
                0x0000000008009110                __d2b
 .text.__ssputs_r
                0x00000000080091c4       0xb4 /opt/stm32cubeide/plugins/com.st.stm32cube.ide.mcu.externaltools.gnu-tools-for-stm32.11.3.rel1.linux64_1.1.100.202309141235/tools/bin/../lib/gcc/arm-none-eabi/11.3.1/../../../../arm-none-eabi/lib/thumb/v7e-m+fp/hard/libc_nano.a(libc_a-nano-svfprintf.o)
                0x00000000080091c4                __ssputs_r
 .text._svfprintf_r
                0x0000000008009278      0x1fc /opt/stm32cubeide/plugins/com.st.stm32cube.ide.mcu.externaltools.gnu-tools-for-stm32.11.3.rel1.linux64_1.1.100.202309141235/tools/bin/../lib/gcc/arm-none-eabi/11.3.1/../../../../arm-none-eabi/lib/thumb/v7e-m+fp/hard/libc_nano.a(libc_a-nano-svfprintf.o)
                0x0000000008009278                _svfprintf_r
                0x0000000008009278                _svfiprintf_r
 .text._sungetc_r
                0x0000000008009474       0x7a /opt/stm32cubeide/plugins/com.st.stm32cube.ide.mcu.externaltools.gnu-tools-for-stm32.11.3.rel1.linux64_1.1.100.202309141235/tools/bin/../lib/gcc/arm-none-eabi/11.3.1/../../../../arm-none-eabi/lib/thumb/v7e-m+fp/hard/libc_nano.a(libc_a-nano-svfscanf.o)
                0x0000000008009474                _sungetc_r
 .text.__ssrefill_r
                0x00000000080094ee       0x3a /opt/stm32cubeide/plugins/com.st.stm32cube.ide.mcu.externaltools.gnu-tools-for-stm32.11.3.rel1.linux64_1.1.100.202309141235/tools/bin/../lib/gcc/arm-none-eabi/11.3.1/../../../../arm-none-eabi/lib/thumb/v7e-m+fp/hard/libc_nano.a(libc_a-nano-svfscanf.o)
                0x00000000080094ee                __ssrefill_r
 .text.__ssvfscanf_r
                0x0000000008009528      0x2f0 /opt/stm32cubeide/plugins/com.st.stm32cube.ide.mcu.externaltools.gnu-tools-for-stm32.11.3.rel1.linux64_1.1.100.202309141235/tools/bin/../lib/gcc/arm-none-eabi/11.3.1/../../../../arm-none-eabi/lib/thumb/v7e-m+fp/hard/libc_nano.a(libc_a-nano-svfscanf.o)
                0x0000000008009528                __ssvfscanf_r
                0x0000000008009528                __ssvfiscanf_r
 .text._scanf_chars
                0x0000000008009818       0xb4 /opt/stm32cubeide/plugins/com.st.stm32cube.ide.mcu.externaltools.gnu-tools-for-stm32.11.3.rel1.linux64_1.1.100.202309141235/tools/bin/../lib/gcc/arm-none-eabi/11.3.1/../../../../arm-none-eabi/lib/thumb/v7e-m+fp/hard/libc_nano.a(libc_a-nano-vfscanf_i.o)
                0x0000000008009818                _scanf_chars
 .text._scanf_i
                0x00000000080098cc      0x1e8 /opt/stm32cubeide/plugins/com.st.stm32cube.ide.mcu.externaltools.gnu-tools-for-stm32.11.3.rel1.linux64_1.1.100.202309141235/tools/bin/../lib/gcc/arm-none-eabi/11.3.1/../../../../arm-none-eabi/lib/thumb/v7e-m+fp/hard/libc_nano.a(libc_a-nano-vfscanf_i.o)
                0x00000000080098cc                _scanf_i
 .text.__sflush_r
                0x0000000008009ab4      0x10c /opt/stm32cubeide/plugins/com.st.stm32cube.ide.mcu.externaltools.gnu-tools-for-stm32.11.3.rel1.linux64_1.1.100.202309141235/tools/bin/../lib/gcc/arm-none-eabi/11.3.1/../../../../arm-none-eabi/lib/thumb/v7e-m+fp/hard/libc_nano.a(libc_a-fflush.o)
                0x0000000008009ab4                __sflush_r
 .text._fflush_r
                0x0000000008009bc0       0x50 /opt/stm32cubeide/plugins/com.st.stm32cube.ide.mcu.externaltools.gnu-tools-for-stm32.11.3.rel1.linux64_1.1.100.202309141235/tools/bin/../lib/gcc/arm-none-eabi/11.3.1/../../../../arm-none-eabi/lib/thumb/v7e-m+fp/hard/libc_nano.a(libc_a-fflush.o)
                0x0000000008009bc0                _fflush_r
 .text.__sccl   0x0000000008009c10       0x72 /opt/stm32cubeide/plugins/com.st.stm32cube.ide.mcu.externaltools.gnu-tools-for-stm32.11.3.rel1.linux64_1.1.100.202309141235/tools/bin/../lib/gcc/arm-none-eabi/11.3.1/../../../../arm-none-eabi/lib/thumb/v7e-m+fp/hard/libc_nano.a(libc_a-sccl.o)
                0x0000000008009c10                __sccl
 .text.__submore
                0x0000000008009c82       0x74 /opt/stm32cubeide/plugins/com.st.stm32cube.ide.mcu.externaltools.gnu-tools-for-stm32.11.3.rel1.linux64_1.1.100.202309141235/tools/bin/../lib/gcc/arm-none-eabi/11.3.1/../../../../arm-none-eabi/lib/thumb/v7e-m+fp/hard/libc_nano.a(libc_a-ungetc.o)
                0x0000000008009c82                __submore
 *fill*         0x0000000008009cf6        0x2 
 .text._sbrk_r  0x0000000008009cf8       0x20 /opt/stm32cubeide/plugins/com.st.stm32cube.ide.mcu.externaltools.gnu-tools-for-stm32.11.3.rel1.linux64_1.1.100.202309141235/tools/bin/../lib/gcc/arm-none-eabi/11.3.1/../../../../arm-none-eabi/lib/thumb/v7e-m+fp/hard/libc_nano.a(libc_a-sbrkr.o)
                0x0000000008009cf8                _sbrk_r
 .text.__assert_func
                0x0000000008009d18       0x3c /opt/stm32cubeide/plugins/com.st.stm32cube.ide.mcu.externaltools.gnu-tools-for-stm32.11.3.rel1.linux64_1.1.100.202309141235/tools/bin/../lib/gcc/arm-none-eabi/11.3.1/../../../../arm-none-eabi/lib/thumb/v7e-m+fp/hard/libc_nano.a(libc_a-assert.o)
                0x0000000008009d18                __assert_func
 .text._calloc_r
                0x0000000008009d54       0x2c /opt/stm32cubeide/plugins/com.st.stm32cube.ide.mcu.externaltools.gnu-tools-for-stm32.11.3.rel1.linux64_1.1.100.202309141235/tools/bin/../lib/gcc/arm-none-eabi/11.3.1/../../../../arm-none-eabi/lib/thumb/v7e-m+fp/hard/libc_nano.a(libc_a-callocr.o)
                0x0000000008009d54                _calloc_r
 .text.__ascii_mbtowc
                0x0000000008009d80       0x24 /opt/stm32cubeide/plugins/com.st.stm32cube.ide.mcu.externaltools.gnu-tools-for-stm32.11.3.rel1.linux64_1.1.100.202309141235/tools/bin/../lib/gcc/arm-none-eabi/11.3.1/../../../../arm-none-eabi/lib/thumb/v7e-m+fp/hard/libc_nano.a(libc_a-mbtowc_r.o)
                0x0000000008009d80                __ascii_mbtowc
 .text._realloc_r
                0x0000000008009da4       0x5e /opt/stm32cubeide/plugins/com.st.stm32cube.ide.mcu.externaltools.gnu-tools-for-stm32.11.3.rel1.linux64_1.1.100.202309141235/tools/bin/../lib/gcc/arm-none-eabi/11.3.1/../../../../arm-none-eabi/lib/thumb/v7e-m+fp/hard/libc_nano.a(libc_a-reallocr.o)
                0x0000000008009da4                _realloc_r
 *fill*         0x0000000008009e02        0x2 
 .text._strtol_l.constprop.0
                0x0000000008009e04      0x104 /opt/stm32cubeide/plugins/com.st.stm32cube.ide.mcu.externaltools.gnu-tools-for-stm32.11.3.rel1.linux64_1.1.100.202309141235/tools/bin/../lib/gcc/arm-none-eabi/11.3.1/../../../../arm-none-eabi/lib/thumb/v7e-m+fp/hard/libc_nano.a(libc_a-strtol.o)
 .text._strtol_r
                0x0000000008009f08        0x4 /opt/stm32cubeide/plugins/com.st.stm32cube.ide.mcu.externaltools.gnu-tools-for-stm32.11.3.rel1.linux64_1.1.100.202309141235/tools/bin/../lib/gcc/arm-none-eabi/11.3.1/../../../../arm-none-eabi/lib/thumb/v7e-m+fp/hard/libc_nano.a(libc_a-strtol.o)
                0x0000000008009f08                _strtol_r
 .text._strtoul_l.constprop.0
                0x0000000008009f0c       0xe4 /opt/stm32cubeide/plugins/com.st.stm32cube.ide.mcu.externaltools.gnu-tools-for-stm32.11.3.rel1.linux64_1.1.100.202309141235/tools/bin/../lib/gcc/arm-none-eabi/11.3.1/../../../../arm-none-eabi/lib/thumb/v7e-m+fp/hard/libc_nano.a(libc_a-strtoul.o)
 .text._strtoul_r
                0x0000000008009ff0        0x4 /opt/stm32cubeide/plugins/com.st.stm32cube.ide.mcu.externaltools.gnu-tools-for-stm32.11.3.rel1.linux64_1.1.100.202309141235/tools/bin/../lib/gcc/arm-none-eabi/11.3.1/../../../../arm-none-eabi/lib/thumb/v7e-m+fp/hard/libc_nano.a(libc_a-strtoul.o)
                0x0000000008009ff0                _strtoul_r
 .text.__ascii_wctomb
                0x0000000008009ff4       0x1a /opt/stm32cubeide/plugins/com.st.stm32cube.ide.mcu.externaltools.gnu-tools-for-stm32.11.3.rel1.linux64_1.1.100.202309141235/tools/bin/../lib/gcc/arm-none-eabi/11.3.1/../../../../arm-none-eabi/lib/thumb/v7e-m+fp/hard/libc_nano.a(libc_a-wctomb_r.o)
                0x0000000008009ff4                __ascii_wctomb
 *fill*         0x000000000800a00e        0x2 
 .text.fprintf  0x000000000800a010       0x24 /opt/stm32cubeide/plugins/com.st.stm32cube.ide.mcu.externaltools.gnu-tools-for-stm32.11.3.rel1.linux64_1.1.100.202309141235/tools/bin/../lib/gcc/arm-none-eabi/11.3.1/../../../../arm-none-eabi/lib/thumb/v7e-m+fp/hard/libc_nano.a(libc_a-fprintf.o)
                0x000000000800a010                fprintf
                0x000000000800a010                fiprintf
 .text.abort    0x000000000800a034        0xe /opt/stm32cubeide/plugins/com.st.stm32cube.ide.mcu.externaltools.gnu-tools-for-stm32.11.3.rel1.linux64_1.1.100.202309141235/tools/bin/../lib/gcc/arm-none-eabi/11.3.1/../../../../arm-none-eabi/lib/thumb/v7e-m+fp/hard/libc_nano.a(libc_a-abort.o)
                0x000000000800a034                abort
 .text._malloc_usable_size_r
                0x000000000800a042       0x10 /opt/stm32cubeide/plugins/com.st.stm32cube.ide.mcu.externaltools.gnu-tools-for-stm32.11.3.rel1.linux64_1.1.100.202309141235/tools/bin/../lib/gcc/arm-none-eabi/11.3.1/../../../../arm-none-eabi/lib/thumb/v7e-m+fp/hard/libc_nano.a(libc_a-msizer.o)
                0x000000000800a042                _malloc_usable_size_r
 .text.__sfputc_r
                0x000000000800a052       0x2e /opt/stm32cubeide/plugins/com.st.stm32cube.ide.mcu.externaltools.gnu-tools-for-stm32.11.3.rel1.linux64_1.1.100.202309141235/tools/bin/../lib/gcc/arm-none-eabi/11.3.1/../../../../arm-none-eabi/lib/thumb/v7e-m+fp/hard/libc_nano.a(libc_a-nano-vfprintf.o)
 .text.__sfputs_r
                0x000000000800a080       0x24 /opt/stm32cubeide/plugins/com.st.stm32cube.ide.mcu.externaltools.gnu-tools-for-stm32.11.3.rel1.linux64_1.1.100.202309141235/tools/bin/../lib/gcc/arm-none-eabi/11.3.1/../../../../arm-none-eabi/lib/thumb/v7e-m+fp/hard/libc_nano.a(libc_a-nano-vfprintf.o)
                0x000000000800a080                __sfputs_r
 .text._vfprintf_r
                0x000000000800a0a4      0x234 /opt/stm32cubeide/plugins/com.st.stm32cube.ide.mcu.externaltools.gnu-tools-for-stm32.11.3.rel1.linux64_1.1.100.202309141235/tools/bin/../lib/gcc/arm-none-eabi/11.3.1/../../../../arm-none-eabi/lib/thumb/v7e-m+fp/hard/libc_nano.a(libc_a-nano-vfprintf.o)
                0x000000000800a0a4                _vfiprintf_r
                0x000000000800a0a4                _vfprintf_r
 .text.__swbuf_r
                0x000000000800a2d8       0x7a /opt/stm32cubeide/plugins/com.st.stm32cube.ide.mcu.externaltools.gnu-tools-for-stm32.11.3.rel1.linux64_1.1.100.202309141235/tools/bin/../lib/gcc/arm-none-eabi/11.3.1/../../../../arm-none-eabi/lib/thumb/v7e-m+fp/hard/libc_nano.a(libc_a-wbuf.o)
                0x000000000800a2d8                __swbuf_r
 *fill*         0x000000000800a352        0x2 
 .text.__swsetup_r
                0x000000000800a354       0xb0 /opt/stm32cubeide/plugins/com.st.stm32cube.ide.mcu.externaltools.gnu-tools-for-stm32.11.3.rel1.linux64_1.1.100.202309141235/tools/bin/../lib/gcc/arm-none-eabi/11.3.1/../../../../arm-none-eabi/lib/thumb/v7e-m+fp/hard/libc_nano.a(libc_a-wsetup.o)
                0x000000000800a354                __swsetup_r
 .text._raise_r
                0x000000000800a404       0x50 /opt/stm32cubeide/plugins/com.st.stm32cube.ide.mcu.externaltools.gnu-tools-for-stm32.11.3.rel1.linux64_1.1.100.202309141235/tools/bin/../lib/gcc/arm-none-eabi/11.3.1/../../../../arm-none-eabi/lib/thumb/v7e-m+fp/hard/libc_nano.a(libc_a-signal.o)
                0x000000000800a404                _raise_r
 .text.raise    0x000000000800a454       0x10 /opt/stm32cubeide/plugins/com.st.stm32cube.ide.mcu.externaltools.gnu-tools-for-stm32.11.3.rel1.linux64_1.1.100.202309141235/tools/bin/../lib/gcc/arm-none-eabi/11.3.1/../../../../arm-none-eabi/lib/thumb/v7e-m+fp/hard/libc_nano.a(libc_a-signal.o)
                0x000000000800a454                raise
 .text._kill_r  0x000000000800a464       0x24 /opt/stm32cubeide/plugins/com.st.stm32cube.ide.mcu.externaltools.gnu-tools-for-stm32.11.3.rel1.linux64_1.1.100.202309141235/tools/bin/../lib/gcc/arm-none-eabi/11.3.1/../../../../arm-none-eabi/lib/thumb/v7e-m+fp/hard/libc_nano.a(libc_a-signalr.o)
                0x000000000800a464                _kill_r
 .text._getpid_r
                0x000000000800a488        0x4 /opt/stm32cubeide/plugins/com.st.stm32cube.ide.mcu.externaltools.gnu-tools-for-stm32.11.3.rel1.linux64_1.1.100.202309141235/tools/bin/../lib/gcc/arm-none-eabi/11.3.1/../../../../arm-none-eabi/lib/thumb/v7e-m+fp/hard/libc_nano.a(libc_a-signalr.o)
                0x000000000800a488                _getpid_r
 .text.__swhatbuf_r
                0x000000000800a48c       0x4c /opt/stm32cubeide/plugins/com.st.stm32cube.ide.mcu.externaltools.gnu-tools-for-stm32.11.3.rel1.linux64_1.1.100.202309141235/tools/bin/../lib/gcc/arm-none-eabi/11.3.1/../../../../arm-none-eabi/lib/thumb/v7e-m+fp/hard/libc_nano.a(libc_a-makebuf.o)
                0x000000000800a48c                __swhatbuf_r
 .text.__smakebuf_r
                0x000000000800a4d8       0x78 /opt/stm32cubeide/plugins/com.st.stm32cube.ide.mcu.externaltools.gnu-tools-for-stm32.11.3.rel1.linux64_1.1.100.202309141235/tools/bin/../lib/gcc/arm-none-eabi/11.3.1/../../../../arm-none-eabi/lib/thumb/v7e-m+fp/hard/libc_nano.a(libc_a-makebuf.o)
                0x000000000800a4d8                __smakebuf_r
 .text._fstat_r
                0x000000000800a550       0x24 /opt/stm32cubeide/plugins/com.st.stm32cube.ide.mcu.externaltools.gnu-tools-for-stm32.11.3.rel1.linux64_1.1.100.202309141235/tools/bin/../lib/gcc/arm-none-eabi/11.3.1/../../../../arm-none-eabi/lib/thumb/v7e-m+fp/hard/libc_nano.a(libc_a-fstatr.o)
                0x000000000800a550                _fstat_r
 .text._isatty_r
                0x000000000800a574       0x20 /opt/stm32cubeide/plugins/com.st.stm32cube.ide.mcu.externaltools.gnu-tools-for-stm32.11.3.rel1.linux64_1.1.100.202309141235/tools/bin/../lib/gcc/arm-none-eabi/11.3.1/../../../../arm-none-eabi/lib/thumb/v7e-m+fp/hard/libc_nano.a(libc_a-isattyr.o)
                0x000000000800a574                _isatty_r
 *(.glue_7)
 .glue_7        0x000000000800a594        0x0 linker stubs
 *(.glue_7t)
 .glue_7t       0x000000000800a594        0x0 linker stubs
 *(.eh_frame)
 .eh_frame      0x000000000800a594        0x0 /opt/stm32cubeide/plugins/com.st.stm32cube.ide.mcu.externaltools.gnu-tools-for-stm32.11.3.rel1.linux64_1.1.100.202309141235/tools/bin/../lib/gcc/arm-none-eabi/11.3.1/thumb/v7e-m+fp/hard/crtbegin.o
 *(.init)
 .init          0x000000000800a594        0x4 /opt/stm32cubeide/plugins/com.st.stm32cube.ide.mcu.externaltools.gnu-tools-for-stm32.11.3.rel1.linux64_1.1.100.202309141235/tools/bin/../lib/gcc/arm-none-eabi/11.3.1/thumb/v7e-m+fp/hard/crti.o
                0x000000000800a594                _init
 .init          0x000000000800a598        0x8 /opt/stm32cubeide/plugins/com.st.stm32cube.ide.mcu.externaltools.gnu-tools-for-stm32.11.3.rel1.linux64_1.1.100.202309141235/tools/bin/../lib/gcc/arm-none-eabi/11.3.1/thumb/v7e-m+fp/hard/crtn.o
 *(.fini)
 .fini          0x000000000800a5a0        0x4 /opt/stm32cubeide/plugins/com.st.stm32cube.ide.mcu.externaltools.gnu-tools-for-stm32.11.3.rel1.linux64_1.1.100.202309141235/tools/bin/../lib/gcc/arm-none-eabi/11.3.1/thumb/v7e-m+fp/hard/crti.o
                0x000000000800a5a0                _fini
 .fini          0x000000000800a5a4        0x8 /opt/stm32cubeide/plugins/com.st.stm32cube.ide.mcu.externaltools.gnu-tools-for-stm32.11.3.rel1.linux64_1.1.100.202309141235/tools/bin/../lib/gcc/arm-none-eabi/11.3.1/thumb/v7e-m+fp/hard/crtn.o
                0x000000000800a5ac                . = ALIGN (0x4)
                0x000000000800a5ac                _etext = .

.vfp11_veneer   0x000000000800a5ac        0x0
 .vfp11_veneer  0x000000000800a5ac        0x0 linker stubs

.v4_bx          0x000000000800a5ac        0x0
 .v4_bx         0x000000000800a5ac        0x0 linker stubs

.iplt           0x000000000800a5ac        0x0
 .iplt          0x000000000800a5ac        0x0 /opt/stm32cubeide/plugins/com.st.stm32cube.ide.mcu.externaltools.gnu-tools-for-stm32.11.3.rel1.linux64_1.1.100.202309141235/tools/bin/../lib/gcc/arm-none-eabi/11.3.1/thumb/v7e-m+fp/hard/crtbegin.o

.rodata         0x000000000800a5b0      0x9a0
                0x000000000800a5b0                . = ALIGN (0x4)
 *(.rodata)
 .rodata        0x000000000800a5b0        0xc /opt/stm32cubeide/plugins/com.st.stm32cube.ide.mcu.externaltools.gnu-tools-for-stm32.11.3.rel1.linux64_1.1.100.202309141235/tools/bin/../lib/gcc/arm-none-eabi/11.3.1/../../../../arm-none-eabi/lib/thumb/v7e-m+fp/hard/libc_nano.a(libc_a-nano-vfscanf_i.o)
 *(.rodata*)
 .rodata.usart_print_packet.str1.4
                0x000000000800a5bc       0x24 ./Core/Src/main.o
 .rodata.main.str1.4
                0x000000000800a5e0       0x44 ./Core/Src/main.o
 .rodata.pub_data
                0x000000000800a624       0xb3 ./Core/Src/main.o
                0x000000000800a624                pub_data
 *fill*         0x000000000800a6d7        0x1 
 .rodata.pvt_data
                0x000000000800a6d8      0x201 ./Core/Src/main.o
                0x000000000800a6d8                pvt_data
 *fill*         0x000000000800a8d9        0x3 
 .rodata.AHBPrescTable
                0x000000000800a8dc       0x10 ./Core/Src/system_stm32f4xx.o
                0x000000000800a8dc                AHBPrescTable
 .rodata.APBPrescTable
                0x000000000800a8ec        0x8 ./Core/Src/system_stm32f4xx.o
                0x000000000800a8ec                APBPrescTable
 .rodata.flagBitshiftOffset.0
                0x000000000800a8f4        0x8 ./Drivers/STM32F4xx_HAL_Driver/Src/stm32f4xx_hal_dma.o
 .rodata.v64    0x000000000800a8fc      0x200 ./Libs/Rsa/Src/base64.o
 .rodata.bn_from_string.str1.4
                0x000000000800aafc        0x5 ./Libs/Rsa/Src/bignum.o
 *fill*         0x000000000800ab01        0x3 
 .rodata.bn_to_string.str1.4
                0x000000000800ab04        0x7 ./Libs/Rsa/Src/bignum.o
 *fill*         0x000000000800ab0b        0x1 
 .rodata.import_pub_key.str1.4
                0x000000000800ab0c       0x37 ./Libs/Rsa/Src/rsa.o
 *fill*         0x000000000800ab43        0x1 
 .rodata.import_pvt_key.str1.4