Archive member included to satisfy reference by file (symbol)

/opt/stm32cubeide/plugins/com.st.stm32cube.ide.mcu.externaltools.gnu-tools-for-stm32.11.3.rel1.linux64_1.1.100.202309141235/tools/bin/../lib/gcc/arm-none-eabi/11.3.1/../../../../arm-none-eabi/lib/thumb/v7e-m+fp/hard/libc_nano.a(libc_a-exit.o)
                              /opt/stm32cubeide/plugins/com.st.stm32cube.ide.mcu.externaltools.gnu-tools-for-stm32.11.3.rel1.linux64_1.1.100.202309141235/tools/bin/../lib/gcc/arm-none-eabi/11.3.1/../../../../arm-none-eabi/lib/thumb/v7e-m+fp/hard/crt0.o (exit)
/opt/stm32cubeide/plugins/com.st.stm32cube.ide.mcu.externaltools.gnu-tools-for-stm32.11.3.rel1.linux64_1.1.100.202309141235/tools/bin/../lib/gcc/arm-none-eabi/11.3.1/../../../../arm-none-eabi/lib/thumb/v7e-m+fp/hard/libc_nano.a(libc_a-nano-vfprintf_float.o)
                              (_printf_float)
/opt/stm32cubeide/plugins/com.st.stm32cube.ide.mcu.externaltools.gnu-tools-for-stm32.11.3.rel1.linux64_1.1.100.202309141235/tools/bin/../lib/gcc/arm-none-eabi/11.3.1/../../../../arm-none-eabi/lib/thumb/v7e-m+fp/hard/libc_nano.a(libc_a-nano-vfprintf_i.o)
                              /opt/stm32cubeide/plugins/com.st.stm32cube.ide.mcu.externaltools.gnu-tools-for-stm32.11.3.rel1.linux64_1.1.100.202309141235/tools/bin/../lib/gcc/arm-none-eabi/11.3.1/../../../../arm-none-eabi/lib/thumb/v7e-m+fp/hard/libc_nano.a(libc_a-nano-vfprintf_float.o) (_printf_common)
/opt/stm32cubeide/plugins/com.st.stm32cube.ide.mcu.externaltools.gnu-tools-for-stm32.11.3.rel1.linux64_1.1.100.202309141235/tools/bin/../lib/gcc/arm-none-eabi/11.3.1/../../../../arm-none-eabi/lib/thumb/v7e-m+fp/hard/libc_nano.a(libc_a-findfp.o)
                              /opt/stm32cubeide/plugins/com.st.stm32cube.ide.mcu.externaltools.gnu-tools-for-stm32.11.3.rel1.linux64_1.1.100.202309141235/tools/bin/../lib/gcc/arm-none-eabi/11.3.1/../../../../arm-none-eabi/lib/thumb/v7e-m+fp/hard/libc_nano.a(libc_a-exit.o) (__stdio_exit_handler)
/opt/stm32cubeide/plugins/com.st.stm32cube.ide.mcu.externaltools.gnu-tools-for-stm32.11.3.rel1.linux64_1.1.100.202309141235/tools/bin/../lib/gcc/arm-none-eabi/11.3.1/../../../../arm-none-eabi/lib/thumb/v7e-m+fp/hard/libc_nano.a(libc_a-fwalk.o)
                              /opt/stm32cubeide/plugins/com.st.stm32cube.ide.mcu.externaltools.gnu-tools-for-stm32.11.3.rel1.linux64_1.1.100.202309141235/tools/bin/../lib/gcc/arm-none-eabi/11.3.1/../../../../arm-none-eabi/lib/thumb/v7e-m+fp/hard/libc_nano.a(libc_a-findfp.o) (_fwalk_sglue)
/opt/stm32cubeide/plugins/com.st.stm32cube.ide.mcu.externaltools.gnu-tools-for-stm32.11.3.rel1.linux64_1.1.100.202309141235/tools/bin/../lib/gcc/arm-none-eabi/11.3.1/../../../../arm-none-eabi/lib/thumb/v7e-m+fp/hard/libc_nano.a(libc_a-sprintf.o)
                              ./Libs/Rsa/Src/bignum.o (sprintf)
/opt/stm32cubeide/plugins/com.st.stm32cube.ide.mcu.externaltools.gnu-tools-for-stm32.11.3.rel1.linux64_1.1.100.202309141235/tools/bin/../lib/gcc/arm-none-eabi/11.3.1/../../../../arm-none-eabi/lib/thumb/v7e-m+fp/hard/libc_nano.a(libc_a-sscanf.o)
                              ./Libs/Rsa/Src/bignum.o (sscanf)
/opt/stm32cubeide/plugins/com.st.stm32cube.ide.mcu.externaltools.gnu-tools-for-stm32.11.3.rel1.linux64_1.1.100.202309141235/tools/bin/../lib/gcc/arm-none-eabi/11.3.1/../../../../arm-none-eabi/lib/thumb/v7e-m+fp/hard/libc_nano.a(libc_a-stdio.o)
                              /opt/stm32cubeide/plugins/com.st.stm32cube.ide.mcu.externaltools.gnu-tools-for-stm32.11.3.rel1.linux64_1.1.100.202309141235/tools/bin/../lib/gcc/arm-none-eabi/11.3.1/../../../../arm-none-eabi/lib/thumb/v7e-m+fp/hard/libc_nano.a(libc_a-findfp.o) (__sread)
/opt/stm32cubeide/plugins/com.st.stm32cube.ide.mcu.externaltools.gnu-tools-for-stm32.11.3.rel1.linux64_1.1.100.202309141235/tools/bin/../lib/gcc/arm-none-eabi/11.3.1/../../../../arm-none-eabi/lib/thumb/v7e-m+fp/hard/libc_nano.a(libc_a-vsnprintf.o)
                              ./Core/Src/logging.o (vsnprintf)
/opt/stm32cubeide/plugins/com.st.stm32cube.ide.mcu.externaltools.gnu-tools-for-stm32.11.3.rel1.linux64_1.1.100.202309141235/tools/bin/../lib/gcc/arm-none-eabi/11.3.1/../../../../arm-none-eabi/lib/thumb/v7e-m+fp/hard/libc_nano.a(libc_a-memmove.o)
                              ./Libs/Rsa/Src/montgomery.o (memmove)
/opt/stm32cubeide/plugins/com.st.stm32cube.ide.mcu.externaltools.gnu-tools-for-stm32.11.3.rel1.linux64_1.1.100.202309141235/tools/bin/../lib/gcc/arm-none-eabi/11.3.1/../../../../arm-none-eabi/lib/thumb/v7e-m+fp/hard/libc_nano.a(libc_a-memset.o)
                              /opt/stm32cubeide/plugins/com.st.stm32cube.ide.mcu.externaltools.gnu-tools-for-stm32.11.3.rel1.linux64_1.1.100.202309141235/tools/bin/../lib/gcc/arm-none-eabi/11.3.1/../../../../arm-none-eabi/lib/thumb/v7e-m+fp/hard/crt0.o (memset)
[...]
Memory Configuration

Name             Origin             Length             Attributes
RAM              0x0000000020000000 0x0000000000020000 xrw
FLASH            0x0000000008000000 0x0000000000080000 xr
*default*        0x0000000000000000 0xffffffffffffffff

Linker script and memory map

LOAD /opt/stm32cubeide/plugins/com.st.stm32cube.ide.mcu.externaltools.gnu-tools-for-stm32.11.3.rel1.linux64_1.1.100.202309141235/tools/bin/../lib/gcc/arm-none-eabi/11.3.1/thumb/v7e-m+fp/hard/crti.o
LOAD /opt/stm32cubeide/plugins/com.st.stm32cube.ide.mcu.externaltools.gnu-tools-for-stm32.11.3.rel1.linux64_1.1.100.202309141235/tools/bin/../lib/gcc/arm-none-eabi/11.3.1/thumb/v7e-m+fp/hard/crtbegin.o
LOAD /opt/stm32cubeide/plugins/com.st.stm32cube.ide.mcu.externaltools.gnu-tools-for-stm32.11.3.rel1.linux64_1.1.100.202309141235/tools/bin/../lib/gcc/arm-none-eabi/11.3.1/../../../../arm-none-eabi/lib/thumb/v7e-m+fp/hard/crt0.o
LOAD ./Core/Src/dma.o
LOAD ./Core/Src/gpio.o
LOAD ./Core/Src/i2c.o
LOAD ./Core/Src/logging.o
LOAD ./Core/Src/main.o
LOAD ./Core/Src/stm32f4xx_hal_msp.o
LOAD ./Core/Src/stm32f4xx_hal_timebase_tim.o
LOAD ./Core/Src/stm32f4xx_it.o
LOAD ./Core/Src/syscalls.o
LOAD ./Core/Src/sysmem.o
LOAD ./Core/Src/system_stm32f4xx.o
LOAD ./Core/Src/usart.o
LOAD ./Core/Startup/startup_stm32f411retx.o
LOAD ./Drivers/STM32F4xx_HAL_Driver/Src/stm32f4xx_hal.o
LOAD ./Drivers/STM32F4xx_HAL_Driver/Src/stm32f4xx_hal_cortex.o
LOAD ./Drivers/STM32F4xx_HAL_Driver/Src/stm32f4xx_hal_dma.o
LOAD ./Drivers/STM32F4xx_HAL_Driver/Src/stm32f4xx_hal_dma_ex.o
LOAD ./Drivers/STM32F4xx_HAL_Driver/Src/stm32f4xx_hal_exti.o
LOAD ./Drivers/STM32F4xx_HAL_Driver/Src/stm32f4xx_hal_flash.o
LOAD ./Drivers/STM32F4xx_HAL_Driver/Src/stm32f4xx_hal_flash_ex.o
LOAD ./Drivers/STM32F4xx_HAL_Driver/Src/stm32f4xx_hal_flash_ramfunc.o
LOAD ./Drivers/STM32F4xx_HAL_Driver/Src/stm32f4xx_hal_gpio.o
LOAD ./Drivers/STM32F4xx_HAL_Driver/Src/stm32f4xx_hal_i2c.o
LOAD ./Drivers/STM32F4xx_HAL_Driver/Src/stm32f4xx_hal_i2c_ex.o
LOAD ./Drivers/STM32F4xx_HAL_Driver/Src/stm32f4xx_hal_pcd.o
LOAD ./Drivers/STM32F4xx_HAL_Driver/Src/stm32f4xx_hal_pcd_ex.o
LOAD ./Drivers/STM32F4xx_HAL_Driver/Src/stm32f4xx_hal_pwr.o
LOAD ./Drivers/STM32F4xx_HAL_Driver/Src/stm32f4xx_hal_pwr_ex.o
LOAD ./Drivers/STM32F4xx_HAL_Driver/Src/stm32f4xx_hal_rcc.o
LOAD ./Drivers/STM32F4xx_HAL_Driver/Src/stm32f4xx_hal_rcc_ex.o
LOAD ./Drivers/STM32F4xx_HAL_Driver/Src/stm32f4xx_hal_tim.o
LOAD ./Drivers/STM32F4xx_HAL_Driver/Src/stm32f4xx_hal_tim_ex.o
LOAD ./Drivers/STM32F4xx_HAL_Driver/Src/stm32f4xx_hal_uart.o
LOAD ./Drivers/STM32F4xx_HAL_Driver/Src/stm32f4xx_ll_usb.o
LOAD ./Libs/Rsa/Src/asn1.o
LOAD ./Libs/Rsa/Src/base64.o
LOAD ./Libs/Rsa/Src/bignum.o
LOAD ./Libs/Rsa/Src/montgomery.o
LOAD ./Libs/Rsa/Src/rsa.o
LOAD ./Middlewares/ST/STM32_USB_Device_Library/Class/CDC/Src/usbd_cdc.o
LOAD ./Middlewares/ST/STM32_USB_Device_Library/Core/Src/usbd_core.o
LOAD ./Middlewares/ST/STM32_USB_Device_Library/Core/Src/usbd_ctlreq.o
LOAD ./Middlewares/ST/STM32_USB_Device_Library/Core/Src/usbd_ioreq.o
LOAD ./USB_DEVICE/App/usb_device.o
LOAD ./USB_DEVICE/App/usbd_cdc_if.o
LOAD ./USB_DEVICE/App/usbd_desc.o
LOAD ./USB_DEVICE/Target/usbd_conf.o
START GROUP
LOAD /opt/stm32cubeide/plugins/com.st.stm32cube.ide.mcu.externaltools.gnu-tools-for-stm32.11.3.rel1.linux64_1.1.100.202309141235/tools/bin/../lib/gcc/arm-none-eabi/11.3.1/../../../../arm-none-eabi/lib/thumb/v7e-m+fp/hard/libc_nano.a
LOAD /opt/stm32cubeide/plugins/com.st.stm32cube.ide.mcu.externaltools.gnu-tools-for-stm32.11.3.rel1.linux64_1.1.100.202309141235/tools/bin/../lib/gcc/arm-none-eabi/11.3.1/../../../../arm-none-eabi/lib/thumb/v7e-m+fp/hard/libm.a
END GROUP
START GROUP
LOAD /opt/stm32cubeide/plugins/com.st.stm32cube.ide.mcu.externaltools.gnu-tools-for-stm32.11.3.rel1.linux64_1.1.100.202309141235/tools/bin/../lib/gcc/arm-none-eabi/11.3.1/thumb/v7e-m+fp/hard/libgcc.a
LOAD /opt/stm32cubeide/plugins/com.st.stm32cube.ide.mcu.externaltools.gnu-tools-for-stm32.11.3.rel1.linux64_1.1.100.202309141235/tools/bin/../lib/gcc/arm-none-eabi/11.3.1/../../../../arm-none-eabi/lib/thumb/v7e-m+fp/hard/libc_nano.a
END GROUP
START GROUP
LOAD /opt/stm32cubeide/plugins/com.st.stm32cube.ide.mcu.externaltools.gnu-tools-for-stm32.11.3.rel1.linux64_1.1.100.202309141235/tools/bin/../lib/gcc/arm-none-eabi/11.3.1/thumb/v7e-m+fp/hard/libgcc.a
LOAD /opt/stm32cubeide/plugins/com.st.stm32cube.ide.mcu.externaltools.gnu-tools-for-stm32.11.3.rel1.linux64_1.1.100.202309141235/tools/bin/../lib/gcc/arm-none-eabi/11.3.1/../../../../arm-none-eabi/lib/thumb/v7e-m+fp/hard/libc_nano.a
LOAD /opt/stm32cubeide/plugins/com.st.stm32cube.ide.mcu.externaltools.gnu-tools-for-stm32.11.3.rel1.linux64_1.1.100.202309141235/tools/bin/../lib/gcc/arm-none-eabi/11.3.1/../../../../arm-none-eabi/lib/thumb/v7e-m+fp/hard/libnosys.a
END GROUP
START GROUP
LOAD /opt/stm32cubeide/plugins/com.st.stm32cube.ide.mcu.externaltools.gnu-tools-for-stm32.11.3.rel1.linux64_1.1.100.202309141235/tools/bin/../lib/gcc/arm-none-eabi/11.3.1/thumb/v7e-m+fp/hard/libgcc.a
LOAD /opt/stm32cubeide/plugins/com.st.stm32cube.ide.mcu.externaltools.gnu-tools-for-stm32.11.3.rel1.linux64_1.1.100.202309141235/tools/bin/../lib/gcc/arm-none-eabi/11.3.1/../../../../arm-none-eabi/lib/thumb/v7e-m+fp/hard/libc_nano.a
LOAD /opt/stm32cubeide/plugins/com.st.stm32cube.ide.mcu.externaltools.gnu-tools-for-stm32.11.3.rel1.linux64_1.1.100.202309141235/tools/bin/../lib/gcc/arm-none-eabi/11.3.1/../../../../arm-none-eabi/lib/thumb/v7e-m+fp/hard/libnosys.a
END GROUP
LOAD /opt/stm32cubeide/plugins/com.st.stm32cube.ide.mcu.externaltools.gnu-tools-for-stm32.11.3.rel1.linux64_1.1.100.202309141235/tools/bin/../lib/gcc/arm-none-eabi/11.3.1/thumb/v7e-m+fp/hard/crtend.o
LOAD /opt/stm32cubeide/plugins/com.st.stm32cube.ide.mcu.externaltools.gnu-tools-for-stm32.11.3.rel1.linux64_1.1.100.202309141235/tools/bin/../lib/gcc/arm-none-eabi/11.3.1/thumb/v7e-m+fp/hard/crtn.o
                0x0000000020020000                _estack = (ORIGIN (RAM) + LENGTH (RAM))
                0x0000000000000200                _Min_Heap_Size = 0x200
                0x0000000000000400                _Min_Stack_Size = 0x400

.isr_vector     0x0000000008000000      0x198
                0x0000000008000000                . = ALIGN (0x4)
 *(.isr_vector)
 .isr_vector    0x0000000008000000      0x198 ./Core/Startup/startup_stm32f411retx.o
                0x0000000008000000                g_pfnVectors
                0x0000000008000198                . = ALIGN (0x4)

.text           0x00000000080001a0     0xb634
                0x00000000080001a0                . = ALIGN (0x4)
 *(.text)
 .text          0x00000000080001a0       0x40 /opt/stm32cubeide/plugins/com.st.stm32cube.ide.mcu.externaltools.gnu-tools-for-stm32.11.3.rel1.linux64_1.1.100.202309141235/tools/bin/../lib/gcc/arm-none-eabi/11.3.1/thumb/v7e-m+fp/hard/crtbegin.o
 .text          0x00000000080001e0       0xa0 /opt/stm32cubeide/plugins/com.st.stm32cube.ide.mcu.externaltools.gnu-tools-for-stm32.11.3.rel1.linux64_1.1.100.202309141235/tools/bin/../lib/gcc/arm-none-eabi/11.3.1/../../../../arm-none-eabi/lib/thumb/v7e-m+fp/hard/libc_nano.a(libc_a-memchr.o)
                0x00000000080001e0                memchr
 .text          0x0000000008000280       0x10 /opt/stm32cubeide/plugins/com.st.stm32cube.ide.mcu.externaltools.gnu-tools-for-stm32.11.3.rel1.linux64_1.1.100.202309141235/tools/bin/../lib/gcc/arm-none-eabi/11.3.1/../../../../arm-none-eabi/lib/thumb/v7e-m+fp/hard/libc_nano.a(libc_a-strlen.o)
                0x0000000008000280                strlen
 .text          0x0000000008000290      0x378 /opt/stm32cubeide/plugins/com.st.stm32cube.ide.mcu.externaltools.gnu-tools-for-stm32.11.3.rel1.linux64_1.1.100.202309141235/tools/bin/../lib/gcc/arm-none-eabi/11.3.1/thumb/v7e-m+fp/hard/libgcc.a(_arm_addsubdf3.o)
                0x0000000008000290                __aeabi_drsub
                0x0000000008000298                __aeabi_dsub
                0x0000000008000298                __subdf3
                0x000000000800029c                __adddf3
                0x000000000800029c                __aeabi_dadd
                0x0000000008000514                __aeabi_ui2d
                0x0000000008000514                __floatunsidf
                0x0000000008000534                __floatsidf
                0x0000000008000534                __aeabi_i2d
                0x0000000008000558                __extendsfdf2
                0x0000000008000558                __aeabi_f2d
                0x000000000800059c                __aeabi_ul2d
                0x000000000800059c                __floatundidf
                0x00000000080005ac                __floatdidf
                0x00000000080005ac                __aeabi_l2d
 .text          0x0000000008000608      0x424 /opt/stm32cubeide/plugins/com.st.stm32cube.ide.mcu.externaltools.gnu-tools-for-stm32.11.3.rel1.linux64_1.1.100.202309141235/tools/bin/../lib/gcc/arm-none-eabi/11.3.1/thumb/v7e-m+fp/hard/libgcc.a(_arm_muldivdf3.o)
                0x0000000008000608                __aeabi_dmul
                0x0000000008000608                __muldf3
                0x000000000800085c                __aeabi_ddiv
                0x000000000800085c                __divdf3
 .text          0x0000000008000a2c      0x110 /opt/stm32cubeide/plugins/com.st.stm32cube.ide.mcu.externaltools.gnu-tools-for-stm32.11.3.rel1.linux64_1.1.100.202309141235/tools/bin/../lib/gcc/arm-none-eabi/11.3.1/thumb/v7e-m+fp/hard/libgcc.a(_arm_cmpdf2.o)
                0x0000000008000a2c                __gtdf2
                0x0000000008000a2c                __gedf2
                0x0000000008000a34                __ltdf2
                0x0000000008000a34                __ledf2
                0x0000000008000a3c                __cmpdf2
                0x0000000008000a3c                __eqdf2
                0x0000000008000a3c                __nedf2
                0x0000000008000ab8                __aeabi_cdrcmple
                0x0000000008000ac8                __aeabi_cdcmple
                0x0000000008000ac8                __aeabi_cdcmpeq
                0x0000000008000ad8                __aeabi_dcmpeq
                0x0000000008000aec                __aeabi_dcmplt
                0x0000000008000b00                __aeabi_dcmple
                0x0000000008000b14                __aeabi_dcmpge
                0x0000000008000b28                __aeabi_dcmpgt
 .text          0x0000000008000b3c       0x2c /opt/stm32cubeide/plugins/com.st.stm32cube.ide.mcu.externaltools.gnu-tools-for-stm32.11.3.rel1.linux64_1.1.100.202309141235/tools/bin/../lib/gcc/arm-none-eabi/11.3.1/thumb/v7e-m+fp/hard/libgcc.a(_arm_unorddf2.o)
                0x0000000008000b3c                __aeabi_dcmpun
                0x0000000008000b3c                __unorddf2
 .text          0x0000000008000b68       0x50 /opt/stm32cubeide/plugins/com.st.stm32cube.ide.mcu.externaltools.gnu-tools-for-stm32.11.3.rel1.linux64_1.1.100.202309141235/tools/bin/../lib/gcc/arm-none-eabi/11.3.1/thumb/v7e-m+fp/hard/libgcc.a(_arm_fixdfsi.o)
                0x0000000008000b68                __fixdfsi
                0x0000000008000b68                __aeabi_d2iz
 .text          0x0000000008000bb8       0x30 /opt/stm32cubeide/plugins/com.st.stm32cube.ide.mcu.externaltools.gnu-tools-for-stm32.11.3.rel1.linux64_1.1.100.202309141235/tools/bin/../lib/gcc/arm-none-eabi/11.3.1/thumb/v7e-m+fp/hard/libgcc.a(_aeabi_uldivmod.o)
                0x0000000008000bb8                __aeabi_uldivmod
 .text          0x0000000008000be8      0x2c8 /opt/stm32cubeide/plugins/com.st.stm32cube.ide.mcu.externaltools.gnu-tools-for-stm32.11.3.rel1.linux64_1.1.100.202309141235/tools/bin/../lib/gcc/arm-none-eabi/11.3.1/thumb/v7e-m+fp/hard/libgcc.a(_udivmoddi4.o)
                0x0000000008000be8                __udivmoddi4
 .text          0x0000000008000eb0        0x4 /opt/stm32cubeide/plugins/com.st.stm32cube.ide.mcu.externaltools.gnu-tools-for-stm32.11.3.rel1.linux64_1.1.100.202309141235/tools/bin/../lib/gcc/arm-none-eabi/11.3.1/thumb/v7e-m+fp/hard/libgcc.a(_dvmd_tls.o)
                0x0000000008000eb0                __aeabi_ldiv0
                0x0000000008000eb0                __aeabi_idiv0
 *(.text*)
 .text.MX_DMA_Init
                0x0000000008000eb4       0xe0 ./Core/Src/dma.o
                0x0000000008000eb4                MX_DMA_Init
 .text.MX_GPIO_Init
                0x0000000008000f94       0xa8 ./Core/Src/gpio.o
                0x0000000008000f94                MX_GPIO_Init
 .text.MX_I2C1_Init
                0x000000000800103c       0x3c ./Core/Src/i2c.o
                0x000000000800103c                MX_I2C1_Init
 .text.HAL_I2C_MspInit
                0x0000000008001078      0x100 ./Core/Src/i2c.o
                0x0000000008001078                HAL_I2C_MspInit
 .text.usart_printf
                0x0000000008001178       0x34 ./Core/Src/logging.o
                0x0000000008001178                usart_printf
 .text.SystemClock_Config
                0x00000000080011ac       0xa0 ./Core/Src/main.o
                0x00000000080011ac                SystemClock_Config
 .text.startup.main
                0x000000000800124c       0xf8 ./Core/Src/main.o
                0x000000000800124c                main
 .text.HAL_TIM_PeriodElapsedCallback
                0x0000000008001344       0x10 ./Core/Src/main.o
                0x0000000008001344                HAL_TIM_PeriodElapsedCallback
 .text.Error_Handler
                0x0000000008001354        0x4 ./Core/Src/main.o
                0x0000000008001354                Error_Handler
 .text.HAL_MspInit
                0x0000000008001358       0x38 ./Core/Src/stm32f4xx_hal_msp.o
                0x0000000008001358                HAL_MspInit
 .text.HAL_InitTick
                0x0000000008001390       0xa4 ./Core/Src/stm32f4xx_hal_timebase_tim.o
                0x0000000008001390                HAL_InitTick
 .text.NMI_Handler
                0x0000000008001434        0x4 ./Core/Src/stm32f4xx_it.o
                0x0000000008001434                NMI_Handler
 .text.HardFault_Handler
                0x0000000008001438        0x4 ./Core/Src/stm32f4xx_it.o
                0x0000000008001438                HardFault_Handler
 .text.MemManage_Handler
                0x000000000800143c        0x4 ./Core/Src/stm32f4xx_it.o
                0x000000000800143c                MemManage_Handler
 .text.BusFault_Handler
                0x0000000008001440        0x4 ./Core/Src/stm32f4xx_it.o
                0x0000000008001440                BusFault_Handler
 .text.UsageFault_Handler
                0x0000000008001444        0x4 ./Core/Src/stm32f4xx_it.o
                0x0000000008001444                UsageFault_Handler
 .text.SVC_Handler
                0x0000000008001448        0x4 ./Core/Src/stm32f4xx_it.o
                0x0000000008001448                SVC_Handler
 .text.DebugMon_Handler
                0x000000000800144c        0x4 ./Core/Src/stm32f4xx_it.o
                0x000000000800144c                DebugMon_Handler
 .text.PendSV_Handler
                0x0000000008001450        0x4 ./Core/Src/stm32f4xx_it.o
                0x0000000008001450                PendSV_Handler
 .text.SysTick_Handler
                0x0000000008001454        0x4 ./Core/Src/stm32f4xx_it.o
                0x0000000008001454                SysTick_Handler
 .text.DMA1_Stream0_IRQHandler
                0x0000000008001458        0xc ./Core/Src/stm32f4xx_it.o
                0x0000000008001458                DMA1_Stream0_IRQHandler
 .text.DMA1_Stream1_IRQHandler
                0x0000000008001464        0xc ./Core/Src/stm32f4xx_it.o
                0x0000000008001464                DMA1_Stream1_IRQHandler
 .text.DMA1_Stream5_IRQHandler
                0x0000000008001470        0xc ./Core/Src/stm32f4xx_it.o
                0x0000000008001470                DMA1_Stream5_IRQHandler
 .text.DMA1_Stream6_IRQHandler
                0x000000000800147c        0xc ./Core/Src/stm32f4xx_it.o
                0x000000000800147c                DMA1_Stream6_IRQHandler
 .text.TIM2_IRQHandler
                0x0000000008001488        0xc ./Core/Src/stm32f4xx_it.o
                0x0000000008001488                TIM2_IRQHandler
 .text.I2C1_EV_IRQHandler
                0x0000000008001494        0xc ./Core/Src/stm32f4xx_it.o
                0x0000000008001494                I2C1_EV_IRQHandler
 .text.USART2_IRQHandler
                0x00000000080014a0        0xc ./Core/Src/stm32f4xx_it.o
                0x00000000080014a0                USART2_IRQHandler
 .text.DMA2_Stream0_IRQHandler
                0x00000000080014ac        0xc ./Core/Src/stm32f4xx_it.o
                0x00000000080014ac                DMA2_Stream0_IRQHandler
 .text.OTG_FS_IRQHandler
                0x00000000080014b8        0xc ./Core/Src/stm32f4xx_it.o
                0x00000000080014b8                OTG_FS_IRQHandler
 .text._getpid  0x00000000080014c4        0x4 ./Core/Src/syscalls.o
                0x00000000080014c4                _getpid
 .text._kill    0x00000000080014c8       0x10 ./Core/Src/syscalls.o
                0x00000000080014c8                _kill
 .text._exit    0x00000000080014d8        0xc ./Core/Src/syscalls.o
                0x00000000080014d8                _exit
 .text._read    0x00000000080014e4       0x1c ./Core/Src/syscalls.o
                0x00000000080014e4                _read
 .text._write   0x0000000008001500       0x1c ./Core/Src/syscalls.o
                0x0000000008001500                _write
 .text._close   0x000000000800151c        0x8 ./Core/Src/syscalls.o
                0x000000000800151c                _close
 .text._fstat   0x0000000008001524        0xc ./Core/Src/syscalls.o
                0x0000000008001524                _fstat
 .text._isatty  0x0000000008001530        0x4 ./Core/Src/syscalls.o
                0x0000000008001530                _isatty
 .text._lseek   0x0000000008001534        0x4 ./Core/Src/syscalls.o
                0x0000000008001534                _lseek
 .text._sbrk    0x0000000008001538       0x44 ./Core/Src/sysmem.o
                0x0000000008001538                _sbrk
 .text.SystemInit
                0x000000000800157c       0x14 ./Core/Src/system_stm32f4xx.o
                0x000000000800157c                SystemInit
 .text.MX_USART2_UART_Init
                0x0000000008001590       0x38 ./Core/Src/usart.o
                0x0000000008001590                MX_USART2_UART_Init
 .text.HAL_UART_MspInit
                0x00000000080015c8      0x100 ./Core/Src/usart.o
                0x00000000080015c8                HAL_UART_MspInit
 .text.Reset_Handler
                0x00000000080016c8       0x50 ./Core/Startup/startup_stm32f411retx.o
                0x00000000080016c8                Reset_Handler
 .text.Default_Handler
                0x0000000008001718        0x2 ./Core/Startup/startup_stm32f411retx.o
                0x0000000008001718                RTC_Alarm_IRQHandler
                0x0000000008001718                EXTI2_IRQHandler
                0x0000000008001718                SPI4_IRQHandler
                0x0000000008001718                TIM1_CC_IRQHandler
                0x0000000008001718                DMA2_Stream5_IRQHandler
                0x0000000008001718                PVD_IRQHandler
                0x0000000008001718                SDIO_IRQHandler
                0x0000000008001718                TAMP_STAMP_IRQHandler
                0x0000000008001718                EXTI3_IRQHandler
                0x0000000008001718                TIM1_UP_TIM10_IRQHandler
                0x0000000008001718                I2C3_ER_IRQHandler
                0x0000000008001718                EXTI0_IRQHandler
                0x0000000008001718                I2C2_EV_IRQHandler
                0x0000000008001718                DMA1_Stream2_IRQHandler
                0x0000000008001718                FPU_IRQHandler
                0x0000000008001718                DMA2_Stream2_IRQHandler
                0x0000000008001718                SPI1_IRQHandler
                0x0000000008001718                TIM1_BRK_TIM9_IRQHandler
                0x0000000008001718                DMA2_Stream3_IRQHandler
                0x0000000008001718                USART6_IRQHandler
                0x0000000008001718                TIM4_IRQHandler
                0x0000000008001718                TIM3_IRQHandler
                0x0000000008001718                RCC_IRQHandler
                0x0000000008001718                Default_Handler
                0x0000000008001718                EXTI15_10_IRQHandler
                0x0000000008001718                ADC_IRQHandler
                0x0000000008001718                DMA1_Stream7_IRQHandler
                0x0000000008001718                SPI5_IRQHandler
                0x0000000008001718                TIM5_IRQHandler
                0x0000000008001718                DMA2_Stream7_IRQHandler
                0x0000000008001718                I2C3_EV_IRQHandler
                0x0000000008001718                EXTI9_5_IRQHandler
                0x0000000008001718                RTC_WKUP_IRQHandler
                0x0000000008001718                SPI2_IRQHandler
                0x0000000008001718                EXTI4_IRQHandler
                0x0000000008001718                WWDG_IRQHandler
                0x0000000008001718                OTG_FS_WKUP_IRQHandler
                0x0000000008001718                TIM1_TRG_COM_TIM11_IRQHandler
                0x0000000008001718                EXTI1_IRQHandler
                0x0000000008001718                I2C2_ER_IRQHandler
                0x0000000008001718                DMA2_Stream1_IRQHandler
                0x0000000008001718                FLASH_IRQHandler
                0x0000000008001718                DMA2_Stream4_IRQHandler
                0x0000000008001718                USART1_IRQHandler
                0x0000000008001718                SPI3_IRQHandler
                0x0000000008001718                DMA1_Stream4_IRQHandler
                0x0000000008001718                I2C1_ER_IRQHandler
                0x0000000008001718                DMA2_Stream6_IRQHandler
                0x0000000008001718                DMA1_Stream3_IRQHandler
 *fill*         0x000000000800171a        0x2 
 .text.HAL_Init
                0x000000000800171c       0x34 ./Drivers/STM32F4xx_HAL_Driver/Src/stm32f4xx_hal.o
                0x000000000800171c                HAL_Init
 .text.HAL_IncTick
                0x0000000008001750       0x18 ./Drivers/STM32F4xx_HAL_Driver/Src/stm32f4xx_hal.o
                0x0000000008001750                HAL_IncTick
 .text.HAL_GetTick
                0x0000000008001768        0xc ./Drivers/STM32F4xx_HAL_Driver/Src/stm32f4xx_hal.o
                0x0000000008001768                HAL_GetTick
 .text.HAL_Delay
                0x0000000008001774       0x24 ./Drivers/STM32F4xx_HAL_Driver/Src/stm32f4xx_hal.o
                0x0000000008001774                HAL_Delay
 .text.HAL_NVIC_SetPriorityGrouping
                0x0000000008001798       0x24 ./Drivers/STM32F4xx_HAL_Driver/Src/stm32f4xx_hal_cortex.o
                0x0000000008001798                HAL_NVIC_SetPriorityGrouping
 .text.HAL_NVIC_SetPriority
                0x00000000080017bc       0x7c ./Drivers/STM32F4xx_HAL_Driver/Src/stm32f4xx_hal_cortex.o
                0x00000000080017bc                HAL_NVIC_SetPriority
 .text.HAL_NVIC_EnableIRQ
                0x0000000008001838       0x1c ./Drivers/STM32F4xx_HAL_Driver/Src/stm32f4xx_hal_cortex.o
                0x0000000008001838                HAL_NVIC_EnableIRQ
 .text.HAL_DMA_Init
                0x0000000008001854      0x130 ./Drivers/STM32F4xx_HAL_Driver/Src/stm32f4xx_hal_dma.o
                0x0000000008001854                HAL_DMA_Init
 .text.HAL_DMA_Start_IT
                0x0000000008001984       0x80 ./Drivers/STM32F4xx_HAL_Driver/Src/stm32f4xx_hal_dma.o
                0x0000000008001984                HAL_DMA_Start_IT
 .text.HAL_DMA_Abort
                0x0000000008001a04       0x94 ./Drivers/STM32F4xx_HAL_Driver/Src/stm32f4xx_hal_dma.o
                0x0000000008001a04                HAL_DMA_Abort
 .text.HAL_DMA_Abort_IT
                0x0000000008001a98       0x24 ./Drivers/STM32F4xx_HAL_Driver/Src/stm32f4xx_hal_dma.o
                0x0000000008001a98                HAL_DMA_Abort_IT
 .text.HAL_DMA_IRQHandler
                0x0000000008001abc      0x1ac ./Drivers/STM32F4xx_HAL_Driver/Src/stm32f4xx_hal_dma.o
                0x0000000008001abc                HAL_DMA_IRQHandler
 .text.HAL_DMA_GetState
                0x0000000008001c68        0x8 ./Drivers/STM32F4xx_HAL_Driver/Src/stm32f4xx_hal_dma.o
                0x0000000008001c68                HAL_DMA_GetState
 .text.HAL_GPIO_Init
                0x0000000008001c70      0x1e8 ./Drivers/STM32F4xx_HAL_Driver/Src/stm32f4xx_hal_gpio.o
                0x0000000008001c70                HAL_GPIO_Init
 .text.HAL_GPIO_WritePin
                0x0000000008001e58        0x8 ./Drivers/STM32F4xx_HAL_Driver/Src/stm32f4xx_hal_gpio.o
                0x0000000008001e58                HAL_GPIO_WritePin
 .text.HAL_I2C_Init
                0x0000000008001e60      0x190 ./Drivers/STM32F4xx_HAL_Driver/Src/stm32f4xx_hal_i2c.o
                0x0000000008001e60                HAL_I2C_Init
 .text.HAL_I2C_MasterTxCpltCallback
                0x0000000008001ff0        0x4 ./Drivers/STM32F4xx_HAL_Driver/Src/stm32f4xx_hal_i2c.o
                0x0000000008001ff0                HAL_I2C_MasterTxCpltCallback
 .text.HAL_I2C_MasterRxCpltCallback
                0x0000000008001ff4        0x4 ./Drivers/STM32F4xx_HAL_Driver/Src/stm32f4xx_hal_i2c.o
                0x0000000008001ff4                HAL_I2C_MasterRxCpltCallback
 .text.HAL_I2C_SlaveTxCpltCallback
                0x0000000008001ff8        0x4 ./Drivers/STM32F4xx_HAL_Driver/Src/stm32f4xx_hal_i2c.o
                0x0000000008001ff8                HAL_I2C_SlaveTxCpltCallback
 .text.HAL_I2C_SlaveRxCpltCallback
                0x0000000008001ffc        0x4 ./Drivers/STM32F4xx_HAL_Driver/Src/stm32f4xx_hal_i2c.o
                0x0000000008001ffc                HAL_I2C_SlaveRxCpltCallback
 .text.HAL_I2C_AddrCallback
                0x0000000008002000        0x4 ./Drivers/STM32F4xx_HAL_Driver/Src/stm32f4xx_hal_i2c.o
                0x0000000008002000                HAL_I2C_AddrCallback
 .text.HAL_I2C_ListenCpltCallback
                0x0000000008002004        0x4 ./Drivers/STM32F4xx_HAL_Driver/Src/stm32f4xx_hal_i2c.o
                0x0000000008002004                HAL_I2C_ListenCpltCallback
 .text.HAL_I2C_MemTxCpltCallback
                0x0000000008002008        0x4 ./Drivers/STM32F4xx_HAL_Driver/Src/stm32f4xx_hal_i2c.o
                0x0000000008002008                HAL_I2C_MemTxCpltCallback
 .text.I2C_MemoryTransmit_TXE_BTF
                0x000000000800200c       0xbc ./Drivers/STM32F4xx_HAL_Driver/Src/stm32f4xx_hal_i2c.o
 .text.HAL_I2C_MemRxCpltCallback
                0x00000000080020c8        0x4 ./Drivers/STM32F4xx_HAL_Driver/Src/stm32f4xx_hal_i2c.o
                0x00000000080020c8                HAL_I2C_MemRxCpltCallback
 .text.HAL_I2C_ErrorCallback
                0x00000000080020cc        0x4 ./Drivers/STM32F4xx_HAL_Driver/Src/stm32f4xx_hal_i2c.o
                0x00000000080020cc                HAL_I2C_ErrorCallback
 .text.HAL_I2C_AbortCpltCallback
                0x00000000080020d0        0x4 ./Drivers/STM32F4xx_HAL_Driver/Src/stm32f4xx_hal_i2c.o
                0x00000000080020d0                HAL_I2C_AbortCpltCallback
 .text.I2C_DMAAbort
                0x00000000080020d4       0xf4 ./Drivers/STM32F4xx_HAL_Driver/Src/stm32f4xx_hal_i2c.o
 .text.I2C_ITError
                0x00000000080021c8      0x16c ./Drivers/STM32F4xx_HAL_Driver/Src/stm32f4xx_hal_i2c.o
 .text.HAL_I2C_EV_IRQHandler
                0x0000000008002334      0x984 ./Drivers/STM32F4xx_HAL_Driver/Src/stm32f4xx_hal_i2c.o
                0x0000000008002334                HAL_I2C_EV_IRQHandler
 .text.HAL_PCD_Init
                0x0000000008002cb8      0x11c ./Drivers/STM32F4xx_HAL_Driver/Src/stm32f4xx_hal_pcd.o
                0x0000000008002cb8                HAL_PCD_Init
 .text.HAL_PCD_Start
                0x0000000008002dd4       0x40 ./Drivers/STM32F4xx_HAL_Driver/Src/stm32f4xx_hal_pcd.o
                0x0000000008002dd4                HAL_PCD_Start
 .text.HAL_PCD_IRQHandler
                0x0000000008002e14      0xb14 ./Drivers/STM32F4xx_HAL_Driver/Src/stm32f4xx_hal_pcd.o
                0x0000000008002e14                HAL_PCD_IRQHandler
 .text.HAL_PCD_SetAddress
                0x0000000008003928       0x28 ./Drivers/STM32F4xx_HAL_Driver/Src/stm32f4xx_hal_pcd.o
                0x0000000008003928                HAL_PCD_SetAddress
 .text.HAL_PCD_EP_Open
                0x0000000008003950       0x7c ./Drivers/STM32F4xx_HAL_Driver/Src/stm32f4xx_hal_pcd.o
                0x0000000008003950                HAL_PCD_EP_Open
 .text.HAL_PCD_EP_Close
                0x00000000080039cc       0x5c ./Drivers/STM32F4xx_HAL_Driver/Src/stm32f4xx_hal_pcd.o
                0x00000000080039cc                HAL_PCD_EP_Close
 .text.HAL_PCD_EP_Receive
                0x0000000008003a28       0x50 ./Drivers/STM32F4xx_HAL_Driver/Src/stm32f4xx_hal_pcd.o
                0x0000000008003a28                HAL_PCD_EP_Receive
 .text.HAL_PCD_EP_GetRxCount
                0x0000000008003a78       0x14 ./Drivers/STM32F4xx_HAL_Driver/Src/stm32f4xx_hal_pcd.o
                0x0000000008003a78                HAL_PCD_EP_GetRxCount
 .text.HAL_PCD_EP_Transmit
                0x0000000008003a8c       0x50 ./Drivers/STM32F4xx_HAL_Driver/Src/stm32f4xx_hal_pcd.o
                0x0000000008003a8c                HAL_PCD_EP_Transmit
 .text.HAL_PCD_EP_SetStall
                0x0000000008003adc       0x88 ./Drivers/STM32F4xx_HAL_Driver/Src/stm32f4xx_hal_pcd.o
                0x0000000008003adc                HAL_PCD_EP_SetStall
 .text.HAL_PCD_EP_ClrStall
                0x0000000008003b64       0x70 ./Drivers/STM32F4xx_HAL_Driver/Src/stm32f4xx_hal_pcd.o
                0x0000000008003b64                HAL_PCD_EP_ClrStall
 .text.HAL_PCDEx_SetTxFiFo
                0x0000000008003bd4       0x4c ./Drivers/STM32F4xx_HAL_Driver/Src/stm32f4xx_hal_pcd_ex.o
                0x0000000008003bd4                HAL_PCDEx_SetTxFiFo
 .text.HAL_PCDEx_SetRxFiFo
                0x0000000008003c20        0x8 ./Drivers/STM32F4xx_HAL_Driver/Src/stm32f4xx_hal_pcd_ex.o
                0x0000000008003c20                HAL_PCDEx_SetRxFiFo
 .text.HAL_PCDEx_LPM_Callback
                0x0000000008003c28        0x4 ./Drivers/STM32F4xx_HAL_Driver/Src/stm32f4xx_hal_pcd_ex.o
                0x0000000008003c28                HAL_PCDEx_LPM_Callback
 .text.HAL_RCC_OscConfig
                0x0000000008003c2c      0x3c8 ./Drivers/STM32F4xx_HAL_Driver/Src/stm32f4xx_hal_rcc.o
                0x0000000008003c2c                HAL_RCC_OscConfig
 .text.HAL_RCC_GetSysClockFreq
                0x0000000008003ff4       0x68 ./Drivers/STM32F4xx_HAL_Driver/Src/stm32f4xx_hal_rcc.o
                0x0000000008003ff4                HAL_RCC_GetSysClockFreq
 .text.HAL_RCC_ClockConfig
                0x000000000800405c      0x13c ./Drivers/STM32F4xx_HAL_Driver/Src/stm32f4xx_hal_rcc.o
                0x000000000800405c                HAL_RCC_ClockConfig
 .text.HAL_RCC_GetHCLKFreq
                0x0000000008004198        0xc ./Drivers/STM32F4xx_HAL_Driver/Src/stm32f4xx_hal_rcc.o
                0x0000000008004198                HAL_RCC_GetHCLKFreq
 .text.HAL_RCC_GetPCLK1Freq
                0x00000000080041a4       0x20 ./Drivers/STM32F4xx_HAL_Driver/Src/stm32f4xx_hal_rcc.o
                0x00000000080041a4                HAL_RCC_GetPCLK1Freq
 .text.HAL_RCC_GetPCLK2Freq
                0x00000000080041c4       0x20 ./Drivers/STM32F4xx_HAL_Driver/Src/stm32f4xx_hal_rcc.o
                0x00000000080041c4                HAL_RCC_GetPCLK2Freq
 .text.HAL_RCC_GetClockConfig
                0x00000000080041e4       0x44 ./Drivers/STM32F4xx_HAL_Driver/Src/stm32f4xx_hal_rcc.o
                0x00000000080041e4                HAL_RCC_GetClockConfig
 .text.HAL_TIM_Base_MspInit
                0x0000000008004228        0x4 ./Drivers/STM32F4xx_HAL_Driver/Src/stm32f4xx_hal_tim.o
                0x0000000008004228                HAL_TIM_Base_MspInit
 .text.HAL_TIM_Base_Init
                0x000000000800422c       0xfc ./Drivers/STM32F4xx_HAL_Driver/Src/stm32f4xx_hal_tim.o
                0x000000000800422c                HAL_TIM_Base_Init
 .text.HAL_TIM_Base_Start_IT
                0x0000000008004328       0x68 ./Drivers/STM32F4xx_HAL_Driver/Src/stm32f4xx_hal_tim.o
                0x0000000008004328                HAL_TIM_Base_Start_IT
 .text.HAL_TIM_OC_DelayElapsedCallback
                0x0000000008004390        0x4 ./Drivers/STM32F4xx_HAL_Driver/Src/stm32f4xx_hal_tim.o
                0x0000000008004390                HAL_TIM_OC_DelayElapsedCallback
 .text.HAL_TIM_IC_CaptureCallback
                0x0000000008004394        0x4 ./Drivers/STM32F4xx_HAL_Driver/Src/stm32f4xx_hal_tim.o
                0x0000000008004394                HAL_TIM_IC_CaptureCallback
 .text.HAL_TIM_PWM_PulseFinishedCallback
                0x0000000008004398        0x4 ./Drivers/STM32F4xx_HAL_Driver/Src/stm32f4xx_hal_tim.o
                0x0000000008004398                HAL_TIM_PWM_PulseFinishedCallback
 .text.HAL_TIM_TriggerCallback
                0x000000000800439c        0x4 ./Drivers/STM32F4xx_HAL_Driver/Src/stm32f4xx_hal_tim.o
                0x000000000800439c                HAL_TIM_TriggerCallback
 .text.HAL_TIM_IRQHandler
                0x00000000080043a0      0x154 ./Drivers/STM32F4xx_HAL_Driver/Src/stm32f4xx_hal_tim.o
                0x00000000080043a0                HAL_TIM_IRQHandler
 .text.HAL_TIMEx_CommutCallback
                0x00000000080044f4        0x4 ./Drivers/STM32F4xx_HAL_Driver/Src/stm32f4xx_hal_tim_ex.o
                0x00000000080044f4                HAL_TIMEx_CommutCallback
 .text.HAL_TIMEx_BreakCallback
                0x00000000080044f8        0x4 ./Drivers/STM32F4xx_HAL_Driver/Src/stm32f4xx_hal_tim_ex.o
                0x00000000080044f8                HAL_TIMEx_BreakCallback
 .text.HAL_UART_Init
                0x00000000080044fc      0x134 ./Drivers/STM32F4xx_HAL_Driver/Src/stm32f4xx_hal_uart.o
                0x00000000080044fc                HAL_UART_Init
 .text.HAL_UART_Transmit_DMA
                0x0000000008004630       0x88 ./Drivers/STM32F4xx_HAL_Driver/Src/stm32f4xx_hal_uart.o
                0x0000000008004630                HAL_UART_Transmit_DMA
 .text.HAL_UART_TxCpltCallback
                0x00000000080046b8        0x4 ./Drivers/STM32F4xx_HAL_Driver/Src/stm32f4xx_hal_uart.o
                0x00000000080046b8                HAL_UART_TxCpltCallback
 .text.UART_DMATransmitCplt
                0x00000000080046bc       0x4c ./Drivers/STM32F4xx_HAL_Driver/Src/stm32f4xx_hal_uart.o
 .text.HAL_UART_TxHalfCpltCallback
                0x0000000008004708        0x4 ./Drivers/STM32F4xx_HAL_Driver/Src/stm32f4xx_hal_uart.o
                0x0000000008004708                HAL_UART_TxHalfCpltCallback
 .text.UART_DMATxHalfCplt
                0x000000000800470c        0xc ./Drivers/STM32F4xx_HAL_Driver/Src/stm32f4xx_hal_uart.o
 .text.HAL_UART_RxCpltCallback
                0x0000000008004718        0x4 ./Drivers/STM32F4xx_HAL_Driver/Src/stm32f4xx_hal_uart.o
                0x0000000008004718                HAL_UART_RxCpltCallback
 .text.HAL_UART_ErrorCallback
                0x000000000800471c        0x4 ./Drivers/STM32F4xx_HAL_Driver/Src/stm32f4xx_hal_uart.o
                0x000000000800471c                HAL_UART_ErrorCallback
 .text.UART_DMAError
                0x0000000008004720       0xbc ./Drivers/STM32F4xx_HAL_Driver/Src/stm32f4xx_hal_uart.o
 .text.UART_DMAAbortOnError
                0x00000000080047dc       0x10 ./Drivers/STM32F4xx_HAL_Driver/Src/stm32f4xx_hal_uart.o
 .text.HAL_UARTEx_RxEventCallback
                0x00000000080047ec        0x4 ./Drivers/STM32F4xx_HAL_Driver/Src/stm32f4xx_hal_uart.o
                0x00000000080047ec                HAL_UARTEx_RxEventCallback
 .text.UART_Receive_IT.part.0.isra.0
                0x00000000080047f0       0xcc ./Drivers/STM32F4xx_HAL_Driver/Src/stm32f4xx_hal_uart.o
 .text.HAL_UART_IRQHandler
                0x00000000080048bc      0x318 ./Drivers/STM32F4xx_HAL_Driver/Src/stm32f4xx_hal_uart.o
                0x00000000080048bc                HAL_UART_IRQHandler
 .text.USB_CoreInit
                0x0000000008004bd4      0x104 ./Drivers/STM32F4xx_HAL_Driver/Src/stm32f4xx_ll_usb.o
                0x0000000008004bd4                USB_CoreInit
 .text.USB_SetTurnaroundTime
                0x0000000008004cd8       0xf4 ./Drivers/STM32F4xx_HAL_Driver/Src/stm32f4xx_ll_usb.o
                0x0000000008004cd8                USB_SetTurnaroundTime
 .text.USB_EnableGlobalInt
                0x0000000008004dcc       0x10 ./Drivers/STM32F4xx_HAL_Driver/Src/stm32f4xx_ll_usb.o
                0x0000000008004dcc                USB_EnableGlobalInt
 .text.USB_DisableGlobalInt
                0x0000000008004ddc       0x10 ./Drivers/STM32F4xx_HAL_Driver/Src/stm32f4xx_ll_usb.o
                0x0000000008004ddc                USB_DisableGlobalInt
 .text.USB_SetCurrentMode
                0x0000000008004dec       0x70 ./Drivers/STM32F4xx_HAL_Driver/Src/stm32f4xx_ll_usb.o
                0x0000000008004dec                USB_SetCurrentMode
 .text.USB_DevInit
                0x0000000008004e5c      0x234 ./Drivers/STM32F4xx_HAL_Driver/Src/stm32f4xx_ll_usb.o
                0x0000000008004e5c                USB_DevInit
 .text.USB_FlushTxFifo
                0x0000000008005090       0x54 ./Drivers/STM32F4xx_HAL_Driver/Src/stm32f4xx_ll_usb.o
                0x0000000008005090                USB_FlushTxFifo
 .text.USB_GetDevSpeed
                0x00000000080050e4       0x18 ./Drivers/STM32F4xx_HAL_Driver/Src/stm32f4xx_ll_usb.o
                0x00000000080050e4                USB_GetDevSpeed
 .text.USB_ActivateEndpoint
                0x00000000080050fc       0x98 ./Drivers/STM32F4xx_HAL_Driver/Src/stm32f4xx_ll_usb.o
                0x00000000080050fc                USB_ActivateEndpoint
 .text.USB_DeactivateEndpoint
                0x0000000008005194       0xc4 ./Drivers/STM32F4xx_HAL_Driver/Src/stm32f4xx_ll_usb.o
                0x0000000008005194                USB_DeactivateEndpoint
 .text.USB_EPStartXfer
                0x0000000008005258      0x218 ./Drivers/STM32F4xx_HAL_Driver/Src/stm32f4xx_ll_usb.o
                0x0000000008005258                USB_EPStartXfer
 .text.USB_EP0StartXfer
                0x0000000008005470      0x158 ./Drivers/STM32F4xx_HAL_Driver/Src/stm32f4xx_ll_usb.o
                0x0000000008005470                USB_EP0StartXfer
 .text.USB_EPStopXfer
                0x00000000080055c8       0x88 ./Drivers/STM32F4xx_HAL_Driver/Src/stm32f4xx_ll_usb.o
                0x00000000080055c8                USB_EPStopXfer
 .text.USB_WritePacket
                0x0000000008005650       0x2c ./Drivers/STM32F4xx_HAL_Driver/Src/stm32f4xx_ll_usb.o
                0x0000000008005650                USB_WritePacket
 .text.USB_ReadPacket
                0x000000000800567c       0x4c ./Drivers/STM32F4xx_HAL_Driver/Src/stm32f4xx_ll_usb.o
                0x000000000800567c                USB_ReadPacket
 .text.USB_EPSetStall
                0x00000000080056c8       0x5c ./Drivers/STM32F4xx_HAL_Driver/Src/stm32f4xx_ll_usb.o
                0x00000000080056c8                USB_EPSetStall
 .text.USB_EPClearStall
                0x0000000008005724       0x58 ./Drivers/STM32F4xx_HAL_Driver/Src/stm32f4xx_ll_usb.o
                0x0000000008005724                USB_EPClearStall
 .text.USB_SetDevAddress
                0x000000000800577c       0x20 ./Drivers/STM32F4xx_HAL_Driver/Src/stm32f4xx_ll_usb.o
                0x000000000800577c                USB_SetDevAddress
 .text.USB_DevConnect
                0x000000000800579c       0x20 ./Drivers/STM32F4xx_HAL_Driver/Src/stm32f4xx_ll_usb.o
                0x000000000800579c                USB_DevConnect
 .text.USB_DevDisconnect
                0x00000000080057bc       0x20 ./Drivers/STM32F4xx_HAL_Driver/Src/stm32f4xx_ll_usb.o
                0x00000000080057bc                USB_DevDisconnect
 .text.USB_ReadInterrupts
                0x00000000080057dc        0x8 ./Drivers/STM32F4xx_HAL_Driver/Src/stm32f4xx_ll_usb.o
                0x00000000080057dc                USB_ReadInterrupts
 .text.USB_ReadDevAllOutEpInterrupt
                0x00000000080057e4       0x10 ./Drivers/STM32F4xx_HAL_Driver/Src/stm32f4xx_ll_usb.o
                0x00000000080057e4                USB_ReadDevAllOutEpInterrupt
 .text.USB_ReadDevAllInEpInterrupt
                0x00000000080057f4       0x10 ./Drivers/STM32F4xx_HAL_Driver/Src/stm32f4xx_ll_usb.o
                0x00000000080057f4                USB_ReadDevAllInEpInterrupt
 .text.USB_ReadDevOutEPInterrupt
                0x0000000008005804       0x14 ./Drivers/STM32F4xx_HAL_Driver/Src/stm32f4xx_ll_usb.o
                0x0000000008005804                USB_ReadDevOutEPInterrupt
 .text.USB_ReadDevInEPInterrupt
                0x0000000008005818       0x20 ./Drivers/STM32F4xx_HAL_Driver/Src/stm32f4xx_ll_usb.o
                0x0000000008005818                USB_ReadDevInEPInterrupt
 .text.USB_GetMode
                0x0000000008005838        0x8 ./Drivers/STM32F4xx_HAL_Driver/Src/stm32f4xx_ll_usb.o
                0x0000000008005838                USB_GetMode
 .text.USB_ActivateSetup
                0x0000000008005840       0x24 ./Drivers/STM32F4xx_HAL_Driver/Src/stm32f4xx_ll_usb.o
                0x0000000008005840                USB_ActivateSetup
 .text.USB_EP0_OutStart
                0x0000000008005864       0x58 ./Drivers/STM32F4xx_HAL_Driver/Src/stm32f4xx_ll_usb.o
                0x0000000008005864                USB_EP0_OutStart
 .text.asn1_get_int
                0x00000000080058bc       0x6c ./Libs/Rsa/Src/asn1.o
                0x00000000080058bc                asn1_get_int
 .text.asn1_get_padding_pub_key
                0x0000000008005928       0xc8 ./Libs/Rsa/Src/asn1.o
                0x0000000008005928                asn1_get_padding_pub_key
 .text.asn1_get_padding_pvt_key
                0x00000000080059f0       0xc0 ./Libs/Rsa/Src/asn1.o
                0x00000000080059f0                asn1_get_padding_pvt_key
 .text.base64_read
                0x0000000008005ab0       0x88 ./Libs/Rsa/Src/base64.o
                0x0000000008005ab0                base64_read
 .text.bn_div.part.0
                0x0000000008005b38      0x3dc ./Libs/Rsa/Src/bignum.o
 .text.bn_inner_karatsuba
                0x0000000008005f14      0x320 ./Libs/Rsa/Src/bignum.o
 .text.bn_init  0x0000000008006234        0x8 ./Libs/Rsa/Src/bignum.o
                0x0000000008006234                bn_init
 .text.bn_assign
                0x000000000800623c       0x14 ./Libs/Rsa/Src/bignum.o
                0x000000000800623c                bn_assign
 .text.bn_from_bytes
                0x0000000008006250       0x5c ./Libs/Rsa/Src/bignum.o
                0x0000000008006250                bn_from_bytes
 .text.bn_from_string
                0x00000000080062ac       0x48 ./Libs/Rsa/Src/bignum.o
                0x00000000080062ac                bn_from_string
 .text.bn_from_int
                0x00000000080062f4       0x20 ./Libs/Rsa/Src/bignum.o
                0x00000000080062f4                bn_from_int
 .text.bn_to_string
                0x0000000008006314       0x3c ./Libs/Rsa/Src/bignum.o
                0x0000000008006314                bn_to_string
 .text.bn_add   0x0000000008006350       0x40 ./Libs/Rsa/Src/bignum.o
                0x0000000008006350                bn_add
 .text.bn_sub   0x0000000008006390       0x64 ./Libs/Rsa/Src/bignum.o
                0x0000000008006390                bn_sub
 .text.bn_karatsuba
                0x00000000080063f4       0x20 ./Libs/Rsa/Src/bignum.o
                0x00000000080063f4                bn_karatsuba
 .text.bn_divmod
                0x0000000008006414       0xc0 ./Libs/Rsa/Src/bignum.o
                0x0000000008006414                bn_divmod
 .text.bn_mod   0x00000000080064d4       0x30 ./Libs/Rsa/Src/bignum.o
                0x00000000080064d4                bn_mod
 .text.bn_cmp   0x0000000008006504       0x3c ./Libs/Rsa/Src/bignum.o
                0x0000000008006504                bn_cmp
 .text.bn_is_zero
                0x0000000008006540       0x20 ./Libs/Rsa/Src/bignum.o
                0x0000000008006540                bn_is_zero
 .text.bn_bitcount
                0x0000000008006560       0x38 ./Libs/Rsa/Src/bignum.o
                0x0000000008006560                bn_bitcount
 .text.montg_inverse
                0x0000000008006598      0x11c ./Libs/Rsa/Src/montgomery.o
 *fill*         0x00000000080066b4        0x4 
 .text.montg_init
                0x00000000080066b8       0x70 ./Libs/Rsa/Src/montgomery.o
                0x00000000080066b8                montg_init
 .text.montg_transform
                0x0000000008006728       0x34 ./Libs/Rsa/Src/montgomery.o
                0x0000000008006728                montg_transform
 .text.montg_mul
                0x000000000800675c      0x10c ./Libs/Rsa/Src/montgomery.o
                0x000000000800675c                montg_mul
 .text.montg_revert
                0x0000000008006868       0x28 ./Libs/Rsa/Src/montgomery.o
                0x0000000008006868                montg_revert
 .text.montg_pow
                0x0000000008006890       0x74 ./Libs/Rsa/Src/montgomery.o
                0x0000000008006890                montg_pow
 .text.import_pub_key
                0x0000000008006904       0xfc ./Libs/Rsa/Src/rsa.o
                0x0000000008006904                import_pub_key
 .text.import_pvt_key
                0x0000000008006a00      0x140 ./Libs/Rsa/Src/rsa.o
                0x0000000008006a00                import_pvt_key
 .text.encrypt_buf
                0x0000000008006b40       0x5c ./Libs/Rsa/Src/rsa.o
                0x0000000008006b40                encrypt_buf
 .text.decrypt  0x0000000008006b9c       0xc8 ./Libs/Rsa/Src/rsa.o
                0x0000000008006b9c                decrypt
 .text.decrypt_buf
                0x0000000008006c64       0x44 ./Libs/Rsa/Src/rsa.o
                0x0000000008006c64                decrypt_buf
 .text.USBD_CDC_EP0_RxReady
                0x0000000008006ca8       0x38 ./Middlewares/ST/STM32_USB_Device_Library/Class/CDC/Src/usbd_cdc.o
 .text.USBD_CDC_GetDeviceQualifierDescriptor
                0x0000000008006ce0        0xc ./Middlewares/ST/STM32_USB_Device_Library/Class/CDC/Src/usbd_cdc.o
                0x0000000008006ce0                USBD_CDC_GetDeviceQualifierDescriptor
 .text.USBD_CDC_GetFSCfgDesc
                0x0000000008006cec       0x48 ./Middlewares/ST/STM32_USB_Device_Library/Class/CDC/Src/usbd_cdc.o
 .text.USBD_CDC_GetHSCfgDesc
                0x0000000008006d34       0x48 ./Middlewares/ST/STM32_USB_Device_Library/Class/CDC/Src/usbd_cdc.o
 .text.USBD_CDC_DataOut
                0x0000000008006d7c       0x38 ./Middlewares/ST/STM32_USB_Device_Library/Class/CDC/Src/usbd_cdc.o
 .text.USBD_CDC_DataIn
                0x0000000008006db4       0x74 ./Middlewares/ST/STM32_USB_Device_Library/Class/CDC/Src/usbd_cdc.o
 .text.USBD_CDC_Setup
                0x0000000008006e28      0x11c ./Middlewares/ST/STM32_USB_Device_Library/Class/CDC/Src/usbd_cdc.o
 .text.USBD_CDC_DeInit
                0x0000000008006f44       0x5c ./Middlewares/ST/STM32_USB_Device_Library/Class/CDC/Src/usbd_cdc.o
 .text.USBD_CDC_Init
                0x0000000008006fa0       0xf4 ./Middlewares/ST/STM32_USB_Device_Library/Class/CDC/Src/usbd_cdc.o
 .text.USBD_CDC_GetOtherSpeedCfgDesc
                0x0000000008007094       0x48 ./Middlewares/ST/STM32_USB_Device_Library/Class/CDC/Src/usbd_cdc.o
 .text.USBD_CDC_RegisterInterface
                0x00000000080070dc       0x18 ./Middlewares/ST/STM32_USB_Device_Library/Class/CDC/Src/usbd_cdc.o
                0x00000000080070dc                USBD_CDC_RegisterInterface
 .text.USBD_CDC_SetTxBuffer
                0x00000000080070f4       0x1c ./Middlewares/ST/STM32_USB_Device_Library/Class/CDC/Src/usbd_cdc.o
                0x00000000080070f4                USBD_CDC_SetTxBuffer
 .text.USBD_CDC_SetRxBuffer
                0x0000000008007110       0x18 ./Middlewares/ST/STM32_USB_Device_Library/Class/CDC/Src/usbd_cdc.o
                0x0000000008007110                USBD_CDC_SetRxBuffer
 .text.USBD_CDC_ReceivePacket
                0x0000000008007128       0x38 ./Middlewares/ST/STM32_USB_Device_Library/Class/CDC/Src/usbd_cdc.o
                0x0000000008007128                USBD_CDC_ReceivePacket
 .text.USBD_Init
                0x0000000008007160       0x28 ./Middlewares/ST/STM32_USB_Device_Library/Core/Src/usbd_core.o
                0x0000000008007160                USBD_Init
 .text.USBD_RegisterClass
                0x0000000008007188       0x38 ./Middlewares/ST/STM32_USB_Device_Library/Core/Src/usbd_core.o
                0x0000000008007188                USBD_RegisterClass
 .text.USBD_Start
                0x00000000080071c0        0x4 ./Middlewares/ST/STM32_USB_Device_Library/Core/Src/usbd_core.o
                0x00000000080071c0                USBD_Start
 .text.USBD_SetClassConfig
                0x00000000080071c4       0x10 ./Middlewares/ST/STM32_USB_Device_Library/Core/Src/usbd_core.o
                0x00000000080071c4                USBD_SetClassConfig
 .text.USBD_ClrClassConfig
                0x00000000080071d4       0x14 ./Middlewares/ST/STM32_USB_Device_Library/Core/Src/usbd_core.o
                0x00000000080071d4                USBD_ClrClassConfig
 .text.USBD_LL_SetupStage
                0x00000000080071e8       0x60 ./Middlewares/ST/STM32_USB_Device_Library/Core/Src/usbd_core.o
                0x00000000080071e8                USBD_LL_SetupStage
 .text.USBD_LL_DataOutStage
                0x0000000008007248       0x74 ./Middlewares/ST/STM32_USB_Device_Library/Core/Src/usbd_core.o
                0x0000000008007248                USBD_LL_DataOutStage
 .text.USBD_LL_DataInStage
                0x00000000080072bc       0xb4 ./Middlewares/ST/STM32_USB_Device_Library/Core/Src/usbd_core.o
                0x00000000080072bc                USBD_LL_DataInStage
 .text.USBD_LL_Reset
                0x0000000008007370       0x5c ./Middlewares/ST/STM32_USB_Device_Library/Core/Src/usbd_core.o
                0x0000000008007370                USBD_LL_Reset
 .text.USBD_LL_SetSpeed
                0x00000000080073cc        0x8 ./Middlewares/ST/STM32_USB_Device_Library/Core/Src/usbd_core.o
                0x00000000080073cc                USBD_LL_SetSpeed
 .text.USBD_LL_Suspend
                0x00000000080073d4       0x18 ./Middlewares/ST/STM32_USB_Device_Library/Core/Src/usbd_core.o
                0x00000000080073d4                USBD_LL_Suspend
 .text.USBD_LL_Resume
                0x00000000080073ec       0x18 ./Middlewares/ST/STM32_USB_Device_Library/Core/Src/usbd_core.o
                0x00000000080073ec                USBD_LL_Resume
 .text.USBD_LL_SOF
                0x0000000008007404       0x20 ./Middlewares/ST/STM32_USB_Device_Library/Core/Src/usbd_core.o
                0x0000000008007404                USBD_LL_SOF
 .text.USBD_LL_IsoINIncomplete
                0x0000000008007424       0x2c ./Middlewares/ST/STM32_USB_Device_Library/Core/Src/usbd_core.o
                0x0000000008007424                USBD_LL_IsoINIncomplete
 .text.USBD_LL_IsoOUTIncomplete
                0x0000000008007450       0x2c ./Middlewares/ST/STM32_USB_Device_Library/Core/Src/usbd_core.o
                0x0000000008007450                USBD_LL_IsoOUTIncomplete
 .text.USBD_LL_DevConnected
                0x000000000800747c        0x4 ./Middlewares/ST/STM32_USB_Device_Library/Core/Src/usbd_core.o
                0x000000000800747c                USBD_LL_DevConnected
 .text.USBD_LL_DevDisconnected
                0x0000000008007480       0x24 ./Middlewares/ST/STM32_USB_Device_Library/Core/Src/usbd_core.o
                0x0000000008007480                USBD_LL_DevDisconnected
 .text.USBD_CoreFindIF
                0x00000000080074a4        0x4 ./Middlewares/ST/STM32_USB_Device_Library/Core/Src/usbd_core.o
                0x00000000080074a4                USBD_CoreFindIF
 .text.USBD_CoreFindEP
                0x00000000080074a8        0x4 ./Middlewares/ST/STM32_USB_Device_Library/Core/Src/usbd_core.o
                0x00000000080074a8                USBD_CoreFindEP
 .text.USBD_GetEpDesc
                0x00000000080074ac       0x2c ./Middlewares/ST/STM32_USB_Device_Library/Core/Src/usbd_core.o
                0x00000000080074ac                USBD_GetEpDesc
 .text.USBD_StdDevReq
                0x00000000080074d8      0x374 ./Middlewares/ST/STM32_USB_Device_Library/Core/Src/usbd_ctlreq.o
                0x00000000080074d8                USBD_StdDevReq
 .text.USBD_StdItfReq
                0x000000000800784c       0x74 ./Middlewares/ST/STM32_USB_Device_Library/Core/Src/usbd_ctlreq.o
                0x000000000800784c                USBD_StdItfReq
 .text.USBD_StdEPReq
                0x00000000080078c0      0x154 ./Middlewares/ST/STM32_USB_Device_Library/Core/Src/usbd_ctlreq.o
                0x00000000080078c0                USBD_StdEPReq
 .text.USBD_ParseSetupRequest
                0x0000000008007a14       0x18 ./Middlewares/ST/STM32_USB_Device_Library/Core/Src/usbd_ctlreq.o
                0x0000000008007a14                USBD_ParseSetupRequest
 .text.USBD_CtlError
                0x0000000008007a2c       0x18 ./Middlewares/ST/STM32_USB_Device_Library/Core/Src/usbd_ctlreq.o
                0x0000000008007a2c                USBD_CtlError
 .text.USBD_GetString
                0x0000000008007a44       0x54 ./Middlewares/ST/STM32_USB_Device_Library/Core/Src/usbd_ctlreq.o
                0x0000000008007a44                USBD_GetString
 .text.USBD_CtlSendData
                0x0000000008007a98       0x1c ./Middlewares/ST/STM32_USB_Device_Library/Core/Src/usbd_ioreq.o
                0x0000000008007a98                USBD_CtlSendData
 .text.USBD_CtlContinueSendData
                0x0000000008007ab4       0x10 ./Middlewares/ST/STM32_USB_Device_Library/Core/Src/usbd_ioreq.o
                0x0000000008007ab4                USBD_CtlContinueSendData
 .text.USBD_CtlPrepareRx
                0x0000000008007ac4       0x1c ./Middlewares/ST/STM32_USB_Device_Library/Core/Src/usbd_ioreq.o
                0x0000000008007ac4                USBD_CtlPrepareRx
 .text.USBD_CtlContinueRx
                0x0000000008007ae0       0x10 ./Middlewares/ST/STM32_USB_Device_Library/Core/Src/usbd_ioreq.o
                0x0000000008007ae0                USBD_CtlContinueRx
 .text.USBD_CtlSendStatus
                0x0000000008007af0       0x18 ./Middlewares/ST/STM32_USB_Device_Library/Core/Src/usbd_ioreq.o
                0x0000000008007af0                USBD_CtlSendStatus
 .text.USBD_CtlReceiveStatus
                0x0000000008007b08       0x18 ./Middlewares/ST/STM32_USB_Device_Library/Core/Src/usbd_ioreq.o
                0x0000000008007b08                USBD_CtlReceiveStatus
 .text.MX_USB_DEVICE_Init
                0x0000000008007b20       0x74 ./USB_DEVICE/App/usb_device.o
                0x0000000008007b20                MX_USB_DEVICE_Init
 .text.CDC_DeInit_FS
                0x0000000008007b94        0x4 ./USB_DEVICE/App/usbd_cdc_if.o
 .text.CDC_Control_FS
                0x0000000008007b98        0x4 ./USB_DEVICE/App/usbd_cdc_if.o
 .text.CDC_TransmitCplt_FS
                0x0000000008007b9c        0x4 ./USB_DEVICE/App/usbd_cdc_if.o
 .text.CDC_Receive_FS
                0x0000000008007ba0       0x1c ./USB_DEVICE/App/usbd_cdc_if.o
 .text.CDC_Init_FS
                0x0000000008007bbc       0x28 ./USB_DEVICE/App/usbd_cdc_if.o
 .text.USBD_FS_DeviceDescriptor
                0x0000000008007be4        0xc ./USB_DEVICE/App/usbd_desc.o
                0x0000000008007be4                USBD_FS_DeviceDescriptor
 .text.USBD_FS_LangIDStrDescriptor
                0x0000000008007bf0        0xc ./USB_DEVICE/App/usbd_desc.o
                0x0000000008007bf0                USBD_FS_LangIDStrDescriptor
 .text.USBD_FS_ManufacturerStrDescriptor
                0x0000000008007bfc       0x1c ./USB_DEVICE/App/usbd_desc.o
                0x0000000008007bfc                USBD_FS_ManufacturerStrDescriptor
 .text.USBD_FS_ProductStrDescriptor
                0x0000000008007c18       0x1c ./USB_DEVICE/App/usbd_desc.o
                0x0000000008007c18                USBD_FS_ProductStrDescriptor
 .text.USBD_FS_ConfigStrDescriptor
                0x0000000008007c34       0x1c ./USB_DEVICE/App/usbd_desc.o
                0x0000000008007c34                USBD_FS_ConfigStrDescriptor
 .text.USBD_FS_InterfaceStrDescriptor
                0x0000000008007c50       0x1c ./USB_DEVICE/App/usbd_desc.o
                0x0000000008007c50                USBD_FS_InterfaceStrDescriptor
 .text.USBD_FS_SerialStrDescriptor
                0x0000000008007c6c      0x120 ./USB_DEVICE/App/usbd_desc.o
                0x0000000008007c6c                USBD_FS_SerialStrDescriptor
 .text.HAL_PCD_MspInit
                0x0000000008007d8c       0x84 ./USB_DEVICE/Target/usbd_conf.o
                0x0000000008007d8c                HAL_PCD_MspInit
 .text.HAL_PCD_SetupStageCallback
                0x0000000008007e10        0xc ./USB_DEVICE/Target/usbd_conf.o
                0x0000000008007e10                HAL_PCD_SetupStageCallback
 .text.HAL_PCD_DataOutStageCallback
                0x0000000008007e1c       0x14 ./USB_DEVICE/Target/usbd_conf.o
                0x0000000008007e1c                HAL_PCD_DataOutStageCallback
 .text.HAL_PCD_DataInStageCallback
                0x0000000008007e30       0x14 ./USB_DEVICE/Target/usbd_conf.o
                0x0000000008007e30                HAL_PCD_DataInStageCallback
 .text.HAL_PCD_SOFCallback
                0x0000000008007e44        0x8 ./USB_DEVICE/Target/usbd_conf.o
                0x0000000008007e44                HAL_PCD_SOFCallback
 .text.HAL_PCD_ResetCallback
                0x0000000008007e4c       0x24 ./USB_DEVICE/Target/usbd_conf.o
                0x0000000008007e4c                HAL_PCD_ResetCallback
 .text.HAL_PCD_SuspendCallback
                0x0000000008007e70       0x30 ./USB_DEVICE/Target/usbd_conf.o
                0x0000000008007e70                HAL_PCD_SuspendCallback
 .text.HAL_PCD_ResumeCallback
                0x0000000008007ea0        0x8 ./USB_DEVICE/Target/usbd_conf.o
                0x0000000008007ea0                HAL_PCD_ResumeCallback
 .text.HAL_PCD_ISOOUTIncompleteCallback
                0x0000000008007ea8        0x8 ./USB_DEVICE/Target/usbd_conf.o
                0x0000000008007ea8                HAL_PCD_ISOOUTIncompleteCallback
 .text.HAL_PCD_ISOINIncompleteCallback
                0x0000000008007eb0        0x8 ./USB_DEVICE/Target/usbd_conf.o
                0x0000000008007eb0                HAL_PCD_ISOINIncompleteCallback
 .text.HAL_PCD_ConnectCallback
                0x0000000008007eb8        0x8 ./USB_DEVICE/Target/usbd_conf.o
                0x0000000008007eb8                HAL_PCD_ConnectCallback
 .text.HAL_PCD_DisconnectCallback
                0x0000000008007ec0        0x8 ./USB_DEVICE/Target/usbd_conf.o
                0x0000000008007ec0                HAL_PCD_DisconnectCallback
 .text.USBD_LL_Init
                0x0000000008007ec8       0x7c ./USB_DEVICE/Target/usbd_conf.o
                0x0000000008007ec8                USBD_LL_Init
 .text.USBD_LL_Start
                0x0000000008007f44       0x1c ./USB_DEVICE/Target/usbd_conf.o
                0x0000000008007f44                USBD_LL_Start
 .text.USBD_LL_OpenEP
                0x0000000008007f60       0x20 ./USB_DEVICE/Target/usbd_conf.o
                0x0000000008007f60                USBD_LL_OpenEP
 .text.USBD_LL_CloseEP
                0x0000000008007f80       0x1c ./USB_DEVICE/Target/usbd_conf.o
                0x0000000008007f80                USBD_LL_CloseEP
 .text.USBD_LL_StallEP
                0x0000000008007f9c       0x1c ./USB_DEVICE/Target/usbd_conf.o
                0x0000000008007f9c                USBD_LL_StallEP
 .text.USBD_LL_ClearStallEP
                0x0000000008007fb8       0x1c ./USB_DEVICE/Target/usbd_conf.o
                0x0000000008007fb8                USBD_LL_ClearStallEP
 .text.USBD_LL_IsStallEP
                0x0000000008007fd4       0x28 ./USB_DEVICE/Target/usbd_conf.o
                0x0000000008007fd4                USBD_LL_IsStallEP
 .text.USBD_LL_SetUSBAddress
                0x0000000008007ffc       0x1c ./USB_DEVICE/Target/usbd_conf.o
                0x0000000008007ffc                USBD_LL_SetUSBAddress
 .text.USBD_LL_Transmit
                0x0000000008008018       0x1c ./USB_DEVICE/Target/usbd_conf.o
                0x0000000008008018                USBD_LL_Transmit
 .text.USBD_LL_PrepareReceive
                0x0000000008008034       0x1c ./USB_DEVICE/Target/usbd_conf.o
                0x0000000008008034                USBD_LL_PrepareReceive
 .text.USBD_LL_GetRxDataSize
                0x0000000008008050        0x8 ./USB_DEVICE/Target/usbd_conf.o
                0x0000000008008050                USBD_LL_GetRxDataSize
 .text.USBD_static_malloc
                0x0000000008008058        0x8 ./USB_DEVICE/Target/usbd_conf.o
                0x0000000008008058                USBD_static_malloc
 .text.USBD_static_free
                0x0000000008008060        0x4 ./USB_DEVICE/Target/usbd_conf.o
                0x0000000008008060                USBD_static_free
 .text.__cvt    0x0000000008008064       0xc4 /opt/stm32cubeide/plugins/com.st.stm32cube.ide.mcu.externaltools.gnu-tools-for-stm32.11.3.rel1.linux64_1.1.100.202309141235/tools/bin/../lib/gcc/arm-none-eabi/11.3.1/../../../../arm-none-eabi/lib/thumb/v7e-m+fp/hard/libc_nano.a(libc_a-nano-vfprintf_float.o)
                0x0000000008008064                __cvt
 .text.__exponent
                0x0000000008008128       0x7c /opt/stm32cubeide/plugins/com.st.stm32cube.ide.mcu.externaltools.gnu-tools-for-stm32.11.3.rel1.linux64_1.1.100.202309141235/tools/bin/../lib/gcc/arm-none-eabi/11.3.1/../../../../arm-none-eabi/lib/thumb/v7e-m+fp/hard/libc_nano.a(libc_a-nano-vfprintf_float.o)
                0x0000000008008128                __exponent
 .text._printf_float
                0x00000000080081a4      0x46c /opt/stm32cubeide/plugins/com.st.stm32cube.ide.mcu.externaltools.gnu-tools-for-stm32.11.3.rel1.linux64_1.1.100.202309141235/tools/bin/../lib/gcc/arm-none-eabi/11.3.1/../../../../arm-none-eabi/lib/thumb/v7e-m+fp/hard/libc_nano.a(libc_a-nano-vfprintf_float.o)
                0x00000000080081a4                _printf_float
 .text._printf_common
                0x0000000008008610       0xda /opt/stm32cubeide/plugins/com.st.stm32cube.ide.mcu.externaltools.gnu-tools-for-stm32.11.3.rel1.linux64_1.1.100.202309141235/tools/bin/../lib/gcc/arm-none-eabi/11.3.1/../../../../arm-none-eabi/lib/thumb/v7e-m+fp/hard/libc_nano.a(libc_a-nano-vfprintf_i.o)
                0x0000000008008610                _printf_common
 *fill*         0x00000000080086ea        0x2 
 .text._printf_i
                0x00000000080086ec      0x244 /opt/stm32cubeide/plugins/com.st.stm32cube.ide.mcu.externaltools.gnu-tools-for-stm32.11.3.rel1.linux64_1.1.100.202309141235/tools/bin/../lib/gcc/arm-none-eabi/11.3.1/../../../../arm-none-eabi/lib/thumb/v7e-m+fp/hard/libc_nano.a(libc_a-nano-vfprintf_i.o)
                0x00000000080086ec                _printf_i
 .text.std      0x0000000008008930       0x6c /opt/stm32cubeide/plugins/com.st.stm32cube.ide.mcu.externaltools.gnu-tools-for-stm32.11.3.rel1.linux64_1.1.100.202309141235/tools/bin/../lib/gcc/arm-none-eabi/11.3.1/../../../../arm-none-eabi/lib/thumb/v7e-m+fp/hard/libc_nano.a(libc_a-findfp.o)
 .text.stdio_exit_handler
                0x000000000800899c       0x18 /opt/stm32cubeide/plugins/com.st.stm32cube.ide.mcu.externaltools.gnu-tools-for-stm32.11.3.rel1.linux64_1.1.100.202309141235/tools/bin/../lib/gcc/arm-none-eabi/11.3.1/../../../../arm-none-eabi/lib/thumb/v7e-m+fp/hard/libc_nano.a(libc_a-findfp.o)
 .text.cleanup_stdio
                0x00000000080089b4       0x40 /opt/stm32cubeide/plugins/com.st.stm32cube.ide.mcu.externaltools.gnu-tools-for-stm32.11.3.rel1.linux64_1.1.100.202309141235/tools/bin/../lib/gcc/arm-none-eabi/11.3.1/../../../../arm-none-eabi/lib/thumb/v7e-m+fp/hard/libc_nano.a(libc_a-findfp.o)
 .text.global_stdio_init.part.0
                0x00000000080089f4       0x3c /opt/stm32cubeide/plugins/com.st.stm32cube.ide.mcu.externaltools.gnu-tools-for-stm32.11.3.rel1.linux64_1.1.100.202309141235/tools/bin/../lib/gcc/arm-none-eabi/11.3.1/../../../../arm-none-eabi/lib/thumb/v7e-m+fp/hard/libc_nano.a(libc_a-findfp.o)
 .text.__sfp_lock_acquire
                0x0000000008008a30        0xc /opt/stm32cubeide/plugins/com.st.stm32cube.ide.mcu.externaltools.gnu-tools-for-stm32.11.3.rel1.linux64_1.1.100.202309141235/tools/bin/../lib/gcc/arm-none-eabi/11.3.1/../../../../arm-none-eabi/lib/thumb/v7e-m+fp/hard/libc_nano.a(libc_a-findfp.o)
                0x0000000008008a30                __sfp_lock_acquire
 .text.__sfp_lock_release
                0x0000000008008a3c        0xc /opt/stm32cubeide/plugins/com.st.stm32cube.ide.mcu.externaltools.gnu-tools-for-stm32.11.3.rel1.linux64_1.1.100.202309141235/tools/bin/../lib/gcc/arm-none-eabi/11.3.1/../../../../arm-none-eabi/lib/thumb/v7e-m+fp/hard/libc_nano.a(libc_a-findfp.o)
                0x0000000008008a3c                __sfp_lock_release
 .text.__sinit  0x0000000008008a48       0x30 /opt/stm32cubeide/plugins/com.st.stm32cube.ide.mcu.externaltools.gnu-tools-for-stm32.11.3.rel1.linux64_1.1.100.202309141235/tools/bin/../lib/gcc/arm-none-eabi/11.3.1/../../../../arm-none-eabi/lib/thumb/v7e-m+fp/hard/libc_nano.a(libc_a-findfp.o)
                0x0000000008008a48                __sinit
 .text._fwalk_sglue
                0x0000000008008a78       0x3c /opt/stm32cubeide/plugins/com.st.stm32cube.ide.mcu.externaltools.gnu-tools-for-stm32.11.3.rel1.linux64_1.1.100.202309141235/tools/bin/../lib/gcc/arm-none-eabi/11.3.1/../../../../arm-none-eabi/lib/thumb/v7e-m+fp/hard/libc_nano.a(libc_a-fwalk.o)
                0x0000000008008a78                _fwalk_sglue
 .text.sprintf  0x0000000008008ab4       0x40 /opt/stm32cubeide/plugins/com.st.stm32cube.ide.mcu.externaltools.gnu-tools-for-stm32.11.3.rel1.linux64_1.1.100.202309141235/tools/bin/../lib/gcc/arm-none-eabi/11.3.1/../../../../arm-none-eabi/lib/thumb/v7e-m+fp/hard/libc_nano.a(libc_a-sprintf.o)
                0x0000000008008ab4                sprintf
                0x0000000008008ab4                siprintf
 .text.sscanf   0x0000000008008af4       0x58 /opt/stm32cubeide/plugins/com.st.stm32cube.ide.mcu.externaltools.gnu-tools-for-stm32.11.3.rel1.linux64_1.1.100.202309141235/tools/bin/../lib/gcc/arm-none-eabi/11.3.1/../../../../arm-none-eabi/lib/thumb/v7e-m+fp/hard/libc_nano.a(libc_a-sscanf.o)
                0x0000000008008af4                sscanf
                0x0000000008008af4                siscanf
 .text.__sread  0x0000000008008b4c       0x22 /opt/stm32cubeide/plugins/com.st.stm32cube.ide.mcu.externaltools.gnu-tools-for-stm32.11.3.rel1.linux64_1.1.100.202309141235/tools/bin/../lib/gcc/arm-none-eabi/11.3.1/../../../../arm-none-eabi/lib/thumb/v7e-m+fp/hard/libc_nano.a(libc_a-stdio.o)
                0x0000000008008b4c                __sread
 .text.__seofread
                0x0000000008008b6e        0x4 /opt/stm32cubeide/plugins/com.st.stm32cube.ide.mcu.externaltools.gnu-tools-for-stm32.11.3.rel1.linux64_1.1.100.202309141235/tools/bin/../lib/gcc/arm-none-eabi/11.3.1/../../../../arm-none-eabi/lib/thumb/v7e-m+fp/hard/libc_nano.a(libc_a-stdio.o)
                0x0000000008008b6e                __seofread
 .text.__swrite
                0x0000000008008b72       0x38 /opt/stm32cubeide/plugins/com.st.stm32cube.ide.mcu.externaltools.gnu-tools-for-stm32.11.3.rel1.linux64_1.1.100.202309141235/tools/bin/../lib/gcc/arm-none-eabi/11.3.1/../../../../arm-none-eabi/lib/thumb/v7e-m+fp/hard/libc_nano.a(libc_a-stdio.o)
                0x0000000008008b72                __swrite
 .text.__sseek  0x0000000008008baa       0x24 /opt/stm32cubeide/plugins/com.st.stm32cube.ide.mcu.externaltools.gnu-tools-for-stm32.11.3.rel1.linux64_1.1.100.202309141235/tools/bin/../lib/gcc/arm-none-eabi/11.3.1/../../../../arm-none-eabi/lib/thumb/v7e-m+fp/hard/libc_nano.a(libc_a-stdio.o)
                0x0000000008008baa                __sseek
 .text.__sclose
                0x0000000008008bce        0x8 /opt/stm32cubeide/plugins/com.st.stm32cube.ide.mcu.externaltools.gnu-tools-for-stm32.11.3.rel1.linux64_1.1.100.202309141235/tools/bin/../lib/gcc/arm-none-eabi/11.3.1/../../../../arm-none-eabi/lib/thumb/v7e-m+fp/hard/libc_nano.a(libc_a-stdio.o)
                0x0000000008008bce                __sclose
 .text._vsnprintf_r
                0x0000000008008bd6       0x56 /opt/stm32cubeide/plugins/com.st.stm32cube.ide.mcu.externaltools.gnu-tools-for-stm32.11.3.rel1.linux64_1.1.100.202309141235/tools/bin/../lib/gcc/arm-none-eabi/11.3.1/../../../../arm-none-eabi/lib/thumb/v7e-m+fp/hard/libc_nano.a(libc_a-vsnprintf.o)
                0x0000000008008bd6                _vsnprintf_r
                0x0000000008008bd6                _vsniprintf_r
 .text.vsnprintf
                0x0000000008008c2c       0x1c /opt/stm32cubeide/plugins/com.st.stm32cube.ide.mcu.externaltools.gnu-tools-for-stm32.11.3.rel1.linux64_1.1.100.202309141235/tools/bin/../lib/gcc/arm-none-eabi/11.3.1/../../../../arm-none-eabi/lib/thumb/v7e-m+fp/hard/libc_nano.a(libc_a-vsnprintf.o)
                0x0000000008008c2c                vsnprintf
                0x0000000008008c2c                vsniprintf
 .text.memmove  0x0000000008008c48       0x34 /opt/stm32cubeide/plugins/com.st.stm32cube.ide.mcu.externaltools.gnu-tools-for-stm32.11.3.rel1.linux64_1.1.100.202309141235/tools/bin/../lib/gcc/arm-none-eabi/11.3.1/../../../../arm-none-eabi/lib/thumb/v7e-m+fp/hard/libc_nano.a(libc_a-memmove.o)
                0x0000000008008c48                memmove
 .text.memset   0x0000000008008c7c       0x10 /opt/stm32cubeide/plugins/com.st.stm32cube.ide.mcu.externaltools.gnu-tools-for-stm32.11.3.rel1.linux64_1.1.100.202309141235/tools/bin/../lib/gcc/arm-none-eabi/11.3.1/../../../../arm-none-eabi/lib/thumb/v7e-m+fp/hard/libc_nano.a(libc_a-memset.o)
                0x0000000008008c7c                memset
 .text.strncmp  0x0000000008008c8c       0x24 /opt/stm32cubeide/plugins/com.st.stm32cube.ide.mcu.externaltools.gnu-tools-for-stm32.11.3.rel1.linux64_1.1.100.202309141235/tools/bin/../lib/gcc/arm-none-eabi/11.3.1/../../../../arm-none-eabi/lib/thumb/v7e-m+fp/hard/libc_nano.a(libc_a-strncmp.o)
                0x0000000008008c8c                strncmp
 .text.strstr   0x0000000008008cb0       0x2c /opt/stm32cubeide/plugins/com.st.stm32cube.ide.mcu.externaltools.gnu-tools-for-stm32.11.3.rel1.linux64_1.1.100.202309141235/tools/bin/../lib/gcc/arm-none-eabi/11.3.1/../../../../arm-none-eabi/lib/thumb/v7e-m+fp/hard/libc_nano.a(libc_a-strstr.o)
                0x0000000008008cb0                strstr
 .text.stpcpy   0x0000000008008cdc       0x12 /opt/stm32cubeide/plugins/com.st.stm32cube.ide.mcu.externaltools.gnu-tools-for-stm32.11.3.rel1.linux64_1.1.100.202309141235/tools/bin/../lib/gcc/arm-none-eabi/11.3.1/../../../../arm-none-eabi/lib/thumb/v7e-m+fp/hard/libc_nano.a(libc_a-stpcpy.o)
                0x0000000008008cdc                stpcpy
 *fill*         0x0000000008008cee        0x2 
 .text._localeconv_r
                0x0000000008008cf0        0x8 /opt/stm32cubeide/plugins/com.st.stm32cube.ide.mcu.externaltools.gnu-tools-for-stm32.11.3.rel1.linux64_1.1.100.202309141235/tools/bin/../lib/gcc/arm-none-eabi/11.3.1/../../../../arm-none-eabi/lib/thumb/v7e-m+fp/hard/libc_nano.a(libc_a-localeconv.o)
                0x0000000008008cf0                _localeconv_r
 .text._close_r
                0x0000000008008cf8       0x20 /opt/stm32cubeide/plugins/com.st.stm32cube.ide.mcu.externaltools.gnu-tools-for-stm32.11.3.rel1.linux64_1.1.100.202309141235/tools/bin/../lib/gcc/arm-none-eabi/11.3.1/../../../../arm-none-eabi/lib/thumb/v7e-m+fp/hard/libc_nano.a(libc_a-closer.o)
                0x0000000008008cf8                _close_r
 .text._lseek_r
                0x0000000008008d18       0x24 /opt/stm32cubeide/plugins/com.st.stm32cube.ide.mcu.externaltools.gnu-tools-for-stm32.11.3.rel1.linux64_1.1.100.202309141235/tools/bin/../lib/gcc/arm-none-eabi/11.3.1/../../../../arm-none-eabi/lib/thumb/v7e-m+fp/hard/libc_nano.a(libc_a-lseekr.o)
                0x0000000008008d18                _lseek_r
 .text._read_r  0x0000000008008d3c       0x24 /opt/stm32cubeide/plugins/com.st.stm32cube.ide.mcu.externaltools.gnu-tools-for-stm32.11.3.rel1.linux64_1.1.100.202309141235/tools/bin/../lib/gcc/arm-none-eabi/11.3.1/../../../../arm-none-eabi/lib/thumb/v7e-m+fp/hard/libc_nano.a(libc_a-readr.o)
                0x0000000008008d3c                _read_r
 .text._write_r
                0x0000000008008d60       0x24 /opt/stm32cubeide/plugins/com.st.stm32cube.ide.mcu.externaltools.gnu-tools-for-stm32.11.3.rel1.linux64_1.1.100.202309141235/tools/bin/../lib/gcc/arm-none-eabi/11.3.1/../../../../arm-none-eabi/lib/thumb/v7e-m+fp/hard/libc_nano.a(libc_a-writer.o)
                0x0000000008008d60                _write_r
 .text.__errno  0x0000000008008d84        0xc /opt/stm32cubeide/plugins/com.st.stm32cube.ide.mcu.externaltools.gnu-tools-for-stm32.11.3.rel1.linux64_1.1.100.202309141235/tools/bin/../lib/gcc/arm-none-eabi/11.3.1/../../../../arm-none-eabi/lib/thumb/v7e-m+fp/hard/libc_nano.a(libc_a-errno.o)
                0x0000000008008d84                __errno
 .text.__libc_init_array
                0x0000000008008d90       0x48 /opt/stm32cubeide/plugins/com.st.stm32cube.ide.mcu.externaltools.gnu-tools-for-stm32.11.3.rel1.linux64_1.1.100.202309141235/tools/bin/../lib/gcc/arm-none-eabi/11.3.1/../../../../arm-none-eabi/lib/thumb/v7e-m+fp/hard/libc_nano.a(libc_a-init.o)
                0x0000000008008d90                __libc_init_array
 .text.__retarget_lock_init_recursive
                0x0000000008008dd8        0x2 /opt/stm32cubeide/plugins/com.st.stm32cube.ide.mcu.externaltools.gnu-tools-for-stm32.11.3.rel1.linux64_1.1.100.202309141235/tools/bin/../lib/gcc/arm-none-eabi/11.3.1/../../../../arm-none-eabi/lib/thumb/v7e-m+fp/hard/libc_nano.a(libc_a-lock.o)
                0x0000000008008dd8                __retarget_lock_init_recursive
 .text.__retarget_lock_acquire_recursive
                0x0000000008008dda        0x2 /opt/stm32cubeide/plugins/com.st.stm32cube.ide.mcu.externaltools.gnu-tools-for-stm32.11.3.rel1.linux64_1.1.100.202309141235/tools/bin/../lib/gcc/arm-none-eabi/11.3.1/../../../../arm-none-eabi/lib/thumb/v7e-m+fp/hard/libc_nano.a(libc_a-lock.o)
                0x0000000008008dda                __retarget_lock_acquire_recursive
 .text.__retarget_lock_release_recursive
                0x0000000008008ddc        0x2 /opt/stm32cubeide/plugins/com.st.stm32cube.ide.mcu.externaltools.gnu-tools-for-stm32.11.3.rel1.linux64_1.1.100.202309141235/tools/bin/../lib/gcc/arm-none-eabi/11.3.1/../../../../arm-none-eabi/lib/thumb/v7e-m+fp/hard/libc_nano.a(libc_a-lock.o)
                0x0000000008008ddc                __retarget_lock_release_recursive
 .text.memcpy   0x0000000008008dde       0x1c /opt/stm32cubeide/plugins/com.st.stm32cube.ide.mcu.externaltools.gnu-tools-for-stm32.11.3.rel1.linux64_1.1.100.202309141235/tools/bin/../lib/gcc/arm-none-eabi/11.3.1/../../../../arm-none-eabi/lib/thumb/v7e-m+fp/hard/libc_nano.a(libc_a-memcpy-stub.o)
                0x0000000008008dde                memcpy
 .text.quorem   0x0000000008008dfa      0x110 /opt/stm32cubeide/plugins/com.st.stm32cube.ide.mcu.externaltools.gnu-tools-for-stm32.11.3.rel1.linux64_1.1.100.202309141235/tools/bin/../lib/gcc/arm-none-eabi/11.3.1/../../../../arm-none-eabi/lib/thumb/v7e-m+fp/hard/libc_nano.a(libc_a-dtoa.o)
 *fill*         0x0000000008008f0a        0x6 
 .text._dtoa_r  0x0000000008008f10      0xbe4 /opt/stm32cubeide/plugins/com.st.stm32cube.ide.mcu.externaltools.gnu-tools-for-stm32.11.3.rel1.linux64_1.1.100.202309141235/tools/bin/../lib/gcc/arm-none-eabi/11.3.1/../../../../arm-none-eabi/lib/thumb/v7e-m+fp/hard/libc_nano.a(libc_a-dtoa.o)
                0x0000000008008f10                _dtoa_r
 .text._free_r  0x0000000008009af4       0x98 /opt/stm32cubeide/plugins/com.st.stm32cube.ide.mcu.externaltools.gnu-tools-for-stm32.11.3.rel1.linux64_1.1.100.202309141235/tools/bin/../lib/gcc/arm-none-eabi/11.3.1/../../../../arm-none-eabi/lib/thumb/v7e-m+fp/hard/libc_nano.a(libc_a-freer.o)
                0x0000000008009af4                _free_r
 .text.malloc   0x0000000008009b8c       0x10 /opt/stm32cubeide/plugins/com.st.stm32cube.ide.mcu.externaltools.gnu-tools-for-stm32.11.3.rel1.linux64_1.1.100.202309141235/tools/bin/../lib/gcc/arm-none-eabi/11.3.1/../../../../arm-none-eabi/lib/thumb/v7e-m+fp/hard/libc_nano.a(libc_a-malloc.o)
                0x0000000008009b8c                malloc
 .text.sbrk_aligned
                0x0000000008009b9c       0x40 /opt/stm32cubeide/plugins/com.st.stm32cube.ide.mcu.externaltools.gnu-tools-for-stm32.11.3.rel1.linux64_1.1.100.202309141235/tools/bin/../lib/gcc/arm-none-eabi/11.3.1/../../../../arm-none-eabi/lib/thumb/v7e-m+fp/hard/libc_nano.a(libc_a-mallocr.o)
 .text._malloc_r
                0x0000000008009bdc      0x100 /opt/stm32cubeide/plugins/com.st.stm32cube.ide.mcu.externaltools.gnu-tools-for-stm32.11.3.rel1.linux64_1.1.100.202309141235/tools/bin/../lib/gcc/arm-none-eabi/11.3.1/../../../../arm-none-eabi/lib/thumb/v7e-m+fp/hard/libc_nano.a(libc_a-mallocr.o)
                0x0000000008009bdc                _malloc_r
 .text.__malloc_lock
                0x0000000008009cdc        0xc /opt/stm32cubeide/plugins/com.st.stm32cube.ide.mcu.externaltools.gnu-tools-for-stm32.11.3.rel1.linux64_1.1.100.202309141235/tools/bin/../lib/gcc/arm-none-eabi/11.3.1/../../../../arm-none-eabi/lib/thumb/v7e-m+fp/hard/libc_nano.a(libc_a-mlock.o)
                0x0000000008009cdc                __malloc_lock
 .text.__malloc_unlock
                0x0000000008009ce8        0xc /opt/stm32cubeide/plugins/com.st.stm32cube.ide.mcu.externaltools.gnu-tools-for-stm32.11.3.rel1.linux64_1.1.100.202309141235/tools/bin/../lib/gcc/arm-none-eabi/11.3.1/../../../../arm-none-eabi/lib/thumb/v7e-m+fp/hard/libc_nano.a(libc_a-mlock.o)
                0x0000000008009ce8                __malloc_unlock
 .text._Balloc  0x0000000008009cf4       0x80 /opt/stm32cubeide/plugins/com.st.stm32cube.ide.mcu.externaltools.gnu-tools-for-stm32.11.3.rel1.linux64_1.1.100.202309141235/tools/bin/../lib/gcc/arm-none-eabi/11.3.1/../../../../arm-none-eabi/lib/thumb/v7e-m+fp/hard/libc_nano.a(libc_a-mprec.o)
                0x0000000008009cf4                _Balloc
 .text._Bfree   0x0000000008009d74       0x44 /opt/stm32cubeide/plugins/com.st.stm32cube.ide.mcu.externaltools.gnu-tools-for-stm32.11.3.rel1.linux64_1.1.100.202309141235/tools/bin/../lib/gcc/arm-none-eabi/11.3.1/../../../../arm-none-eabi/lib/thumb/v7e-m+fp/hard/libc_nano.a(libc_a-mprec.o)
                0x0000000008009d74                _Bfree
 .text.__multadd
                0x0000000008009db8       0x8c /opt/stm32cubeide/plugins/com.st.stm32cube.ide.mcu.externaltools.gnu-tools-for-stm32.11.3.rel1.linux64_1.1.100.202309141235/tools/bin/../lib/gcc/arm-none-eabi/11.3.1/../../../../arm-none-eabi/lib/thumb/v7e-m+fp/hard/libc_nano.a(libc_a-mprec.o)
                0x0000000008009db8                __multadd
 .text.__hi0bits
                0x0000000008009e44       0x40 /opt/stm32cubeide/plugins/com.st.stm32cube.ide.mcu.externaltools.gnu-tools-for-stm32.11.3.rel1.linux64_1.1.100.202309141235/tools/bin/../lib/gcc/arm-none-eabi/11.3.1/../../../../arm-none-eabi/lib/thumb/v7e-m+fp/hard/libc_nano.a(libc_a-mprec.o)
                0x0000000008009e44                __hi0bits
 .text.__lo0bits
                0x0000000008009e84       0x5a /opt/stm32cubeide/plugins/com.st.stm32cube.ide.mcu.externaltools.gnu-tools-for-stm32.11.3.rel1.linux64_1.1.100.202309141235/tools/bin/../lib/gcc/arm-none-eabi/11.3.1/../../../../arm-none-eabi/lib/thumb/v7e-m+fp/hard/libc_nano.a(libc_a-mprec.o)
                0x0000000008009e84                __lo0bits
 *fill*         0x0000000008009ede        0x2 
 .text.__i2b    0x0000000008009ee0       0x2c /opt/stm32cubeide/plugins/com.st.stm32cube.ide.mcu.externaltools.gnu-tools-for-stm32.11.3.rel1.linux64_1.1.100.202309141235/tools/bin/../lib/gcc/arm-none-eabi/11.3.1/../../../../arm-none-eabi/lib/thumb/v7e-m+fp/hard/libc_nano.a(libc_a-mprec.o)
                0x0000000008009ee0                __i2b
 .text.__multiply
                0x0000000008009f0c      0x154 /opt/stm32cubeide/plugins/com.st.stm32cube.ide.mcu.externaltools.gnu-tools-for-stm32.11.3.rel1.linux64_1.1.100.202309141235/tools/bin/../lib/gcc/arm-none-eabi/11.3.1/../../../../arm-none-eabi/lib/thumb/v7e-m+fp/hard/libc_nano.a(libc_a-mprec.o)
                0x0000000008009f0c                __multiply
 .text.__pow5mult
                0x000000000800a060       0xb4 /opt/stm32cubeide/plugins/com.st.stm32cube.ide.mcu.externaltools.gnu-tools-for-stm32.11.3.rel1.linux64_1.1.100.202309141235/tools/bin/../lib/gcc/arm-none-eabi/11.3.1/../../../../arm-none-eabi/lib/thumb/v7e-m+fp/hard/libc_nano.a(libc_a-mprec.o)
                0x000000000800a060                __pow5mult
 .text.__lshift
                0x000000000800a114       0xd8 /opt/stm32cubeide/plugins/com.st.stm32cube.ide.mcu.externaltools.gnu-tools-for-stm32.11.3.rel1.linux64_1.1.100.202309141235/tools/bin/../lib/gcc/arm-none-eabi/11.3.1/../../../../arm-none-eabi/lib/thumb/v7e-m+fp/hard/libc_nano.a(libc_a-mprec.o)
                0x000000000800a114                __lshift
 .text.__mcmp   0x000000000800a1ec       0x38 /opt/stm32cubeide/plugins/com.st.stm32cube.ide.mcu.externaltools.gnu-tools-for-stm32.11.3.rel1.linux64_1.1.100.202309141235/tools/bin/../lib/gcc/arm-none-eabi/11.3.1/../../../../arm-none-eabi/lib/thumb/v7e-m+fp/hard/libc_nano.a(libc_a-mprec.o)
                0x000000000800a1ec                __mcmp
 .text.__mdiff  0x000000000800a224      0x114 /opt/stm32cubeide/plugins/com.st.stm32cube.ide.mcu.externaltools.gnu-tools-for-stm32.11.3.rel1.linux64_1.1.100.202309141235/tools/bin/../lib/gcc/arm-none-eabi/11.3.1/../../../../arm-none-eabi/lib/thumb/v7e-m+fp/hard/libc_nano.a(libc_a-mprec.o)
                0x000000000800a224                __mdiff
 .text.__d2b    0x000000000800a338       0xb4 /opt/stm32cubeide/plugins/com.st.stm32cube.ide.mcu.externaltools.gnu-tools-for-stm32.11.3.rel1.linux64_1.1.100.202309141235/tools/bin/../lib/gcc/arm-none-eabi/11.3.1/../../../../arm-none-eabi/lib/thumb/v7e-m+fp/hard/libc_nano.a(libc_a-mprec.o)
                0x000000000800a338                __d2b
 .text.__ssputs_r
                0x000000000800a3ec       0xb4 /opt/stm32cubeide/plugins/com.st.stm32cube.ide.mcu.externaltools.gnu-tools-for-stm32.11.3.rel1.linux64_1.1.100.202309141235/tools/bin/../lib/gcc/arm-none-eabi/11.3.1/../../../../arm-none-eabi/lib/thumb/v7e-m+fp/hard/libc_nano.a(libc_a-nano-svfprintf.o)
                0x000000000800a3ec                __ssputs_r
 .text._svfprintf_r
                0x000000000800a4a0      0x1fc /opt/stm32cubeide/plugins/com.st.stm32cube.ide.mcu.externaltools.gnu-tools-for-stm32.11.3.rel1.linux64_1.1.100.202309141235/tools/bin/../lib/gcc/arm-none-eabi/11.3.1/../../../../arm-none-eabi/lib/thumb/v7e-m+fp/hard/libc_nano.a(libc_a-nano-svfprintf.o)
                0x000000000800a4a0                _svfprintf_r
                0x000000000800a4a0                _svfiprintf_r
 .text._sungetc_r
                0x000000000800a69c       0x7a /opt/stm32cubeide/plugins/com.st.stm32cube.ide.mcu.externaltools.gnu-tools-for-stm32.11.3.rel1.linux64_1.1.100.202309141235/tools/bin/../lib/gcc/arm-none-eabi/11.3.1/../../../../arm-none-eabi/lib/thumb/v7e-m+fp/hard/libc_nano.a(libc_a-nano-svfscanf.o)
                0x000000000800a69c                _sungetc_r
 .text.__ssrefill_r
                0x000000000800a716       0x3a /opt/stm32cubeide/plugins/com.st.stm32cube.ide.mcu.externaltools.gnu-tools-for-stm32.11.3.rel1.linux64_1.1.100.202309141235/tools/bin/../lib/gcc/arm-none-eabi/11.3.1/../../../../arm-none-eabi/lib/thumb/v7e-m+fp/hard/libc_nano.a(libc_a-nano-svfscanf.o)
                0x000000000800a716                __ssrefill_r
 .text.__ssvfscanf_r
                0x000000000800a750      0x2f0 /opt/stm32cubeide/plugins/com.st.stm32cube.ide.mcu.externaltools.gnu-tools-for-stm32.11.3.rel1.linux64_1.1.100.202309141235/tools/bin/../lib/gcc/arm-none-eabi/11.3.1/../../../../arm-none-eabi/lib/thumb/v7e-m+fp/hard/libc_nano.a(libc_a-nano-svfscanf.o)
                0x000000000800a750                __ssvfscanf_r
                0x000000000800a750                __ssvfiscanf_r
 .text._scanf_chars
                0x000000000800aa40       0xb4 /opt/stm32cubeide/plugins/com.st.stm32cube.ide.mcu.externaltools.gnu-tools-for-stm32.11.3.rel1.linux64_1.1.100.202309141235/tools/bin/../lib/gcc/arm-none-eabi/11.3.1/../../../../arm-none-eabi/lib/thumb/v7e-m+fp/hard/libc_nano.a(libc_a-nano-vfscanf_i.o)
                0x000000000800aa40                _scanf_chars
 .text._scanf_i
                0x000000000800aaf4      0x1e8 /opt/stm32cubeide/plugins/com.st.stm32cube.ide.mcu.externaltools.gnu-tools-for-stm32.11.3.rel1.linux64_1.1.100.202309141235/tools/bin/../lib/gcc/arm-none-eabi/11.3.1/../../../../arm-none-eabi/lib/thumb/v7e-m+fp/hard/libc_nano.a(libc_a-nano-vfscanf_i.o)
                0x000000000800aaf4                _scanf_i
 .text.__sflush_r
                0x000000000800acdc      0x10c /opt/stm32cubeide/plugins/com.st.stm32cube.ide.mcu.externaltools.gnu-tools-for-stm32.11.3.rel1.linux64_1.1.100.202309141235/tools/bin/../lib/gcc/arm-none-eabi/11.3.1/../../../../arm-none-eabi/lib/thumb/v7e-m+fp/hard/libc_nano.a(libc_a-fflush.o)
                0x000000000800acdc                __sflush_r
 .text._fflush_r
                0x000000000800ade8       0x50 /opt/stm32cubeide/plugins/com.st.stm32cube.ide.mcu.externaltools.gnu-tools-for-stm32.11.3.rel1.linux64_1.1.100.202309141235/tools/bin/../lib/gcc/arm-none-eabi/11.3.1/../../../../arm-none-eabi/lib/thumb/v7e-m+fp/hard/libc_nano.a(libc_a-fflush.o)
                0x000000000800ade8                _fflush_r
 .text.__sccl   0x000000000800ae38       0x72 /opt/stm32cubeide/plugins/com.st.stm32cube.ide.mcu.externaltools.gnu-tools-for-stm32.11.3.rel1.linux64_1.1.100.202309141235/tools/bin/../lib/gcc/arm-none-eabi/11.3.1/../../../../arm-none-eabi/lib/thumb/v7e-m+fp/hard/libc_nano.a(libc_a-sccl.o)
                0x000000000800ae38                __sccl
 .text.__submore
                0x000000000800aeaa       0x74 /opt/stm32cubeide/plugins/com.st.stm32cube.ide.mcu.externaltools.gnu-tools-for-stm32.11.3.rel1.linux64_1.1.100.202309141235/tools/bin/../lib/gcc/arm-none-eabi/11.3.1/../../../../arm-none-eabi/lib/thumb/v7e-m+fp/hard/libc_nano.a(libc_a-ungetc.o)
                0x000000000800aeaa                __submore
 *fill*         0x000000000800af1e        0x2 
 .text._sbrk_r  0x000000000800af20       0x20 /opt/stm32cubeide/plugins/com.st.stm32cube.ide.mcu.externaltools.gnu-tools-for-stm32.11.3.rel1.linux64_1.1.100.202309141235/tools/bin/../lib/gcc/arm-none-eabi/11.3.1/../../../../arm-none-eabi/lib/thumb/v7e-m+fp/hard/libc_nano.a(libc_a-sbrkr.o)
                0x000000000800af20                _sbrk_r
 .text.__assert_func
                0x000000000800af40       0x3c /opt/stm32cubeide/plugins/com.st.stm32cube.ide.mcu.externaltools.gnu-tools-for-stm32.11.3.rel1.linux64_1.1.100.202309141235/tools/bin/../lib/gcc/arm-none-eabi/11.3.1/../../../../arm-none-eabi/lib/thumb/v7e-m+fp/hard/libc_nano.a(libc_a-assert.o)
                0x000000000800af40                __assert_func
 .text._calloc_r
                0x000000000800af7c       0x2c /opt/stm32cubeide/plugins/com.st.stm32cube.ide.mcu.externaltools.gnu-tools-for-stm32.11.3.rel1.linux64_1.1.100.202309141235/tools/bin/../lib/gcc/arm-none-eabi/11.3.1/../../../../arm-none-eabi/lib/thumb/v7e-m+fp/hard/libc_nano.a(libc_a-callocr.o)
                0x000000000800af7c                _calloc_r
 .text.__ascii_mbtowc
                0x000000000800afa8       0x24 /opt/stm32cubeide/plugins/com.st.stm32cube.ide.mcu.externaltools.gnu-tools-for-stm32.11.3.rel1.linux64_1.1.100.202309141235/tools/bin/../lib/gcc/arm-none-eabi/11.3.1/../../../../arm-none-eabi/lib/thumb/v7e-m+fp/hard/libc_nano.a(libc_a-mbtowc_r.o)
                0x000000000800afa8                __ascii_mbtowc
 .text._realloc_r
                0x000000000800afcc       0x5e /opt/stm32cubeide/plugins/com.st.stm32cube.ide.mcu.externaltools.gnu-tools-for-stm32.11.3.rel1.linux64_1.1.100.202309141235/tools/bin/../lib/gcc/arm-none-eabi/11.3.1/../../../../arm-none-eabi/lib/thumb/v7e-m+fp/hard/libc_nano.a(libc_a-reallocr.o)
                0x000000000800afcc                _realloc_r
 *fill*         0x000000000800b02a        0x2 
 .text._strtol_l.constprop.0
                0x000000000800b02c      0x104 /opt/stm32cubeide/plugins/com.st.stm32cube.ide.mcu.externaltools.gnu-tools-for-stm32.11.3.rel1.linux64_1.1.100.202309141235/tools/bin/../lib/gcc/arm-none-eabi/11.3.1/../../../../arm-none-eabi/lib/thumb/v7e-m+fp/hard/libc_nano.a(libc_a-strtol.o)
 .text._strtol_r
                0x000000000800b130        0x4 /opt/stm32cubeide/plugins/com.st.stm32cube.ide.mcu.externaltools.gnu-tools-for-stm32.11.3.rel1.linux64_1.1.100.202309141235/tools/bin/../lib/gcc/arm-none-eabi/11.3.1/../../../../arm-none-eabi/lib/thumb/v7e-m+fp/hard/libc_nano.a(libc_a-strtol.o)
                0x000000000800b130                _strtol_r
 .text._strtoul_l.constprop.0
                0x000000000800b134       0xe4 /opt/stm32cubeide/plugins/com.st.stm32cube.ide.mcu.externaltools.gnu-tools-for-stm32.11.3.rel1.linux64_1.1.100.202309141235/tools/bin/../lib/gcc/arm-none-eabi/11.3.1/../../../../arm-none-eabi/lib/thumb/v7e-m+fp/hard/libc_nano.a(libc_a-strtoul.o)
 .text._strtoul_r
                0x000000000800b218        0x4 /opt/stm32cubeide/plugins/com.st.stm32cube.ide.mcu.externaltools.gnu-tools-for-stm32.11.3.rel1.linux64_1.1.100.202309141235/tools/bin/../lib/gcc/arm-none-eabi/11.3.1/../../../../arm-none-eabi/lib/thumb/v7e-m+fp/hard/libc_nano.a(libc_a-strtoul.o)
                0x000000000800b218                _strtoul_r
 .text.__ascii_wctomb
                0x000000000800b21c       0x1a /opt/stm32cubeide/plugins/com.st.stm32cube.ide.mcu.externaltools.gnu-tools-for-stm32.11.3.rel1.linux64_1.1.100.202309141235/tools/bin/../lib/gcc/arm-none-eabi/11.3.1/../../../../arm-none-eabi/lib/thumb/v7e-m+fp/hard/libc_nano.a(libc_a-wctomb_r.o)
                0x000000000800b21c                __ascii_wctomb
 *fill*         0x000000000800b236        0x2 
 .text.fprintf  0x000000000800b238       0x24 /opt/stm32cubeide/plugins/com.st.stm32cube.ide.mcu.externaltools.gnu-tools-for-stm32.11.3.rel1.linux64_1.1.100.202309141235/tools/bin/../lib/gcc/arm-none-eabi/11.3.1/../../../../arm-none-eabi/lib/thumb/v7e-m+fp/hard/libc_nano.a(libc_a-fprintf.o)
                0x000000000800b238                fprintf
                0x000000000800b238                fiprintf
 .text.abort    0x000000000800b25c        0xe /opt/stm32cubeide/plugins/com.st.stm32cube.ide.mcu.externaltools.gnu-tools-for-stm32.11.3.rel1.linux64_1.1.100.202309141235/tools/bin/../lib/gcc/arm-none-eabi/11.3.1/../../../../arm-none-eabi/lib/thumb/v7e-m+fp/hard/libc_nano.a(libc_a-abort.o)
                0x000000000800b25c                abort
 .text._malloc_usable_size_r
                0x000000000800b26a       0x10 /opt/stm32cubeide/plugins/com.st.stm32cube.ide.mcu.externaltools.gnu-tools-for-stm32.11.3.rel1.linux64_1.1.100.202309141235/tools/bin/../lib/gcc/arm-none-eabi/11.3.1/../../../../arm-none-eabi/lib/thumb/v7e-m+fp/hard/libc_nano.a(libc_a-msizer.o)
                0x000000000800b26a                _malloc_usable_size_r
 .text.__sfputc_r
                0x000000000800b27a       0x2e /opt/stm32cubeide/plugins/com.st.stm32cube.ide.mcu.externaltools.gnu-tools-for-stm32.11.3.rel1.linux64_1.1.100.202309141235/tools/bin/../lib/gcc/arm-none-eabi/11.3.1/../../../../arm-none-eabi/lib/thumb/v7e-m+fp/hard/libc_nano.a(libc_a-nano-vfprintf.o)
 .text.__sfputs_r
                0x000000000800b2a8       0x24 /opt/stm32cubeide/plugins/com.st.stm32cube.ide.mcu.externaltools.gnu-tools-for-stm32.11.3.rel1.linux64_1.1.100.202309141235/tools/bin/../lib/gcc/arm-none-eabi/11.3.1/../../../../arm-none-eabi/lib/thumb/v7e-m+fp/hard/libc_nano.a(libc_a-nano-vfprintf.o)
                0x000000000800b2a8                __sfputs_r
 .text._vfprintf_r
                0x000000000800b2cc      0x234 /opt/stm32cubeide/plugins/com.st.stm32cube.ide.mcu.externaltools.gnu-tools-for-stm32.11.3.rel1.linux64_1.1.100.202309141235/tools/bin/../lib/gcc/arm-none-eabi/11.3.1/../../../../arm-none-eabi/lib/thumb/v7e-m+fp/hard/libc_nano.a(libc_a-nano-vfprintf.o)
                0x000000000800b2cc                _vfiprintf_r
                0x000000000800b2cc                _vfprintf_r
 .text.__swbuf_r
                0x000000000800b500       0x7a /opt/stm32cubeide/plugins/com.st.stm32cube.ide.mcu.externaltools.gnu-tools-for-stm32.11.3.rel1.linux64_1.1.100.202309141235/tools/bin/../lib/gcc/arm-none-eabi/11.3.1/../../../../arm-none-eabi/lib/thumb/v7e-m+fp/hard/libc_nano.a(libc_a-wbuf.o)
                0x000000000800b500                __swbuf_r
 *fill*         0x000000000800b57a        0x2 
 .text.__swsetup_r
                0x000000000800b57c       0xb0 /opt/stm32cubeide/plugins/com.st.stm32cube.ide.mcu.externaltools.gnu-tools-for-stm32.11.3.rel1.linux64_1.1.100.202309141235/tools/bin/../lib/gcc/arm-none-eabi/11.3.1/../../../../arm-none-eabi/lib/thumb/v7e-m+fp/hard/libc_nano.a(libc_a-wsetup.o)
                0x000000000800b57c                __swsetup_r
 .text._raise_r
                0x000000000800b62c       0x50 /opt/stm32cubeide/plugins/com.st.stm32cube.ide.mcu.externaltools.gnu-tools-for-stm32.11.3.rel1.linux64_1.1.100.202309141235/tools/bin/../lib/gcc/arm-none-eabi/11.3.1/../../../../arm-none-eabi/lib/thumb/v7e-m+fp/hard/libc_nano.a(libc_a-signal.o)
                0x000000000800b62c                _raise_r
 .text.raise    0x000000000800b67c       0x10 /opt/stm32cubeide/plugins/com.st.stm32cube.ide.mcu.externaltools.gnu-tools-for-stm32.11.3.rel1.linux64_1.1.100.202309141235/tools/bin/../lib/gcc/arm-none-eabi/11.3.1/../../../../arm-none-eabi/lib/thumb/v7e-m+fp/hard/libc_nano.a(libc_a-signal.o)
                0x000000000800b67c                raise