../Libs/Rsa/Src/bignum.c:174:6:bn_div.part.0	448	static
../Libs/Rsa/Src/bignum.c:121:13:bn_inner_karatsuba	328	static
../Libs/Rsa/Src/bignum.c:14:6:bn_memset	0	static
../Libs/Rsa/Src/bignum.c:18:6:bn_init	0	static
../Libs/Rsa/Src/bignum.c:23:6:bn_assign	0	static
../Libs/Rsa/Src/bignum.c:29:6:bn_from_bytes	16	static
../Libs/Rsa/Src/bignum.c:44:6:bn_from_string	32	static
../Libs/Rsa/Src/bignum.c:59:6:bn_from_int	24	static
../Libs/Rsa/Src/bignum.c:68:6:bn_to_string	32	static
../Libs/Rsa/Src/bignum.c:82:6:bn_add	20	static
../Libs/Rsa/Src/bignum.c:91:6:bn_add_carry	20	static
../Libs/Rsa/Src/bignum.c:101:6:bn_sub	16	static
../Libs/Rsa/Src/bignum.c:116:6:bn_karatsuba	16	static
../Libs/Rsa/Src/bignum.c:174:6:bn_div	8	static
../Libs/Rsa/Src/bignum.c:222:6:bn_divmod	160	static
../Libs/Rsa/Src/bignum.c:213:6:bn_mod	144	static
../Libs/Rsa/Src/bignum.c:233:6:bn_or	28	static
../Libs/Rsa/Src/bignum.c:239:22:bn_cmp	4	static
../Libs/Rsa/Src/bignum.c:252:9:bn_is_zero	0	static
../Libs/Rsa/Src/bignum.c:276:8:bn_bitcount	0	static
