../Libs/Rsa/Src/bignum.c:249:6:bn_div.part.0	448	static
../Libs/Rsa/Src/bignum.c:189:13:bn_inner_karatsuba	328	static
../Libs/Rsa/Src/bignum.c:21:6:bn_fill	0	static
../Libs/Rsa/Src/bignum.c:30:6:bn_init	0	static
../Libs/Rsa/Src/bignum.c:42:6:bn_assign	0	static
../Libs/Rsa/Src/bignum.c:53:6:bn_from_bytes	16	static
../Libs/Rsa/Src/bignum.c:69:6:bn_from_string	32	static
../Libs/Rsa/Src/bignum.c:89:6:bn_from_int	24	static
../Libs/Rsa/Src/bignum.c:104:6:bn_to_string	24	static
../Libs/Rsa/Src/bignum.c:123:6:bn_add	20	static
../Libs/Rsa/Src/bignum.c:139:6:bn_add_carry	20	static
../Libs/Rsa/Src/bignum.c:156:6:bn_sub	16	static
../Libs/Rsa/Src/bignum.c:178:6:bn_karatsuba	16	static
../Libs/Rsa/Src/bignum.c:249:6:bn_div	8	static
../Libs/Rsa/Src/bignum.c:312:6:bn_divmod	160	static
../Libs/Rsa/Src/bignum.c:295:6:bn_mod	144	static
../Libs/Rsa/Src/bignum.c:330:6:bn_or	28	static
../Libs/Rsa/Src/bignum.c:343:22:bn_cmp	4	static
../Libs/Rsa/Src/bignum.c:362:9:bn_is_zero	0	static
../Libs/Rsa/Src/bignum.c:399:8:bn_bitcount	0	static
